Archive member included to satisfy reference by file (symbol)

c:/program files/microchip/xc32/v4.60/bin/bin/../../lib/gcc/pic32c/8.3.1/../../../../pic32c/lib/thumb/v6-m/nofp\libpic32c.a(data_init.o)
                              build/default/production/_ext/1171490990/startup_xc32.o (__pic32c_data_initialization)
c:/program files/microchip/xc32/v4.60/bin/bin/../../lib/gcc/pic32c/8.3.1/../../../../pic32c/lib/thumb/v6-m/nofp\libc-size-musl.a(memcpy.o)
                              build/default/production/_ext/1593096446/plib_nvmctrl.o (memcpy)
c:/program files/microchip/xc32/v4.60/bin/bin/../../lib/gcc/pic32c/8.3.1/../../../../pic32c/lib/thumb/v6-m/nofp\libc-musl.a(__libc_start_main.o)
                              build/default/production/_ext/1171490990/startup_xc32.o (__libc_init_array)
c:/program files/microchip/xc32/v4.60/bin/bin/../../lib/gcc/pic32c/8.3.1/../../../../pic32c/lib/thumb/v6-m/nofp\libc-musl.a(exit.o)
                              build/default/production/_ext/1360937237/gfx.o (exit)
c:/program files/microchip/xc32/v4.60/bin/bin/../../lib/gcc/pic32c/8.3.1/../../../../pic32c/lib/thumb/v6-m/nofp\libc-musl.a(libc.o)
                              c:/program files/microchip/xc32/v4.60/bin/bin/../../lib/gcc/pic32c/8.3.1/../../../../pic32c/lib/thumb/v6-m/nofp\libc-musl.a(__libc_start_main.o) (__progname_full)
c:/program files/microchip/xc32/v4.60/bin/bin/../../lib/gcc/pic32c/8.3.1/../../../../pic32c/lib/thumb/v6-m/nofp\libc-musl.a(__environ.o)
                              c:/program files/microchip/xc32/v4.60/bin/bin/../../lib/gcc/pic32c/8.3.1/../../../../pic32c/lib/thumb/v6-m/nofp\libc-musl.a(__libc_start_main.o) (__environ)
c:/program files/microchip/xc32/v4.60/bin/bin/../../lib/gcc/pic32c/8.3.1/../../../../pic32c/lib/thumb/v6-m/nofp\libc-musl.a(_Exit.o)
                              c:/program files/microchip/xc32/v4.60/bin/bin/../../lib/gcc/pic32c/8.3.1/../../../../pic32c/lib/thumb/v6-m/nofp\libc-musl.a(exit.o) (_Exit)
c:/program files/microchip/xc32/v4.60/bin/bin/../../lib/gcc/pic32c/8.3.1/thumb/v6-m/nofp\libgcc.a(_udivsi3.o)
                              build/default/production/_ext/17022449/plib_sercom0_spi_master.o (__aeabi_uidiv)
c:/program files/microchip/xc32/v4.60/bin/bin/../../lib/gcc/pic32c/8.3.1/thumb/v6-m/nofp\libgcc.a(_dvmd_tls.o)
                              c:/program files/microchip/xc32/v4.60/bin/bin/../../lib/gcc/pic32c/8.3.1/thumb/v6-m/nofp\libgcc.a(_udivsi3.o) (__aeabi_idiv0)
c:/program files/microchip/xc32/v4.60/bin/bin/../../lib/gcc/pic32c/8.3.1/../../../../pic32c/lib/thumb/v6-m/nofp\libpic32c.a(pic32_data_init_clear.o)
                              (__dinit_clear_needed)
c:/program files/microchip/xc32/v4.60/bin/bin/../../lib/gcc/pic32c/8.3.1/../../../../pic32c/lib/thumb/v6-m/nofp\libpic32c.a(pic32_data_init_copy.o)
                              (__dinit_copy_needed)

Microchip PIC32 Memory-Usage Report

ROM Program-Memory Usage
section                    address  length [bytes]      (dec)  Description
-------                 ----------  -------------------------  -----------
.vectors                         0           0xb0         176   
.text                         0xb0           0x20          32  App's exec code 
.text.fill_display            0xd0          0x178         376   
.text.SERCOM0_SPI_Inter      0x248          0x154         340   
.text.st7735s_init           0x39c          0x144         324   
.text.PORT_Initialize        0x4e0           0xb4         180   
.text.CLOCK_Initialize       0x594           0x9c         156   
.dinit                       0x630           0x70         112   
.text.NVIC_Initialize        0x6a0           0x5c          92   
.text.__libc_start_init      0x6fc           0x5c          92   
.text.TCC0_CompareIniti      0x758           0x58          88   
.text                        0x7b0           0x48          72  App's exec code 
.text.TC3_TimerInitiali      0x7f8           0x48          72   
.text.Reset_Handler          0x840           0x48          72   
.text.SERCOM0_SPI_Initi      0x888           0x38          56   
.text.__pic32c_data_ini      0x8c0           0x38          56   
.text.SYS_Initialize         0x8f8           0x2c          44   
.text.main                   0x924           0x2c          44   
.text.delay_ms               0x950           0x2c          44   
.text.TC3_TimerInterrup      0x97c           0x28          40   
.text.TCC0_InterruptHan      0x9a4           0x28          40   
.text.st7735s_power_off      0x9cc           0x24          36   
.text.st7735s_hardware_      0x9f0           0x20          32   
.text.__dinit_copy           0xa10           0x1e          30   
.text.NonMaskableInt_Ha      0xa2e            0x2           2   
.text.st7735s_power_on       0xa30           0x1c          28   
.text.TC3_TimerStart         0xa4c           0x18          24   
.text.TC3_TimerStop          0xa64           0x18          24   
[...]
Memory Configuration

Name             Origin             Length             Attributes
rom              0x0000000000000000 0x0000000000040000 xrl
ram              0x0000000020000000 0x0000000000008000 xw !r
config_00804000  0x0000000000804000 0x0000000000000004
config_00804004  0x0000000000804004 0x0000000000000004
*default*        0x0000000000000000 0xffffffffffffffff

Linker script and memory map

LOAD c:/program files/microchip/xc32/v4.60/bin/bin/../../lib/gcc/pic32c/8.3.1/thumb/v6-m/nofp/crti.o
LOAD c:/program files/microchip/xc32/v4.60/bin/bin/../../lib/gcc/pic32c/8.3.1/thumb/v6-m/nofp/crtbegin.o
LOAD build/default/production/_ext/1984496892/plib_clock.o
LOAD build/default/production/_ext/1986646378/plib_evsys.o
LOAD build/default/production/_ext/1865468468/plib_nvic.o
LOAD build/default/production/_ext/1593096446/plib_nvmctrl.o
LOAD build/default/production/_ext/1865521619/plib_port.o
LOAD build/default/production/_ext/17022449/plib_sercom0_spi_master.o
LOAD build/default/production/_ext/829342655/plib_tc3.o
LOAD build/default/production/_ext/60181570/plib_tcc0.o
LOAD build/default/production/_ext/163028504/xc32_monitor.o
LOAD build/default/production/_ext/1171490990/exceptions.o
LOAD build/default/production/_ext/1171490990/initialization.o
LOAD build/default/production/_ext/1171490990/startup_xc32.o
LOAD build/default/production/_ext/1171490990/interrupts.o
LOAD build/default/production/_ext/1171490990/libc_syscalls.o
LOAD build/default/production/_ext/1360937237/main.o
LOAD build/default/production/_ext/1360937237/st7735s.o
LOAD build/default/production/_ext/1360937237/delay.o
LOAD build/default/production/_ext/1360937237/gfx.o
LOAD build/default/production/_ext/1360937237/symbols.o
LOAD build/default/production/_ext/1360937237/font.o
                0x0000000000000001                __MPLAB_BUILD = 0x1
                0x0000000000040000                __rom_end = (ORIGIN (rom) + LENGTH (rom))
                0x0000000020008000                __ram_end = (ORIGIN (ram) + LENGTH (ram))

.config_00804000
 *(.config_00804000)

.config_00804004
 *(.config_00804004)

.vectors        0x0000000000000000       0xb0
                0x0000000000000000                . = ALIGN (0x4)
                0x0000000000000000                _sfixed = .
 *(.vectors .vectors.* .vectors_default .vectors_default.*)
 .vectors.exception_table
                0x0000000000000000       0xb0 build/default/production/_ext/1171490990/interrupts.o
                0x0000000000000000                exception_table
 *(.isr_vector)
 *(.reset*)
 *(.after_vectors)

.text           0x00000000000000b0       0x20
                0x00000000000000b0                . = ALIGN (0x4)
 *(.glue_7t)
 .glue_7t       0x00000000000000b0        0x0 linker stubs
 *(.glue_7)
 .glue_7        0x00000000000000b0        0x0 linker stubs
 *(.gnu.linkonce.r.*)
 *(.ARM.extab* .gnu.linkonce.armextab.*)
                0x00000000000000b0                . = ALIGN (0x4)
 *(.init)
 .init          0x00000000000000b0        0x4 c:/program files/microchip/xc32/v4.60/bin/bin/../../lib/gcc/pic32c/8.3.1/thumb/v6-m/nofp/crti.o
                0x00000000000000b0                _init
 .init          0x00000000000000b4        0x8 c:/program files/microchip/xc32/v4.60/bin/bin/../../lib/gcc/pic32c/8.3.1/thumb/v6-m/nofp/crtn.o
                0x00000000000000bc                . = ALIGN (0x4)
                0x00000000000000bc                __preinit_array_start = .
 *(.preinit_array)
                0x00000000000000bc                __preinit_array_end = .
                0x00000000000000bc                . = ALIGN (0x4)
                0x00000000000000bc                __init_array_start = .
 *(SORT_BY_NAME(.init_array.*))
 *(.init_array)
 .init_array    0x00000000000000bc        0x4 c:/program files/microchip/xc32/v4.60/bin/bin/../../lib/gcc/pic32c/8.3.1/thumb/v6-m/nofp/crtbegin.o
                0x00000000000000c0                __init_array_end = .
                0x00000000000000c0                . = ALIGN (0x4)
 *crtbegin.o(.ctors)
 *(EXCLUDE_FILE(*crtend.o) .ctors)
 *(SORT_BY_NAME(.ctors.*))
 *crtend.o(.ctors)
                0x00000000000000c0                . = ALIGN (0x4)
 *(.fini)
 .fini          0x00000000000000c0        0x4 c:/program files/microchip/xc32/v4.60/bin/bin/../../lib/gcc/pic32c/8.3.1/thumb/v6-m/nofp/crti.o
                0x00000000000000c0                _fini
 .fini          0x00000000000000c4        0x8 c:/program files/microchip/xc32/v4.60/bin/bin/../../lib/gcc/pic32c/8.3.1/thumb/v6-m/nofp/crtn.o
                0x00000000000000cc                . = ALIGN (0x4)
                0x00000000000000cc                __fini_array_start = .
 *(.fini_array)
 .fini_array    0x00000000000000cc        0x4 c:/program files/microchip/xc32/v4.60/bin/bin/../../lib/gcc/pic32c/8.3.1/thumb/v6-m/nofp/crtbegin.o
 *(SORT_BY_NAME(.fini_array.*))
                0x00000000000000d0                __fini_array_end = .
 *crtbegin.o(.dtors)
 *(EXCLUDE_FILE(*crtend.o) .dtors)
 *(SORT_BY_NAME(.dtors.*))
 *crtend.o(.dtors)
                0x00000000000000d0                . = ALIGN (0x4)
                0x00000000000000d0                _efixed = .
                [!provide]                        PROVIDE (__exidx_start = .)

.ARM.exidx
 *(.ARM.exidx* .gnu.linkonce.armexidx.*)
                [!provide]                        PROVIDE (__exidx_end = .)
                0x00000000000000d0                . = ALIGN (0x4)
                0x00000000000000d0                _etext = .

.bss            0x0000000020000000        0x0
                0x0000000020000000                . = ALIGN (0x4)
                0x0000000020000000                __bss_start__ = .
                0x0000000020000000                _sbss = .
                0x0000000020000000                _szero = .
 *(COMMON)
                0x0000000020000000                . = ALIGN (0x4)
                0x0000000020000000                __bss_end__ = .
                0x0000000020000000                _ebss = .
                0x0000000020000000                _ezero = .
                0x0000000020000000                . = ALIGN (0x4)
                0x0000000020000000                _end = .
                0x0000000020007fff                _ram_end_ = ((ORIGIN (ram) + LENGTH (ram)) - 0x1)
                0x0000000000000200                _min_heap_size = 0x200
START GROUP
LOAD c:/program files/microchip/xc32/v4.60/bin/bin/../../lib/gcc/pic32c/8.3.1/../../../../pic32c/lib/thumb/v6-m/nofp\libpic32c.a
LOAD c:/program files/microchip/xc32/v4.60/bin/bin/../../lib/gcc/pic32c/8.3.1/../../../../pic32c/lib/thumb/v6-m/nofp\libc-size-musl.a
LOAD c:/program files/microchip/xc32/v4.60/bin/bin/../../lib/gcc/pic32c/8.3.1/../../../../pic32c/lib/thumb/v6-m/nofp\liblmalloc-musl.a
LOAD c:/program files/microchip/xc32/v4.60/bin/bin/../../lib/gcc/pic32c/8.3.1/../../../../pic32c/lib/thumb/v6-m/nofp\libm-fast-emfloat.a
LOAD c:/program files/microchip/xc32/v4.60/bin/bin/../../lib/gcc/pic32c/8.3.1/../../../../pic32c/lib/thumb/v6-m/nofp\libm-musl.a
LOAD c:/program files/microchip/xc32/v4.60/bin/bin/../../lib/gcc/pic32c/8.3.1/../../../../pic32c/lib/thumb/v6-m/nofp\libc-musl.a
LOAD c:/program files/microchip/xc32/v4.60/bin/bin/../../lib/gcc/pic32c/8.3.1/../../../../pic32c/lib/thumb/v6-m/nofp\libm-fast-emfloat.a
LOAD c:/program files/microchip/xc32/v4.60/bin/bin/../../lib/gcc/pic32c/8.3.1/../../../../pic32c/lib/thumb/v6-m/nofp\libm-musl.a
LOAD c:/program files/microchip/xc32/v4.60/bin/bin/../../lib/gcc/pic32c/8.3.1/thumb/v6-m/nofp\libgcc.a
END GROUP
LOAD c:/program files/microchip/xc32/v4.60/bin/bin/../../lib/gcc/pic32c/8.3.1/thumb/v6-m/nofp/crtend.o
LOAD c:/program files/microchip/xc32/v4.60/bin/bin/../../lib/gcc/pic32c/8.3.1/thumb/v6-m/nofp/crtn.o
OUTPUT(dist/default/production/MPLABX.production.elf elf32-littlearm)
LOAD data_init
LOAD stack

.ARM.attributes
                0x0000000000000000       0x2c
 .ARM.attributes
                0x0000000000000000       0x1e c:/program files/microchip/xc32/v4.60/bin/bin/../../lib/gcc/pic32c/8.3.1/thumb/v6-m/nofp/crti.o
 .ARM.attributes
                0x000000000000001e       0x2c c:/program files/microchip/xc32/v4.60/bin/bin/../../lib/gcc/pic32c/8.3.1/thumb/v6-m/nofp/crtbegin.o
 .ARM.attributes
                0x000000000000004a       0x2c build/default/production/_ext/1984496892/plib_clock.o
 .ARM.attributes
                0x0000000000000076       0x2c build/default/production/_ext/1865468468/plib_nvic.o
 .ARM.attributes
                0x00000000000000a2       0x2c build/default/production/_ext/1593096446/plib_nvmctrl.o
 .ARM.attributes
                0x00000000000000ce       0x2c build/default/production/_ext/1865521619/plib_port.o
 .ARM.attributes
                0x00000000000000fa       0x2c build/default/production/_ext/17022449/plib_sercom0_spi_master.o
 .ARM.attributes
                0x0000000000000126       0x2c build/default/production/_ext/829342655/plib_tc3.o
 .ARM.attributes
                0x0000000000000152       0x2c build/default/production/_ext/60181570/plib_tcc0.o
 .ARM.attributes
                0x000000000000017e       0x2c build/default/production/_ext/1171490990/exceptions.o
 .ARM.attributes
                0x00000000000001aa       0x2c build/default/production/_ext/1171490990/initialization.o
 .ARM.attributes
                0x00000000000001d6       0x2c build/default/production/_ext/1171490990/startup_xc32.o
 .ARM.attributes
                0x0000000000000202       0x2c build/default/production/_ext/1171490990/interrupts.o
 .ARM.attributes
                0x000000000000022e       0x2c build/default/production/_ext/1360937237/main.o
 .ARM.attributes
                0x000000000000025a       0x2c build/default/production/_ext/1360937237/st7735s.o
 .ARM.attributes
                0x0000000000000286       0x2c build/default/production/_ext/1360937237/delay.o
 .ARM.attributes
                0x00000000000002b2       0x2c build/default/production/_ext/1360937237/gfx.o
 .ARM.attributes
                0x00000000000002de       0x2c c:/program files/microchip/xc32/v4.60/bin/bin/../../lib/gcc/pic32c/8.3.1/../../../../pic32c/lib/thumb/v6-m/nofp\libpic32c.a(data_init.o)
 .ARM.attributes
                0x000000000000030a       0x2e c:/program files/microchip/xc32/v4.60/bin/bin/../../lib/gcc/pic32c/8.3.1/../../../../pic32c/lib/thumb/v6-m/nofp\libc-musl.a(__libc_start_main.o)
 .ARM.attributes
                0x0000000000000338       0x2e c:/program files/microchip/xc32/v4.60/bin/bin/../../lib/gcc/pic32c/8.3.1/../../../../pic32c/lib/thumb/v6-m/nofp\libc-musl.a(libc.o)
 .ARM.attributes
                0x0000000000000366       0x2e c:/program files/microchip/xc32/v4.60/bin/bin/../../lib/gcc/pic32c/8.3.1/../../../../pic32c/lib/thumb/v6-m/nofp\libc-musl.a(__environ.o)
 .ARM.attributes
                0x0000000000000394       0x1e c:/program files/microchip/xc32/v4.60/bin/bin/../../lib/gcc/pic32c/8.3.1/thumb/v6-m/nofp/crtn.o
 .ARM.attributes
                0x00000000000003b2       0x2c c:/program files/microchip/xc32/v4.60/bin/bin/../../lib/gcc/pic32c/8.3.1/../../../../pic32c/lib/thumb/v6-m/nofp\libpic32c.a(pic32_data_init_clear.o)
 .ARM.attributes
                0x00000000000003de       0x2c c:/program files/microchip/xc32/v4.60/bin/bin/../../lib/gcc/pic32c/8.3.1/../../../../pic32c/lib/thumb/v6-m/nofp\libpic32c.a(pic32_data_init_copy.o)

.comment        0x0000000000000000       0x2b
 .comment       0x0000000000000000       0x2b c:/program files/microchip/xc32/v4.60/bin/bin/../../lib/gcc/pic32c/8.3.1/thumb/v6-m/nofp/crtbegin.o
                                         0x2c (size before relaxing)
 .comment       0x000000000000002b       0x2c build/default/production/_ext/1984496892/plib_clock.o
 .comment       0x000000000000002b       0x2c build/default/production/_ext/1865468468/plib_nvic.o
 .comment       0x000000000000002b       0x2c build/default/production/_ext/1593096446/plib_nvmctrl.o
 .comment       0x000000000000002b       0x2c build/default/production/_ext/1865521619/plib_port.o
 .comment       0x000000000000002b       0x2c build/default/production/_ext/17022449/plib_sercom0_spi_master.o
 .comment       0x000000000000002b       0x2c build/default/production/_ext/829342655/plib_tc3.o
 .comment       0x000000000000002b       0x2c build/default/production/_ext/60181570/plib_tcc0.o
 .comment       0x000000000000002b       0x2c build/default/production/_ext/1171490990/exceptions.o
 .comment       0x000000000000002b       0x2c build/default/production/_ext/1171490990/initialization.o
 .comment       0x000000000000002b       0x2c build/default/production/_ext/1171490990/startup_xc32.o
 .comment       0x000000000000002b       0x2c build/default/production/_ext/1171490990/interrupts.o
 .comment       0x000000000000002b       0x2c build/default/production/_ext/1360937237/main.o
 .comment       0x000000000000002b       0x2c build/default/production/_ext/1360937237/st7735s.o
 .comment       0x000000000000002b       0x2c build/default/production/_ext/1360937237/delay.o
 .comment       0x000000000000002b       0x2c build/default/production/_ext/1360937237/gfx.o
 .comment       0x000000000000002b       0x2c c:/program files/microchip/xc32/v4.60/bin/bin/../../lib/gcc/pic32c/8.3.1/../../../../pic32c/lib/thumb/v6-m/nofp\libpic32c.a(data_init.o)
 .comment       0x000000000000002b       0x2c c:/program files/microchip/xc32/v4.60/bin/bin/../../lib/gcc/pic32c/8.3.1/../../../../pic32c/lib/thumb/v6-m/nofp\libc-musl.a(__libc_start_main.o)
 .comment       0x000000000000002b       0x2c c:/program files/microchip/xc32/v4.60/bin/bin/../../lib/gcc/pic32c/8.3.1/../../../../pic32c/lib/thumb/v6-m/nofp\libc-musl.a(libc.o)
 .comment       0x000000000000002b       0x2c c:/program files/microchip/xc32/v4.60/bin/bin/../../lib/gcc/pic32c/8.3.1/../../../../pic32c/lib/thumb/v6-m/nofp\libc-musl.a(__environ.o)
 .comment       0x000000000000002b       0x2c c:/program files/microchip/xc32/v4.60/bin/bin/../../lib/gcc/pic32c/8.3.1/../../../../pic32c/lib/thumb/v6-m/nofp\libpic32c.a(pic32_data_init_clear.o)
 .comment       0x000000000000002b       0x2c c:/program files/microchip/xc32/v4.60/bin/bin/../../lib/gcc/pic32c/8.3.1/../../../../pic32c/lib/thumb/v6-m/nofp\libpic32c.a(pic32_data_init_copy.o)

.debug_info     0x0000000000000000     0x8759
 .debug_info    0x0000000000000000      0x5a1 build/default/production/_ext/1984496892/plib_clock.o
 .debug_info    0x00000000000005a1      0x692 build/default/production/_ext/1865468468/plib_nvic.o
 .debug_info    0x0000000000000c33      0x5a0 build/default/production/_ext/1593096446/plib_nvmctrl.o
 .debug_info    0x00000000000011d3      0x6e1 build/default/production/_ext/1865521619/plib_port.o
 .debug_info    0x00000000000018b4      0xf1a build/default/production/_ext/17022449/plib_sercom0_spi_master.o
 .debug_info    0x00000000000027ce      0x774 build/default/production/_ext/829342655/plib_tc3.o
 .debug_info    0x0000000000002f42      0x610 build/default/production/_ext/60181570/plib_tcc0.o
 .debug_info    0x0000000000003552       0xba build/default/production/_ext/1171490990/exceptions.o
 .debug_info    0x000000000000360c      0x2c5 build/default/production/_ext/1171490990/initialization.o
 .debug_info    0x00000000000038d1      0x205 build/default/production/_ext/1171490990/startup_xc32.o
 .debug_info    0x0000000000003ad6      0x3b2 build/default/production/_ext/1171490990/interrupts.o
 .debug_info    0x0000000000003e88      0x16c build/default/production/_ext/1360937237/main.o
 .debug_info    0x0000000000003ff4      0xda1 build/default/production/_ext/1360937237/st7735s.o
 .debug_info    0x0000000000004d95      0x180 build/default/production/_ext/1360937237/delay.o
 .debug_info    0x0000000000004f15     0x3155 build/default/production/_ext/1360937237/gfx.o
 .debug_info    0x000000000000806a       0x68 c:/program files/microchip/xc32/v4.60/bin/bin/../../lib/gcc/pic32c/8.3.1/../../../../pic32c/lib/thumb/v6-m/nofp\libpic32c.a(data_init.o)
 .debug_info    0x00000000000080d2      0x2fb c:/program files/microchip/xc32/v4.60/bin/bin/../../lib/gcc/pic32c/8.3.1/../../../../pic32c/lib/thumb/v6-m/nofp\libc-musl.a(__libc_start_main.o)
 .debug_info    0x00000000000083cd      0x276 c:/program files/microchip/xc32/v4.60/bin/bin/../../lib/gcc/pic32c/8.3.1/../../../../pic32c/lib/thumb/v6-m/nofp\libc-musl.a(libc.o)
 .debug_info    0x0000000000008643       0x97 c:/program files/microchip/xc32/v4.60/bin/bin/../../lib/gcc/pic32c/8.3.1/../../../../pic32c/lib/thumb/v6-m/nofp\libc-musl.a(__environ.o)
 .debug_info    0x00000000000086da       0x3f c:/program files/microchip/xc32/v4.60/bin/bin/../../lib/gcc/pic32c/8.3.1/../../../../pic32c/lib/thumb/v6-m/nofp\libpic32c.a(pic32_data_init_clear.o)
 .debug_info    0x0000000000008719       0x40 c:/program files/microchip/xc32/v4.60/bin/bin/../../lib/gcc/pic32c/8.3.1/../../../../pic32c/lib/thumb/v6-m/nofp\libpic32c.a(pic32_data_init_copy.o)

.debug_abbrev   0x0000000000000000     0x1854
 .debug_abbrev  0x0000000000000000      0x138 build/default/production/_ext/1984496892/plib_clock.o
 .debug_abbrev  0x0000000000000138      0x1ec build/default/production/_ext/1865468468/plib_nvic.o
 .debug_abbrev  0x0000000000000324      0x1a6 build/default/production/_ext/1593096446/plib_nvmctrl.o
 .debug_abbrev  0x00000000000004ca      0x1cd build/default/production/_ext/1865521619/plib_port.o
 .debug_abbrev  0x0000000000000697      0x276 build/default/production/_ext/17022449/plib_sercom0_spi_master.o
 .debug_abbrev  0x000000000000090d      0x1be build/default/production/_ext/829342655/plib_tc3.o
 .debug_abbrev  0x0000000000000acb      0x1b5 build/default/production/_ext/60181570/plib_tcc0.o
 .debug_abbrev  0x0000000000000c80       0x49 build/default/production/_ext/1171490990/exceptions.o
 .debug_abbrev  0x0000000000000cc9       0xf4 build/default/production/_ext/1171490990/initialization.o
 .debug_abbrev  0x0000000000000dbd      0x118 build/default/production/_ext/1171490990/startup_xc32.o
 .debug_abbrev  0x0000000000000ed5       0xc0 build/default/production/_ext/1171490990/interrupts.o
 .debug_abbrev  0x0000000000000f95       0x91 build/default/production/_ext/1360937237/main.o
 .debug_abbrev  0x0000000000001026      0x16d build/default/production/_ext/1360937237/st7735s.o
 .debug_abbrev  0x0000000000001193       0xef build/default/production/_ext/1360937237/delay.o
 .debug_abbrev  0x0000000000001282      0x2c9 build/default/production/_ext/1360937237/gfx.o
 .debug_abbrev  0x000000000000154b       0x44 c:/program files/microchip/xc32/v4.60/bin/bin/../../lib/gcc/pic32c/8.3.1/../../../../pic32c/lib/thumb/v6-m/nofp\libpic32c.a(data_init.o)
 .debug_abbrev  0x000000000000158f      0x133 c:/program files/microchip/xc32/v4.60/bin/bin/../../lib/gcc/pic32c/8.3.1/../../../../pic32c/lib/thumb/v6-m/nofp\libc-musl.a(__libc_start_main.o)
 .debug_abbrev  0x00000000000016c2       0xd4 c:/program files/microchip/xc32/v4.60/bin/bin/../../lib/gcc/pic32c/8.3.1/../../../../pic32c/lib/thumb/v6-m/nofp\libc-musl.a(libc.o)
 .debug_abbrev  0x0000000000001796       0x62 c:/program files/microchip/xc32/v4.60/bin/bin/../../lib/gcc/pic32c/8.3.1/../../../../pic32c/lib/thumb/v6-m/nofp\libc-musl.a(__environ.o)
 .debug_abbrev  0x00000000000017f8       0x2e c:/program files/microchip/xc32/v4.60/bin/bin/../../lib/gcc/pic32c/8.3.1/../../../../pic32c/lib/thumb/v6-m/nofp\libpic32c.a(pic32_data_init_clear.o)
 .debug_abbrev  0x0000000000001826       0x2e c:/program files/microchip/xc32/v4.60/bin/bin/../../lib/gcc/pic32c/8.3.1/../../../../pic32c/lib/thumb/v6-m/nofp\libpic32c.a(pic32_data_init_copy.o)

.debug_loc      0x0000000000000000     0x3d3c
 .debug_loc     0x0000000000000000       0x31 build/default/production/_ext/1984496892/plib_clock.o
 .debug_loc     0x0000000000000031       0xf4 build/default/production/_ext/1865468468/plib_nvic.o
 .debug_loc     0x0000000000000125      0x42e build/default/production/_ext/1593096446/plib_nvmctrl.o
 .debug_loc     0x0000000000000553      0x246 build/default/production/_ext/1865521619/plib_port.o
 .debug_loc     0x0000000000000799      0x68a build/default/production/_ext/17022449/plib_sercom0_spi_master.o
 .debug_loc     0x0000000000000e23       0x6f build/default/production/_ext/829342655/plib_tc3.o
 .debug_loc     0x0000000000000e92      0x140 build/default/production/_ext/60181570/plib_tcc0.o
 .debug_loc     0x0000000000000fd2       0x45 build/default/production/_ext/1171490990/initialization.o
 .debug_loc     0x0000000000001017       0x20 build/default/production/_ext/1171490990/startup_xc32.o
 .debug_loc     0x0000000000001037       0x20 build/default/production/_ext/1360937237/main.o
 .debug_loc     0x0000000000001057      0x134 build/default/production/_ext/1360937237/st7735s.o
 .debug_loc     0x000000000000118b       0x5f build/default/production/_ext/1360937237/delay.o
 .debug_loc     0x00000000000011ea     0x2acc build/default/production/_ext/1360937237/gfx.o
 .debug_loc     0x0000000000003cb6       0x14 c:/program files/microchip/xc32/v4.60/bin/bin/../../lib/gcc/pic32c/8.3.1/../../../../pic32c/lib/thumb/v6-m/nofp\libpic32c.a(data_init.o)
 .debug_loc     0x0000000000003cca       0x5e c:/program files/microchip/xc32/v4.60/bin/bin/../../lib/gcc/pic32c/8.3.1/../../../../pic32c/lib/thumb/v6-m/nofp\libc-musl.a(__libc_start_main.o)
 .debug_loc     0x0000000000003d28       0x14 c:/program files/microchip/xc32/v4.60/bin/bin/../../lib/gcc/pic32c/8.3.1/../../../../pic32c/lib/thumb/v6-m/nofp\libpic32c.a(pic32_data_init_copy.o)

.debug_aranges  0x0000000000000000      0x4e0
 .debug_aranges
                0x0000000000000000       0x20 build/default/production/_ext/1984496892/plib_clock.o
 .debug_aranges
                0x0000000000000020       0x38 build/default/production/_ext/1865468468/plib_nvic.o
 .debug_aranges
                0x0000000000000058       0x88 build/default/production/_ext/1593096446/plib_nvmctrl.o
 .debug_aranges
                0x00000000000000e0       0x70 build/default/production/_ext/1865521619/plib_port.o
 .debug_aranges
                0x0000000000000150       0x60 build/default/production/_ext/17022449/plib_sercom0_spi_master.o
 .debug_aranges
                0x00000000000001b0       0x70 build/default/production/_ext/829342655/plib_tc3.o
 .debug_aranges
                0x0000000000000220       0x78 build/default/production/_ext/60181570/plib_tcc0.o
 .debug_aranges
                0x0000000000000298       0x28 build/default/production/_ext/1171490990/exceptions.o
 .debug_aranges
                0x00000000000002c0       0x20 build/default/production/_ext/1171490990/initialization.o
 .debug_aranges
                0x00000000000002e0       0x28 build/default/production/_ext/1171490990/startup_xc32.o
 .debug_aranges
                0x0000000000000308       0x20 build/default/production/_ext/1171490990/interrupts.o
 .debug_aranges
                0x0000000000000328       0x20 build/default/production/_ext/1360937237/main.o
 .debug_aranges
                0x0000000000000348       0x38 build/default/production/_ext/1360937237/st7735s.o
 .debug_aranges
                0x0000000000000380       0x28 build/default/production/_ext/1360937237/delay.o
 .debug_aranges
                0x00000000000003a8       0x70 build/default/production/_ext/1360937237/gfx.o
 .debug_aranges
                0x0000000000000418       0x30 c:/program files/microchip/xc32/v4.60/bin/bin/../../lib/gcc/pic32c/8.3.1/../../../../pic32c/lib/thumb/v6-m/nofp\libpic32c.a(data_init.o)
 .debug_aranges
                0x0000000000000448       0x28 c:/program files/microchip/xc32/v4.60/bin/bin/../../lib/gcc/pic32c/8.3.1/../../../../pic32c/lib/thumb/v6-m/nofp\libc-musl.a(__libc_start_main.o)
 .debug_aranges
                0x0000000000000470       0x18 c:/program files/microchip/xc32/v4.60/bin/bin/../../lib/gcc/pic32c/8.3.1/../../../../pic32c/lib/thumb/v6-m/nofp\libc-musl.a(libc.o)
 .debug_aranges
                0x0000000000000488       0x18 c:/program files/microchip/xc32/v4.60/bin/bin/../../lib/gcc/pic32c/8.3.1/../../../../pic32c/lib/thumb/v6-m/nofp\libc-musl.a(__environ.o)
 .debug_aranges
                0x00000000000004a0       0x20 c:/program files/microchip/xc32/v4.60/bin/bin/../../lib/gcc/pic32c/8.3.1/../../../../pic32c/lib/thumb/v6-m/nofp\libpic32c.a(pic32_data_init_clear.o)
 .debug_aranges
                0x00000000000004c0       0x20 c:/program files/microchip/xc32/v4.60/bin/bin/../../lib/gcc/pic32c/8.3.1/../../../../pic32c/lib/thumb/v6-m/nofp\libpic32c.a(pic32_data_init_copy.o)

.debug_ranges   0x0000000000000000      0x9f8
 .debug_ranges  0x0000000000000000       0x28 build/default/production/_ext/1984496892/plib_clock.o
 .debug_ranges  0x0000000000000028       0x28 build/default/production/_ext/1865468468/plib_nvic.o
 .debug_ranges  0x0000000000000050       0x78 build/default/production/_ext/1593096446/plib_nvmctrl.o
 .debug_ranges  0x00000000000000c8       0x60 build/default/production/_ext/1865521619/plib_port.o
 .debug_ranges  0x0000000000000128       0x68 build/default/production/_ext/17022449/plib_sercom0_spi_master.o
 .debug_ranges  0x0000000000000190       0x60 build/default/production/_ext/829342655/plib_tc3.o
 .debug_ranges  0x00000000000001f0       0x68 build/default/production/_ext/60181570/plib_tcc0.o
 .debug_ranges  0x0000000000000258       0x18 build/default/production/_ext/1171490990/exceptions.o
 .debug_ranges  0x0000000000000270       0x10 build/default/production/_ext/1171490990/initialization.o
 .debug_ranges  0x0000000000000280       0x18 build/default/production/_ext/1171490990/startup_xc32.o
 .debug_ranges  0x0000000000000298       0x10 build/default/production/_ext/1171490990/interrupts.o
 .debug_ranges  0x00000000000002a8       0x10 build/default/production/_ext/1360937237/main.o
 .debug_ranges  0x00000000000002b8       0x28 build/default/production/_ext/1360937237/st7735s.o
 .debug_ranges  0x00000000000002e0       0x18 build/default/production/_ext/1360937237/delay.o
 .debug_ranges  0x00000000000002f8      0x690 build/default/production/_ext/1360937237/gfx.o
 .debug_ranges  0x0000000000000988       0x20 c:/program files/microchip/xc32/v4.60/bin/bin/../../lib/gcc/pic32c/8.3.1/../../../../pic32c/lib/thumb/v6-m/nofp\libpic32c.a(data_init.o)
 .debug_ranges  0x00000000000009a8       0x30 c:/program files/microchip/xc32/v4.60/bin/bin/../../lib/gcc/pic32c/8.3.1/../../../../pic32c/lib/thumb/v6-m/nofp\libc-musl.a(__libc_start_main.o)
 .debug_ranges  0x00000000000009d8       0x10 c:/program files/microchip/xc32/v4.60/bin/bin/../../lib/gcc/pic32c/8.3.1/../../../../pic32c/lib/thumb/v6-m/nofp\libpic32c.a(pic32_data_init_clear.o)
 .debug_ranges  0x00000000000009e8       0x10 c:/program files/microchip/xc32/v4.60/bin/bin/../../lib/gcc/pic32c/8.3.1/../../../../pic32c/lib/thumb/v6-m/nofp\libpic32c.a(pic32_data_init_copy.o)

.debug_line     0x0000000000000000     0x40d9
 .debug_line    0x0000000000000000      0x1dc build/default/production/_ext/1984496892/plib_clock.o
 .debug_line    0x00000000000001dc      0x326 build/default/production/_ext/1865468468/plib_nvic.o
 .debug_line    0x0000000000000502      0x39d build/default/production/_ext/1593096446/plib_nvmctrl.o
 .debug_line    0x000000000000089f      0x38a build/default/production/_ext/1865521619/plib_port.o
 .debug_line    0x0000000000000c29      0x773 build/default/production/_ext/17022449/plib_sercom0_spi_master.o
 .debug_line    0x000000000000139c      0x328 build/default/production/_ext/829342655/plib_tc3.o
 .debug_line    0x00000000000016c4      0x3c6 build/default/production/_ext/60181570/plib_tcc0.o
 .debug_line    0x0000000000001a8a       0x6e build/default/production/_ext/1171490990/exceptions.o
 .debug_line    0x0000000000001af8      0x287 build/default/production/_ext/1171490990/initialization.o
 .debug_line    0x0000000000001d7f      0x157 build/default/production/_ext/1171490990/startup_xc32.o
 .debug_line    0x0000000000001ed6       0xba build/default/production/_ext/1171490990/interrupts.o
 .debug_line    0x0000000000001f90      0x114 build/default/production/_ext/1360937237/main.o
 .debug_line    0x00000000000020a4      0x234 build/default/production/_ext/1360937237/st7735s.o
 .debug_line    0x00000000000022d8      0x12e build/default/production/_ext/1360937237/delay.o
 .debug_line    0x0000000000002406     0x17cb build/default/production/_ext/1360937237/gfx.o
 .debug_line    0x0000000000003bd1       0xa5 c:/program files/microchip/xc32/v4.60/bin/bin/../../lib/gcc/pic32c/8.3.1/../../../../pic32c/lib/thumb/v6-m/nofp\libpic32c.a(data_init.o)
 .debug_line    0x0000000000003c76      0x1bc c:/program files/microchip/xc32/v4.60/bin/bin/../../lib/gcc/pic32c/8.3.1/../../../../pic32c/lib/thumb/v6-m/nofp\libc-musl.a(__libc_start_main.o)
 .debug_line    0x0000000000003e32       0xb5 c:/program files/microchip/xc32/v4.60/bin/bin/../../lib/gcc/pic32c/8.3.1/../../../../pic32c/lib/thumb/v6-m/nofp\libc-musl.a(libc.o)
 .debug_line    0x0000000000003ee7       0xfb c:/program files/microchip/xc32/v4.60/bin/bin/../../lib/gcc/pic32c/8.3.1/../../../../pic32c/lib/thumb/v6-m/nofp\libc-musl.a(__environ.o)
 .debug_line    0x0000000000003fe2       0x6f c:/program files/microchip/xc32/v4.60/bin/bin/../../lib/gcc/pic32c/8.3.1/../../../../pic32c/lib/thumb/v6-m/nofp\libpic32c.a(pic32_data_init_clear.o)
 .debug_line    0x0000000000004051       0x88 c:/program files/microchip/xc32/v4.60/bin/bin/../../lib/gcc/pic32c/8.3.1/../../../../pic32c/lib/thumb/v6-m/nofp\libpic32c.a(pic32_data_init_copy.o)

.debug_str      0x0000000000000000     0x5cda
 .debug_str     0x0000000000000000      0x59c build/default/production/_ext/1984496892/plib_clock.o
 .debug_str     0x000000000000059c      0x570 build/default/production/_ext/1865468468/plib_nvic.o
 .debug_str     0x0000000000000b0c      0x514 build/default/production/_ext/1593096446/plib_nvmctrl.o
 .debug_str     0x0000000000001020      0x844 build/default/production/_ext/1865521619/plib_port.o
 .debug_str     0x0000000000001864      0x7fa build/default/production/_ext/17022449/plib_sercom0_spi_master.o
 .debug_str     0x000000000000205e      0x586 build/default/production/_ext/829342655/plib_tc3.o
 .debug_str     0x00000000000025e4      0x670 build/default/production/_ext/60181570/plib_tcc0.o
 .debug_str     0x0000000000002c54      0x2b7 build/default/production/_ext/1171490990/exceptions.o
 .debug_str     0x0000000000002f0b      0x411 build/default/production/_ext/1171490990/initialization.o
 .debug_str     0x000000000000331c      0x323 build/default/production/_ext/1171490990/startup_xc32.o
 .debug_str     0x000000000000363f      0x5b5 build/default/production/_ext/1171490990/interrupts.o
 .debug_str     0x0000000000003bf4      0x2e6 build/default/production/_ext/1360937237/main.o
 .debug_str     0x0000000000003eda      0x595 build/default/production/_ext/1360937237/st7735s.o
 .debug_str     0x000000000000446f      0x315 build/default/production/_ext/1360937237/delay.o
 .debug_str     0x0000000000004784      0x67e build/default/production/_ext/1360937237/gfx.o
 .debug_str     0x0000000000004e02      0x1fc c:/program files/microchip/xc32/v4.60/bin/bin/../../lib/gcc/pic32c/8.3.1/../../../../pic32c/lib/thumb/v6-m/nofp\libpic32c.a(data_init.o)
 .debug_str     0x0000000000004ffe      0x3ca c:/program files/microchip/xc32/v4.60/bin/bin/../../lib/gcc/pic32c/8.3.1/../../../../pic32c/lib/thumb/v6-m/nofp\libc-musl.a(__libc_start_main.o)
 .debug_str     0x00000000000053c8      0x335 c:/program files/microchip/xc32/v4.60/bin/bin/../../lib/gcc/pic32c/8.3.1/../../../../pic32c/lib/thumb/v6-m/nofp\libc-musl.a(libc.o)
 .debug_str     0x00000000000056fd      0x235 c:/program files/microchip/xc32/v4.60/bin/bin/../../lib/gcc/pic32c/8.3.1/../../../../pic32c/lib/thumb/v6-m/nofp\libc-musl.a(__environ.o)
 .debug_str     0x0000000000005932      0x1d5 c:/program files/microchip/xc32/v4.60/bin/bin/../../lib/gcc/pic32c/8.3.1/../../../../pic32c/lib/thumb/v6-m/nofp\libpic32c.a(pic32_data_init_clear.o)
 .debug_str     0x0000000000005b07      0x1d3 c:/program files/microchip/xc32/v4.60/bin/bin/../../lib/gcc/pic32c/8.3.1/../../../../pic32c/lib/thumb/v6-m/nofp\libpic32c.a(pic32_data_init_copy.o)

.debug_frame    0x0000000000000000      0x8c0
 .debug_frame   0x0000000000000000       0x20 build/default/production/_ext/1984496892/plib_clock.o
 .debug_frame   0x0000000000000020       0x50 build/default/production/_ext/1865468468/plib_nvic.o
 .debug_frame   0x0000000000000070      0x108 build/default/production/_ext/1593096446/plib_nvmctrl.o
 .debug_frame   0x0000000000000178       0xd4 build/default/production/_ext/1865521619/plib_port.o
 .debug_frame   0x000000000000024c       0xd4 build/default/production/_ext/17022449/plib_sercom0_spi_master.o
 .debug_frame   0x0000000000000320       0xc8 build/default/production/_ext/829342655/plib_tc3.o
 .debug_frame   0x00000000000003e8       0xd8 build/default/production/_ext/60181570/plib_tcc0.o
 .debug_frame   0x00000000000004c0       0x30 build/default/production/_ext/1171490990/exceptions.o
 .debug_frame   0x00000000000004f0       0x28 build/default/production/_ext/1171490990/initialization.o
 .debug_frame   0x0000000000000518       0x38 build/default/production/_ext/1171490990/startup_xc32.o
 .debug_frame   0x0000000000000550       0x20 build/default/production/_ext/1171490990/interrupts.o
 .debug_frame   0x0000000000000570       0x28 build/default/production/_ext/1360937237/main.o
 .debug_frame   0x0000000000000598       0x7c build/default/production/_ext/1360937237/st7735s.o
 .debug_frame   0x0000000000000614       0x38 build/default/production/_ext/1360937237/delay.o
 .debug_frame   0x000000000000064c      0x1ac build/default/production/_ext/1360937237/gfx.o
 .debug_frame   0x00000000000007f8       0x48 c:/program files/microchip/xc32/v4.60/bin/bin/../../lib/gcc/pic32c/8.3.1/../../../../pic32c/lib/thumb/v6-m/nofp\libpic32c.a(data_init.o)
 .debug_frame   0x0000000000000840       0x38 c:/program files/microchip/xc32/v4.60/bin/bin/../../lib/gcc/pic32c/8.3.1/../../../../pic32c/lib/thumb/v6-m/nofp\libc-musl.a(__libc_start_main.o)
 .debug_frame   0x0000000000000878       0x20 c:/program files/microchip/xc32/v4.60/bin/bin/../../lib/gcc/pic32c/8.3.1/../../../../pic32c/lib/thumb/v6-m/nofp\libpic32c.a(pic32_data_init_clear.o)
 .debug_frame   0x0000000000000898       0x28 c:/program files/microchip/xc32/v4.60/bin/bin/../../lib/gcc/pic32c/8.3.1/../../../../pic32c/lib/thumb/v6-m/nofp\libpic32c.a(pic32_data_init_copy.o)

.note.GNU-stack
                0x0000000000000000        0x0
 .note.GNU-stack
                0x0000000000000000        0x0 c:/program files/microchip/xc32/v4.60/bin/bin/../../lib/gcc/pic32c/8.3.1/../../../../pic32c/lib/thumb/v6-m/nofp\libc-musl.a(__libc_start_main.o)
 .note.GNU-stack
                0x0000000000000000        0x0 c:/program files/microchip/xc32/v4.60/bin/bin/../../lib/gcc/pic32c/8.3.1/../../../../pic32c/lib/thumb/v6-m/nofp\libc-musl.a(libc.o)
 .note.GNU-stack
                0x0000000000000000        0x0 c:/program files/microchip/xc32/v4.60/bin/bin/../../lib/gcc/pic32c/8.3.1/../../../../pic32c/lib/thumb/v6-m/nofp\libc-musl.a(__environ.o)

.stack          0x00000000200002d0      0x100
 .stack         0x00000000200002d0      0x100 stack

.bss%1          0x0000000020000000       0x50
 .bss           0x0000000020000000       0x50 c:/program files/microchip/xc32/v4.60/bin/bin/../../lib/gcc/pic32c/8.3.1/../../../../pic32c/lib/thumb/v6-m/nofp\libc-musl.a(libc.o)
                0x0000000020000000                __progname_full
                0x0000000020000000                program_invocation_name
                0x0000000020000004                program_invocation_short_name
                0x0000000020000004                __progname
                0x0000000020000008                __sysinfo
                0x000000002000000c                __hwcap
                0x0000000020000010                __libc

.bss.sercom0SPIObj%2
                0x0000000020000050       0x2c
 .bss.sercom0SPIObj
                0x0000000020000050       0x2c build/default/production/_ext/17022449/plib_sercom0_spi_master.o

.bss%3          0x000000002000007c       0x1c
 .bss           0x000000002000007c       0x1c c:/program files/microchip/xc32/v4.60/bin/bin/../../lib/gcc/pic32c/8.3.1/thumb/v6-m/nofp/crtbegin.o

.bss.TC3_CallbackObject%4
                0x0000000020000098        0x8
 .bss.TC3_CallbackObject
                0x0000000020000098        0x8 build/default/production/_ext/829342655/plib_tc3.o

.bss.TCC0_CallbackObject%5
                0x00000000200000a0        0x8
 .bss.TCC0_CallbackObject
                0x00000000200000a0        0x8 build/default/production/_ext/60181570/plib_tcc0.o

.bss%6          0x00000000200000a8        0x4
 .bss           0x00000000200000a8        0x4 c:/program files/microchip/xc32/v4.60/bin/bin/../../lib/gcc/pic32c/8.3.1/../../../../pic32c/lib/thumb/v6-m/nofp\libpic32c.a(data_init.o)

.bss%7          0x00000000200000ac        0x4
 .bss           0x00000000200000ac        0x4 c:/program files/microchip/xc32/v4.60/bin/bin/../../lib/gcc/pic32c/8.3.1/../../../../pic32c/lib/thumb/v6-m/nofp\libc-musl.a(__environ.o)
                0x00000000200000ac                __environ
                0x00000000200000ac                environ
                0x00000000200000ac                ___environ
                0x00000000200000ac                _environ

.bss.isLastByteTransferInProgress.5578%8
                0x00000000200000b0        0x1
 .bss.isLastByteTransferInProgress.5578
                0x00000000200000b0        0x1 build/default/production/_ext/17022449/plib_sercom0_spi_master.o

.bss.delayDone%9
                0x00000000200000b1        0x1
 .bss.delayDone
                0x00000000200000b1        0x1 build/default/production/_ext/1360937237/delay.o
                0x00000000200000b1                delayDone

.eh_frame%z1    0x0000000000000000        0x0
 .eh_frame      0x0000000000000000        0x0 c:/program files/microchip/xc32/v4.60/bin/bin/../../lib/gcc/pic32c/8.3.1/thumb/v6-m/nofp/crtbegin.o

.config_00804000.__config_00804000%10
                0x0000000000804000        0x4
 .config_00804000.__config_00804000
                0x0000000000804000        0x4 build/default/production/_ext/1171490990/initialization.o
                0x0000000000804000                __config_00804000

.config_00804004.__config_00804004%11
                0x0000000000804004        0x4
 .config_00804004.__config_00804004
                0x0000000000804004        0x4 build/default/production/_ext/1171490990/initialization.o
                0x0000000000804004                __config_00804004

.text.fill_display%12
                0x00000000000000d0      0x178
 .text.fill_display
                0x00000000000000d0      0x178 build/default/production/_ext/1360937237/gfx.o
                0x00000000000000d0                fill_display

.text.SERCOM0_SPI_InterruptHandler%13
                0x0000000000000248      0x154
 .text.SERCOM0_SPI_InterruptHandler
                0x0000000000000248      0x154 build/default/production/_ext/17022449/plib_sercom0_spi_master.o
                0x0000000000000248                SERCOM0_SPI_InterruptHandler

.text.st7735s_init%14
                0x000000000000039c      0x144
 .text.st7735s_init
                0x000000000000039c      0x144 build/default/production/_ext/1360937237/st7735s.o
                0x000000000000039c                st7735s_init

.text.PORT_Initialize%15
                0x00000000000004e0       0xb4
 .text.PORT_Initialize
                0x00000000000004e0       0xb4 build/default/production/_ext/1865521619/plib_port.o
                0x00000000000004e0                PORT_Initialize

.text.CLOCK_Initialize%16
                0x0000000000000594       0x9c
 .text.CLOCK_Initialize
                0x0000000000000594       0x9c build/default/production/_ext/1984496892/plib_clock.o
                0x0000000000000594                CLOCK_Initialize

.dinit%17       0x0000000000000630       0x70
 .dinit         0x0000000000000630       0x70 data_init

.text.NVIC_Initialize%18
                0x00000000000006a0       0x5c
 .text.NVIC_Initialize
                0x00000000000006a0       0x5c build/default/production/_ext/1865468468/plib_nvic.o
                0x00000000000006a0                NVIC_Initialize

.text.__libc_start_init%19
                0x00000000000006fc       0x5c
 .text.__libc_start_init
                0x00000000000006fc       0x5c c:/program files/microchip/xc32/v4.60/bin/bin/../../lib/gcc/pic32c/8.3.1/../../../../pic32c/lib/thumb/v6-m/nofp\libc-musl.a(__libc_start_main.o)
                0x00000000000006fc                __libc_init_array

.text.TCC0_CompareInitialize%20
                0x0000000000000758       0x58
 .text.TCC0_CompareInitialize
                0x0000000000000758       0x58 build/default/production/_ext/60181570/plib_tcc0.o
                0x0000000000000758                TCC0_CompareInitialize

.text%21        0x00000000000007b0       0x48
 .text          0x00000000000007b0       0x48 c:/program files/microchip/xc32/v4.60/bin/bin/../../lib/gcc/pic32c/8.3.1/thumb/v6-m/nofp/crtbegin.o

.text.TC3_TimerInitialize%22
                0x00000000000007f8       0x48
 .text.TC3_TimerInitialize
                0x00000000000007f8       0x48 build/default/production/_ext/829342655/plib_tc3.o
                0x00000000000007f8                TC3_TimerInitialize

.text.Reset_Handler%23
                0x0000000000000840       0x48
 .text.Reset_Handler
                0x0000000000000840       0x48 build/default/production/_ext/1171490990/startup_xc32.o
                0x0000000000000840                Reset_Handler

.text.SERCOM0_SPI_Initialize%24
                0x0000000000000888       0x38
 .text.SERCOM0_SPI_Initialize
                0x0000000000000888       0x38 build/default/production/_ext/17022449/plib_sercom0_spi_master.o
                0x0000000000000888                SERCOM0_SPI_Initialize

.text.__pic32c_data_initialization%25
                0x00000000000008c0       0x38
 .text.__pic32c_data_initialization
                0x00000000000008c0       0x38 c:/program files/microchip/xc32/v4.60/bin/bin/../../lib/gcc/pic32c/8.3.1/../../../../pic32c/lib/thumb/v6-m/nofp\libpic32c.a(data_init.o)
                0x00000000000008c0                __pic32c_data_initialization

.text.SYS_Initialize%26
                0x00000000000008f8       0x2c
 .text.SYS_Initialize
                0x00000000000008f8       0x2c build/default/production/_ext/1171490990/initialization.o
                0x00000000000008f8                SYS_Initialize

.text.main%27   0x0000000000000924       0x2c
 .text.main     0x0000000000000924       0x2c build/default/production/_ext/1360937237/main.o
                0x0000000000000924                main

.text.delay_ms%28
                0x0000000000000950       0x2c
 .text.delay_ms
                0x0000000000000950       0x2c build/default/production/_ext/1360937237/delay.o
                0x0000000000000950                delay_ms

.text.TC3_TimerInterruptHandler%29
                0x000000000000097c       0x28
 .text.TC3_TimerInterruptHandler
                0x000000000000097c       0x28 build/default/production/_ext/829342655/plib_tc3.o
                0x000000000000097c                TC3_TimerInterruptHandler

.text.TCC0_InterruptHandler%30
                0x00000000000009a4       0x28
 .text.TCC0_InterruptHandler
                0x00000000000009a4       0x28 build/default/production/_ext/60181570/plib_tcc0.o
                0x00000000000009a4                TCC0_InterruptHandler

.text.st7735s_power_off%31
                0x00000000000009cc       0x24
 .text.st7735s_power_off
                0x00000000000009cc       0x24 build/default/production/_ext/1360937237/st7735s.o
                0x00000000000009cc                st7735s_power_off

.text.st7735s_hardware_reset%32
                0x00000000000009f0       0x20
 .text.st7735s_hardware_reset
                0x00000000000009f0       0x20 build/default/production/_ext/1360937237/st7735s.o
                0x00000000000009f0                st7735s_hardware_reset

.text.__dinit_copy%33
                0x0000000000000a10       0x1e
 .text.__dinit_copy
                0x0000000000000a10       0x1e c:/program files/microchip/xc32/v4.60/bin/bin/../../lib/gcc/pic32c/8.3.1/../../../../pic32c/lib/thumb/v6-m/nofp\libpic32c.a(pic32_data_init_copy.o)
                0x0000000000000a10                __dinit_copy_needed
                0x0000000000000a10                __dinit_copy

.text.st7735s_power_on%34
                0x0000000000000a30       0x1c
 .text.st7735s_power_on
                0x0000000000000a30       0x1c build/default/production/_ext/1360937237/st7735s.o
                0x0000000000000a30                st7735s_power_on

.text.TC3_TimerStart%35
                0x0000000000000a4c       0x18
 .text.TC3_TimerStart
                0x0000000000000a4c       0x18 build/default/production/_ext/829342655/plib_tc3.o
                0x0000000000000a4c                TC3_TimerStart

.text.TC3_TimerStop%36
                0x0000000000000a64       0x18
 .text.TC3_TimerStop
                0x0000000000000a64       0x18 build/default/production/_ext/829342655/plib_tc3.o
                0x0000000000000a64                TC3_TimerStop

.rodata%37      0x0000000000000a7c       0x14
 .rodata        0x0000000000000a7c       0x14 c:/program files/microchip/xc32/v4.60/bin/bin/../../lib/gcc/pic32c/8.3.1/../../../../pic32c/lib/thumb/v6-m/nofp\libpic32c.a(data_init.o)

.text.__dinit_clear%38
                0x0000000000000a90       0x12
 .text.__dinit_clear
                0x0000000000000a90       0x12 c:/program files/microchip/xc32/v4.60/bin/bin/../../lib/gcc/pic32c/8.3.1/../../../../pic32c/lib/thumb/v6-m/nofp\libpic32c.a(pic32_data_init_clear.o)
                0x0000000000000a90                __dinit_clear
                0x0000000000000a90                __dinit_clear_needed

.text.NVMCTRL_Initialize%39
                0x0000000000000aa4        0xc
 .text.NVMCTRL_Initialize
                0x0000000000000aa4        0xc build/default/production/_ext/1593096446/plib_nvmctrl.o
                0x0000000000000aa4                NVMCTRL_Initialize

.text.TC3_TimerCallbackRegister%40
                0x0000000000000ab0        0xc
 .text.TC3_TimerCallbackRegister
                0x0000000000000ab0        0xc build/default/production/_ext/829342655/plib_tc3.o
                0x0000000000000ab0                TC3_TimerCallbackRegister

.text.TC3_Callback_InterruptHandler%41
                0x0000000000000abc        0xc
 .text.TC3_Callback_InterruptHandler
                0x0000000000000abc        0xc build/default/production/_ext/1360937237/delay.o
                0x0000000000000abc                TC3_Callback_InterruptHandler

.text.__dummy_decompress%42
                0x0000000000000ac8        0x4
 .text.__dummy_decompress
                0x0000000000000ac8        0x4 c:/program files/microchip/xc32/v4.60/bin/bin/../../lib/gcc/pic32c/8.3.1/../../../../pic32c/lib/thumb/v6-m/nofp\libpic32c.a(data_init.o)
                0x0000000000000ac8                __dinit_decompress
                0x0000000000000ac8                __dinit_copy_val_data
                0x0000000000000ac8                __dinit_copy_emb

.text.NonMaskableInt_Handler%43
                0x0000000000000a2e        0x2
 .text.NonMaskableInt_Handler
                0x0000000000000a2e        0x2 build/default/production/_ext/1171490990/exceptions.o
                0x0000000000000a2e                NonMaskableInt_Handler

.text.HardFault_Handler%44
                0x0000000000000aa2        0x2
 .text.HardFault_Handler
                0x0000000000000aa2        0x2 build/default/production/_ext/1171490990/exceptions.o
                0x0000000000000aa2                HardFault_Handler

.text.Dummy_App_Func%45
                0x0000000000000acc        0x2
 .text.Dummy_App_Func
                0x0000000000000acc        0x2 build/default/production/_ext/1171490990/startup_xc32.o
                0x0000000000000acc                _on_reset
                0x0000000000000acc                _on_bootstrap
                0x0000000000000acc                __xc32_on_reset
                0x0000000000000acc                Dummy_App_Func
                0x0000000000000acc                __xc32_on_bootstrap

.text.Dummy_Handler%46
                0x0000000000000ace        0x2
 .text.Dummy_Handler
                0x0000000000000ace        0x2 build/default/production/_ext/1171490990/interrupts.o
                0x0000000000000ace                SVCall_Handler
                0x0000000000000ace                DMAC_Handler
                0x0000000000000ace                AC_Handler
                0x0000000000000ace                SysTick_Handler
                0x0000000000000ace                PendSV_Handler
                0x0000000000000ace                TC7_Handler
                0x0000000000000ace                SERCOM1_Handler
                0x0000000000000ace                ADC_Handler
                0x0000000000000ace                TCC1_Handler
                0x0000000000000ace                SERCOM2_Handler
                0x0000000000000ace                RTC_Handler
                0x0000000000000ace                EIC_Handler
                0x0000000000000ace                TC6_Handler
                0x0000000000000ace                WDT_Handler
                0x0000000000000ace                TC4_Handler
                0x0000000000000ace                USB_Handler
                0x0000000000000ace                Dummy_Handler
                0x0000000000000ace                PM_Handler
                0x0000000000000ace                SERCOM5_Handler
                0x0000000000000ace                TCC2_Handler
                0x0000000000000ace                EVSYS_Handler
                0x0000000000000ace                SERCOM3_Handler
                0x0000000000000ace                SERCOM4_Handler
                0x0000000000000ace                I2S_Handler
                0x0000000000000ace                NVMCTRL_Handler
                0x0000000000000ace                DAC_Handler
                0x0000000000000ace                PTC_Handler
                0x0000000000000ace                TC5_Handler
                0x0000000000000ace                SYSCTRL_Handler

.text.__dummy_init_tls%47
                0x0000000000000ad0        0x2
 .text.__dummy_init_tls
                0x0000000000000ad0        0x2 c:/program files/microchip/xc32/v4.60/bin/bin/../../lib/gcc/pic32c/8.3.1/../../../../pic32c/lib/thumb/v6-m/nofp\libpic32c.a(data_init.o)
                0x0000000000000ad0                xc32_init_tls

.text.__dummy%48
                0x0000000000000ad2        0x2
 .text.__dummy  0x0000000000000ad2        0x2 c:/program files/microchip/xc32/v4.60/bin/bin/../../lib/gcc/pic32c/8.3.1/../../../../pic32c/lib/thumb/v6-m/nofp\libc-musl.a(__libc_start_main.o)
                0x0000000000000ad2                __init_stdio
                0x0000000000000ad2                __init_host
