Archive member included to satisfy reference by file (symbol)

c:/program files/microchip/xc32/v4.60/bin/bin/../../lib/gcc/pic32c/8.3.1/../../../../pic32c/lib/thumb/v6-m/nofp\libpic32c.a(data_init.o)
                              build/default/debug/_ext/1171490990/startup_xc32.o (__pic32c_data_initialization)
c:/program files/microchip/xc32/v4.60/bin/bin/../../lib/gcc/pic32c/8.3.1/../../../../pic32c/lib/thumb/v6-m/nofp\libc-size-musl.a(memcpy.o)
                              build/default/debug/_ext/1593096446/plib_nvmctrl.o (memcpy)
c:/program files/microchip/xc32/v4.60/bin/bin/../../lib/gcc/pic32c/8.3.1/../../../../pic32c/lib/thumb/v6-m/nofp\libg-musl.a(__libc_start_main.o)
                              build/default/debug/_ext/1171490990/startup_xc32.o (__libc_init_array)
c:/program files/microchip/xc32/v4.60/bin/bin/../../lib/gcc/pic32c/8.3.1/../../../../pic32c/lib/thumb/v6-m/nofp\libg-musl.a(exit.o)
                              build/default/debug/_ext/1360937237/gfx.o (exit)
c:/program files/microchip/xc32/v4.60/bin/bin/../../lib/gcc/pic32c/8.3.1/../../../../pic32c/lib/thumb/v6-m/nofp\libg-musl.a(libc.o)
                              c:/program files/microchip/xc32/v4.60/bin/bin/../../lib/gcc/pic32c/8.3.1/../../../../pic32c/lib/thumb/v6-m/nofp\libg-musl.a(__libc_start_main.o) (__progname_full)
c:/program files/microchip/xc32/v4.60/bin/bin/../../lib/gcc/pic32c/8.3.1/../../../../pic32c/lib/thumb/v6-m/nofp\libg-musl.a(__environ.o)
                              c:/program files/microchip/xc32/v4.60/bin/bin/../../lib/gcc/pic32c/8.3.1/../../../../pic32c/lib/thumb/v6-m/nofp\libg-musl.a(__libc_start_main.o) (__environ)
c:/program files/microchip/xc32/v4.60/bin/bin/../../lib/gcc/pic32c/8.3.1/../../../../pic32c/lib/thumb/v6-m/nofp\libg-musl.a(_Exit.o)
                              c:/program files/microchip/xc32/v4.60/bin/bin/../../lib/gcc/pic32c/8.3.1/../../../../pic32c/lib/thumb/v6-m/nofp\libg-musl.a(exit.o) (_Exit)
c:/program files/microchip/xc32/v4.60/bin/bin/../../lib/gcc/pic32c/8.3.1/thumb/v6-m/nofp\libgcc.a(_udivsi3.o)
                              build/default/debug/_ext/17022449/plib_sercom0_spi_master.o (__aeabi_uidiv)
c:/program files/microchip/xc32/v4.60/bin/bin/../../lib/gcc/pic32c/8.3.1/thumb/v6-m/nofp\libgcc.a(_dvmd_tls.o)
                              c:/program files/microchip/xc32/v4.60/bin/bin/../../lib/gcc/pic32c/8.3.1/thumb/v6-m/nofp\libgcc.a(_udivsi3.o) (__aeabi_idiv0)
c:/program files/microchip/xc32/v4.60/bin/bin/../../lib/gcc/pic32c/8.3.1/../../../../pic32c/lib/thumb/v6-m/nofp\libpic32c.a(pic32_data_init_clear.o)
                              (__dinit_clear_needed)
c:/program files/microchip/xc32/v4.60/bin/bin/../../lib/gcc/pic32c/8.3.1/../../../../pic32c/lib/thumb/v6-m/nofp\libpic32c.a(pic32_data_init_copy.o)
                              (__dinit_copy_needed)

Microchip PIC32 Memory-Usage Report

ROM Program-Memory Usage
section                    address  length [bytes]      (dec)  Description
-------                 ----------  -------------------------  -----------
.vectors                         0           0xb0         176   
.text                         0xb0           0x20          32  App's exec code 
.text.draw_char_transp        0xd0          0x290         656   
.text.draw_char              0x360          0x25c         604   
.dinit                       0x5bc          0x1f0         496   
.text.fill_display           0x7ac          0x178         376   
.text.SERCOM0_SPI_Inter      0x924          0x154         340   
.text.st7735s_init           0xa78          0x144         324   
.text.PORT_Initialize        0xbbc           0xb4         180   
.text.CLOCK_Initialize       0xc70           0x9c         156   
.text.draw_string            0xd0c           0x60          96   
.text.NVIC_Initialize        0xd6c           0x5c          92   
.text.__libc_start_init      0xdc8           0x5c          92   
.text.TCC0_CompareIniti      0xe24           0x58          88   
.text                        0xe7c           0x48          72  App's exec code 
.text.TC3_TimerInitiali      0xec4           0x48          72   
.text.Reset_Handler          0xf0c           0x48          72   
.text.main                   0xf54           0x48          72   
.text.SERCOM0_SPI_Initi      0xf9c           0x38          56   
.text.__pic32c_data_ini      0xfd4           0x38          56   
.text.SYS_Initialize        0x100c           0x2c          44   
.text.delay_ms              0x1038           0x2c          44   
.text.TC3_TimerInterrup     0x1064           0x28          40   
.text.TCC0_InterruptHan     0x108c           0x28          40   
.text.st7735s_power_off     0x10b4           0x24          36   
.text.st7735s_hardware_     0x10d8           0x20          32   
.text.libc_exit_fini        0x10f8           0x20          32   
.text.__dinit_copy          0x1118           0x1e          30   
.text.Dummy_App_Func        0x1136            0x2           2   
[...]
Memory Configuration

Name             Origin             Length             Attributes
rom              0x0000000000000000 0x0000000000040000 xrl
ram              0x0000000020000000 0x0000000000008000 xw !r
config_00804000  0x0000000000804000 0x0000000000000004
config_00804004  0x0000000000804004 0x0000000000000004
*default*        0x0000000000000000 0xffffffffffffffff

Linker script and memory map

LOAD c:/program files/microchip/xc32/v4.60/bin/bin/../../lib/gcc/pic32c/8.3.1/thumb/v6-m/nofp/crti.o
LOAD c:/program files/microchip/xc32/v4.60/bin/bin/../../lib/gcc/pic32c/8.3.1/thumb/v6-m/nofp/crtbegin.o
LOAD build/default/debug/_ext/1984496892/plib_clock.o
LOAD build/default/debug/_ext/1986646378/plib_evsys.o
LOAD build/default/debug/_ext/1865468468/plib_nvic.o
LOAD build/default/debug/_ext/1593096446/plib_nvmctrl.o
LOAD build/default/debug/_ext/1865521619/plib_port.o
LOAD build/default/debug/_ext/17022449/plib_sercom0_spi_master.o
LOAD build/default/debug/_ext/829342655/plib_tc3.o
LOAD build/default/debug/_ext/60181570/plib_tcc0.o
LOAD build/default/debug/_ext/163028504/xc32_monitor.o
LOAD build/default/debug/_ext/1171490990/exceptions.o
LOAD build/default/debug/_ext/1171490990/initialization.o
LOAD build/default/debug/_ext/1171490990/startup_xc32.o
LOAD build/default/debug/_ext/1171490990/interrupts.o
LOAD build/default/debug/_ext/1171490990/libc_syscalls.o
LOAD build/default/debug/_ext/1360937237/main.o
LOAD build/default/debug/_ext/1360937237/st7735s.o
LOAD build/default/debug/_ext/1360937237/delay.o
LOAD build/default/debug/_ext/1360937237/gfx.o
LOAD build/default/debug/_ext/1360937237/symbols.o
LOAD build/default/debug/_ext/1360937237/font.o
                0x0000000000000001                __MPLAB_BUILD = 0x1
                0x0000000000040000                __rom_end = (ORIGIN (rom) + LENGTH (rom))
                0x0000000020008000                __ram_end = (ORIGIN (ram) + LENGTH (ram))

.config_00804000
 *(.config_00804000)

.config_00804004
 *(.config_00804004)

.vectors        0x0000000000000000       0xb0
                0x0000000000000000                . = ALIGN (0x4)
                0x0000000000000000                _sfixed = .
 *(.vectors .vectors.* .vectors_default .vectors_default.*)
 .vectors.exception_table
                0x0000000000000000       0xb0 build/default/debug/_ext/1171490990/interrupts.o
                0x0000000000000000                exception_table
 *(.isr_vector)
 *(.reset*)
 *(.after_vectors)

.text           0x00000000000000b0       0x20
                0x00000000000000b0                . = ALIGN (0x4)
 *(.glue_7t)
 .glue_7t       0x00000000000000b0        0x0 linker stubs
 *(.glue_7)
 .glue_7        0x00000000000000b0        0x0 linker stubs
 *(.gnu.linkonce.r.*)
 *(.ARM.extab* .gnu.linkonce.armextab.*)
                0x00000000000000b0                . = ALIGN (0x4)
 *(.init)
 .init          0x00000000000000b0        0x4 c:/program files/microchip/xc32/v4.60/bin/bin/../../lib/gcc/pic32c/8.3.1/thumb/v6-m/nofp/crti.o
                0x00000000000000b0                _init
 .init          0x00000000000000b4        0x8 c:/program files/microchip/xc32/v4.60/bin/bin/../../lib/gcc/pic32c/8.3.1/thumb/v6-m/nofp/crtn.o
                0x00000000000000bc                . = ALIGN (0x4)
                0x00000000000000bc                __preinit_array_start = .
 *(.preinit_array)
                0x00000000000000bc                __preinit_array_end = .
                0x00000000000000bc                . = ALIGN (0x4)
                0x00000000000000bc                __init_array_start = .
 *(SORT_BY_NAME(.init_array.*))
 *(.init_array)
 .init_array    0x00000000000000bc        0x4 c:/program files/microchip/xc32/v4.60/bin/bin/../../lib/gcc/pic32c/8.3.1/thumb/v6-m/nofp/crtbegin.o
                0x00000000000000c0                __init_array_end = .
                0x00000000000000c0                . = ALIGN (0x4)
 *crtbegin.o(.ctors)
 *(EXCLUDE_FILE(*crtend.o) .ctors)
 *(SORT_BY_NAME(.ctors.*))
 *crtend.o(.ctors)
                0x00000000000000c0                . = ALIGN (0x4)
 *(.fini)
 .fini          0x00000000000000c0        0x4 c:/program files/microchip/xc32/v4.60/bin/bin/../../lib/gcc/pic32c/8.3.1/thumb/v6-m/nofp/crti.o
                0x00000000000000c0                _fini
 .fini          0x00000000000000c4        0x8 c:/program files/microchip/xc32/v4.60/bin/bin/../../lib/gcc/pic32c/8.3.1/thumb/v6-m/nofp/crtn.o
                0x00000000000000cc                . = ALIGN (0x4)
                0x00000000000000cc                __fini_array_start = .
 *(.fini_array)
 .fini_array    0x00000000000000cc        0x4 c:/program files/microchip/xc32/v4.60/bin/bin/../../lib/gcc/pic32c/8.3.1/thumb/v6-m/nofp/crtbegin.o
 *(SORT_BY_NAME(.fini_array.*))
                0x00000000000000d0                __fini_array_end = .
 *crtbegin.o(.dtors)
 *(EXCLUDE_FILE(*crtend.o) .dtors)
 *(SORT_BY_NAME(.dtors.*))
 *crtend.o(.dtors)
                0x00000000000000d0                . = ALIGN (0x4)
                0x00000000000000d0                _efixed = .
                [!provide]                        PROVIDE (__exidx_start = .)

.ARM.exidx
 *(.ARM.exidx* .gnu.linkonce.armexidx.*)
                [!provide]                        PROVIDE (__exidx_end = .)
                0x00000000000000d0                . = ALIGN (0x4)
                0x00000000000000d0                _etext = .

.bss            0x0000000020000000        0x0
                0x0000000020000000                . = ALIGN (0x4)
                0x0000000020000000                __bss_start__ = .
                0x0000000020000000                _sbss = .
                0x0000000020000000                _szero = .
 *(COMMON)
                0x0000000020000000                . = ALIGN (0x4)
                0x0000000020000000                __bss_end__ = .
                0x0000000020000000                _ebss = .
                0x0000000020000000                _ezero = .
                0x0000000020000000                . = ALIGN (0x4)
                0x0000000020000000                _end = .
                0x0000000020007fff                _ram_end_ = ((ORIGIN (ram) + LENGTH (ram)) - 0x1)
                0x0000000000000001                __ICD2RAM = 0x1
                0x0000000000000001                __MPLAB_DEBUG = 0x1
                0x0000000000000001                __DEBUG = 0x1
                0x0000000000000200                _min_heap_size = 0x200
START GROUP
LOAD c:/program files/microchip/xc32/v4.60/bin/bin/../../lib/gcc/pic32c/8.3.1/../../../../pic32c/lib/thumb/v6-m/nofp\libpic32c.a
LOAD c:/program files/microchip/xc32/v4.60/bin/bin/../../lib/gcc/pic32c/8.3.1/../../../../pic32c/lib/thumb/v6-m/nofp\libc-size-musl.a
LOAD c:/program files/microchip/xc32/v4.60/bin/bin/../../lib/gcc/pic32c/8.3.1/../../../../pic32c/lib/thumb/v6-m/nofp\liblmalloc-musl.a
LOAD c:/program files/microchip/xc32/v4.60/bin/bin/../../lib/gcc/pic32c/8.3.1/../../../../pic32c/lib/thumb/v6-m/nofp\libm-fast-emfloat.a
LOAD c:/program files/microchip/xc32/v4.60/bin/bin/../../lib/gcc/pic32c/8.3.1/../../../../pic32c/lib/thumb/v6-m/nofp\libm-musl.a
LOAD c:/program files/microchip/xc32/v4.60/bin/bin/../../lib/gcc/pic32c/8.3.1/../../../../pic32c/lib/thumb/v6-m/nofp\libg-musl.a
LOAD c:/program files/microchip/xc32/v4.60/bin/bin/../../lib/gcc/pic32c/8.3.1/../../../../pic32c/lib/thumb/v6-m/nofp\libc-musl.a
LOAD c:/program files/microchip/xc32/v4.60/bin/bin/../../lib/gcc/pic32c/8.3.1/../../../../pic32c/lib/thumb/v6-m/nofp\libm-fast-emfloat.a
LOAD c:/program files/microchip/xc32/v4.60/bin/bin/../../lib/gcc/pic32c/8.3.1/../../../../pic32c/lib/thumb/v6-m/nofp\libm-musl.a
LOAD c:/program files/microchip/xc32/v4.60/bin/bin/../../lib/gcc/pic32c/8.3.1/thumb/v6-m/nofp\libgcc.a
END GROUP
LOAD c:/program files/microchip/xc32/v4.60/bin/bin/../../lib/gcc/pic32c/8.3.1/thumb/v6-m/nofp/crtend.o
LOAD c:/program files/microchip/xc32/v4.60/bin/bin/../../lib/gcc/pic32c/8.3.1/thumb/v6-m/nofp/crtn.o
OUTPUT(dist/default/debug/MPLABX.debug.elf elf32-littlearm)
LOAD data_init
LOAD stack

.ARM.attributes
                0x0000000000000000       0x2c
 .ARM.attributes
                0x0000000000000000       0x1e c:/program files/microchip/xc32/v4.60/bin/bin/../../lib/gcc/pic32c/8.3.1/thumb/v6-m/nofp/crti.o
 .ARM.attributes
                0x000000000000001e       0x2c c:/program files/microchip/xc32/v4.60/bin/bin/../../lib/gcc/pic32c/8.3.1/thumb/v6-m/nofp/crtbegin.o
 .ARM.attributes
                0x000000000000004a       0x2c build/default/debug/_ext/1984496892/plib_clock.o
 .ARM.attributes
                0x0000000000000076       0x2c build/default/debug/_ext/1865468468/plib_nvic.o
 .ARM.attributes
                0x00000000000000a2       0x2c build/default/debug/_ext/1593096446/plib_nvmctrl.o
 .ARM.attributes
                0x00000000000000ce       0x2c build/default/debug/_ext/1865521619/plib_port.o
 .ARM.attributes
                0x00000000000000fa       0x2c build/default/debug/_ext/17022449/plib_sercom0_spi_master.o
 .ARM.attributes
                0x0000000000000126       0x2c build/default/debug/_ext/829342655/plib_tc3.o
 .ARM.attributes
                0x0000000000000152       0x2c build/default/debug/_ext/60181570/plib_tcc0.o
 .ARM.attributes
                0x000000000000017e       0x2c build/default/debug/_ext/1171490990/exceptions.o
 .ARM.attributes
                0x00000000000001aa       0x2c build/default/debug/_ext/1171490990/initialization.o
 .ARM.attributes
                0x00000000000001d6       0x2c build/default/debug/_ext/1171490990/startup_xc32.o
 .ARM.attributes
                0x0000000000000202       0x2c build/default/debug/_ext/1171490990/interrupts.o
 .ARM.attributes
                0x000000000000022e       0x2c build/default/debug/_ext/1171490990/libc_syscalls.o
 .ARM.attributes
                0x000000000000025a       0x2c build/default/debug/_ext/1360937237/main.o
 .ARM.attributes
                0x0000000000000286       0x2c build/default/debug/_ext/1360937237/st7735s.o
 .ARM.attributes
                0x00000000000002b2       0x2c build/default/debug/_ext/1360937237/delay.o
 .ARM.attributes
                0x00000000000002de       0x2c build/default/debug/_ext/1360937237/gfx.o
 .ARM.attributes
                0x000000000000030a       0x2c build/default/debug/_ext/1360937237/font.o
 .ARM.attributes
                0x0000000000000336       0x2c c:/program files/microchip/xc32/v4.60/bin/bin/../../lib/gcc/pic32c/8.3.1/../../../../pic32c/lib/thumb/v6-m/nofp\libpic32c.a(data_init.o)
 .ARM.attributes
                0x0000000000000362       0x2e c:/program files/microchip/xc32/v4.60/bin/bin/../../lib/gcc/pic32c/8.3.1/../../../../pic32c/lib/thumb/v6-m/nofp\libg-musl.a(__libc_start_main.o)
 .ARM.attributes
                0x0000000000000390       0x2e c:/program files/microchip/xc32/v4.60/bin/bin/../../lib/gcc/pic32c/8.3.1/../../../../pic32c/lib/thumb/v6-m/nofp\libg-musl.a(exit.o)
 .ARM.attributes
                0x00000000000003be       0x2e c:/program files/microchip/xc32/v4.60/bin/bin/../../lib/gcc/pic32c/8.3.1/../../../../pic32c/lib/thumb/v6-m/nofp\libg-musl.a(libc.o)
 .ARM.attributes
                0x00000000000003ec       0x2e c:/program files/microchip/xc32/v4.60/bin/bin/../../lib/gcc/pic32c/8.3.1/../../../../pic32c/lib/thumb/v6-m/nofp\libg-musl.a(__environ.o)
 .ARM.attributes
                0x000000000000041a       0x2e c:/program files/microchip/xc32/v4.60/bin/bin/../../lib/gcc/pic32c/8.3.1/../../../../pic32c/lib/thumb/v6-m/nofp\libg-musl.a(_Exit.o)
 .ARM.attributes
                0x0000000000000448       0x1e c:/program files/microchip/xc32/v4.60/bin/bin/../../lib/gcc/pic32c/8.3.1/thumb/v6-m/nofp/crtn.o
 .ARM.attributes
                0x0000000000000466       0x2c c:/program files/microchip/xc32/v4.60/bin/bin/../../lib/gcc/pic32c/8.3.1/../../../../pic32c/lib/thumb/v6-m/nofp\libpic32c.a(pic32_data_init_clear.o)
 .ARM.attributes
                0x0000000000000492       0x2c c:/program files/microchip/xc32/v4.60/bin/bin/../../lib/gcc/pic32c/8.3.1/../../../../pic32c/lib/thumb/v6-m/nofp\libpic32c.a(pic32_data_init_copy.o)

.comment        0x0000000000000000       0x2b
 .comment       0x0000000000000000       0x2b c:/program files/microchip/xc32/v4.60/bin/bin/../../lib/gcc/pic32c/8.3.1/thumb/v6-m/nofp/crtbegin.o
                                         0x2c (size before relaxing)
 .comment       0x000000000000002b       0x2c build/default/debug/_ext/1984496892/plib_clock.o
 .comment       0x000000000000002b       0x2c build/default/debug/_ext/1865468468/plib_nvic.o
 .comment       0x000000000000002b       0x2c build/default/debug/_ext/1593096446/plib_nvmctrl.o
 .comment       0x000000000000002b       0x2c build/default/debug/_ext/1865521619/plib_port.o
 .comment       0x000000000000002b       0x2c build/default/debug/_ext/17022449/plib_sercom0_spi_master.o
 .comment       0x000000000000002b       0x2c build/default/debug/_ext/829342655/plib_tc3.o
 .comment       0x000000000000002b       0x2c build/default/debug/_ext/60181570/plib_tcc0.o
 .comment       0x000000000000002b       0x2c build/default/debug/_ext/1171490990/exceptions.o
 .comment       0x000000000000002b       0x2c build/default/debug/_ext/1171490990/initialization.o
 .comment       0x000000000000002b       0x2c build/default/debug/_ext/1171490990/startup_xc32.o
 .comment       0x000000000000002b       0x2c build/default/debug/_ext/1171490990/interrupts.o
 .comment       0x000000000000002b       0x2c build/default/debug/_ext/1171490990/libc_syscalls.o
 .comment       0x000000000000002b       0x2c build/default/debug/_ext/1360937237/main.o
 .comment       0x000000000000002b       0x2c build/default/debug/_ext/1360937237/st7735s.o
 .comment       0x000000000000002b       0x2c build/default/debug/_ext/1360937237/delay.o
 .comment       0x000000000000002b       0x2c build/default/debug/_ext/1360937237/gfx.o
 .comment       0x000000000000002b       0x2c build/default/debug/_ext/1360937237/font.o
 .comment       0x000000000000002b       0x2c c:/program files/microchip/xc32/v4.60/bin/bin/../../lib/gcc/pic32c/8.3.1/../../../../pic32c/lib/thumb/v6-m/nofp\libpic32c.a(data_init.o)
 .comment       0x000000000000002b       0x2c c:/program files/microchip/xc32/v4.60/bin/bin/../../lib/gcc/pic32c/8.3.1/../../../../pic32c/lib/thumb/v6-m/nofp\libg-musl.a(__libc_start_main.o)
 .comment       0x000000000000002b       0x2c c:/program files/microchip/xc32/v4.60/bin/bin/../../lib/gcc/pic32c/8.3.1/../../../../pic32c/lib/thumb/v6-m/nofp\libg-musl.a(exit.o)
 .comment       0x000000000000002b       0x2c c:/program files/microchip/xc32/v4.60/bin/bin/../../lib/gcc/pic32c/8.3.1/../../../../pic32c/lib/thumb/v6-m/nofp\libg-musl.a(libc.o)
 .comment       0x000000000000002b       0x2c c:/program files/microchip/xc32/v4.60/bin/bin/../../lib/gcc/pic32c/8.3.1/../../../../pic32c/lib/thumb/v6-m/nofp\libg-musl.a(__environ.o)
 .comment       0x000000000000002b       0x2c c:/program files/microchip/xc32/v4.60/bin/bin/../../lib/gcc/pic32c/8.3.1/../../../../pic32c/lib/thumb/v6-m/nofp\libg-musl.a(_Exit.o)
 .comment       0x000000000000002b       0x2c c:/program files/microchip/xc32/v4.60/bin/bin/../../lib/gcc/pic32c/8.3.1/../../../../pic32c/lib/thumb/v6-m/nofp\libpic32c.a(pic32_data_init_clear.o)
 .comment       0x000000000000002b       0x2c c:/program files/microchip/xc32/v4.60/bin/bin/../../lib/gcc/pic32c/8.3.1/../../../../pic32c/lib/thumb/v6-m/nofp\libpic32c.a(pic32_data_init_copy.o)

.debug_info     0x0000000000000000     0xab7f
 .debug_info    0x0000000000000000      0x5a1 build/default/debug/_ext/1984496892/plib_clock.o
 .debug_info    0x00000000000005a1      0x692 build/default/debug/_ext/1865468468/plib_nvic.o
 .debug_info    0x0000000000000c33      0x5a0 build/default/debug/_ext/1593096446/plib_nvmctrl.o
 .debug_info    0x00000000000011d3      0x6e1 build/default/debug/_ext/1865521619/plib_port.o
 .debug_info    0x00000000000018b4      0xf1a build/default/debug/_ext/17022449/plib_sercom0_spi_master.o
 .debug_info    0x00000000000027ce      0x774 build/default/debug/_ext/829342655/plib_tc3.o
 .debug_info    0x0000000000002f42      0x610 build/default/debug/_ext/60181570/plib_tcc0.o
 .debug_info    0x0000000000003552       0xba build/default/debug/_ext/1171490990/exceptions.o
 .debug_info    0x000000000000360c      0x2c5 build/default/debug/_ext/1171490990/initialization.o
 .debug_info    0x00000000000038d1      0x205 build/default/debug/_ext/1171490990/startup_xc32.o
 .debug_info    0x0000000000003ad6      0x3b2 build/default/debug/_ext/1171490990/interrupts.o
 .debug_info    0x0000000000003e88       0xa4 build/default/debug/_ext/1171490990/libc_syscalls.o
 .debug_info    0x0000000000003f2c      0x1af build/default/debug/_ext/1360937237/main.o
 .debug_info    0x00000000000040db      0xda1 build/default/debug/_ext/1360937237/st7735s.o
 .debug_info    0x0000000000004e7c      0x180 build/default/debug/_ext/1360937237/delay.o
 .debug_info    0x0000000000004ffc     0x3155 build/default/debug/_ext/1360937237/gfx.o
 .debug_info    0x0000000000008151     0x2144 build/default/debug/_ext/1360937237/font.o
 .debug_info    0x000000000000a295       0x68 c:/program files/microchip/xc32/v4.60/bin/bin/../../lib/gcc/pic32c/8.3.1/../../../../pic32c/lib/thumb/v6-m/nofp\libpic32c.a(data_init.o)
 .debug_info    0x000000000000a2fd      0x2fb c:/program files/microchip/xc32/v4.60/bin/bin/../../lib/gcc/pic32c/8.3.1/../../../../pic32c/lib/thumb/v6-m/nofp\libg-musl.a(__libc_start_main.o)
 .debug_info    0x000000000000a5f8      0x157 c:/program files/microchip/xc32/v4.60/bin/bin/../../lib/gcc/pic32c/8.3.1/../../../../pic32c/lib/thumb/v6-m/nofp\libg-musl.a(exit.o)
 .debug_info    0x000000000000a74f      0x276 c:/program files/microchip/xc32/v4.60/bin/bin/../../lib/gcc/pic32c/8.3.1/../../../../pic32c/lib/thumb/v6-m/nofp\libg-musl.a(libc.o)
 .debug_info    0x000000000000a9c5       0x97 c:/program files/microchip/xc32/v4.60/bin/bin/../../lib/gcc/pic32c/8.3.1/../../../../pic32c/lib/thumb/v6-m/nofp\libg-musl.a(__environ.o)
 .debug_info    0x000000000000aa5c       0xa4 c:/program files/microchip/xc32/v4.60/bin/bin/../../lib/gcc/pic32c/8.3.1/../../../../pic32c/lib/thumb/v6-m/nofp\libg-musl.a(_Exit.o)
 .debug_info    0x000000000000ab00       0x3f c:/program files/microchip/xc32/v4.60/bin/bin/../../lib/gcc/pic32c/8.3.1/../../../../pic32c/lib/thumb/v6-m/nofp\libpic32c.a(pic32_data_init_clear.o)
 .debug_info    0x000000000000ab3f       0x40 c:/program files/microchip/xc32/v4.60/bin/bin/../../lib/gcc/pic32c/8.3.1/../../../../pic32c/lib/thumb/v6-m/nofp\libpic32c.a(pic32_data_init_copy.o)

.debug_abbrev   0x0000000000000000     0x1d0f
 .debug_abbrev  0x0000000000000000      0x138 build/default/debug/_ext/1984496892/plib_clock.o
 .debug_abbrev  0x0000000000000138      0x1ec build/default/debug/_ext/1865468468/plib_nvic.o
 .debug_abbrev  0x0000000000000324      0x1a6 build/default/debug/_ext/1593096446/plib_nvmctrl.o
 .debug_abbrev  0x00000000000004ca      0x1cd build/default/debug/_ext/1865521619/plib_port.o
 .debug_abbrev  0x0000000000000697      0x276 build/default/debug/_ext/17022449/plib_sercom0_spi_master.o
 .debug_abbrev  0x000000000000090d      0x1be build/default/debug/_ext/829342655/plib_tc3.o
 .debug_abbrev  0x0000000000000acb      0x1b5 build/default/debug/_ext/60181570/plib_tcc0.o
 .debug_abbrev  0x0000000000000c80       0x49 build/default/debug/_ext/1171490990/exceptions.o
 .debug_abbrev  0x0000000000000cc9       0xf4 build/default/debug/_ext/1171490990/initialization.o
 .debug_abbrev  0x0000000000000dbd      0x118 build/default/debug/_ext/1171490990/startup_xc32.o
 .debug_abbrev  0x0000000000000ed5       0xc0 build/default/debug/_ext/1171490990/interrupts.o
 .debug_abbrev  0x0000000000000f95       0x5a build/default/debug/_ext/1171490990/libc_syscalls.o
 .debug_abbrev  0x0000000000000fef       0x91 build/default/debug/_ext/1360937237/main.o
 .debug_abbrev  0x0000000000001080      0x16d build/default/debug/_ext/1360937237/st7735s.o
 .debug_abbrev  0x00000000000011ed       0xef build/default/debug/_ext/1360937237/delay.o
 .debug_abbrev  0x00000000000012dc      0x2c9 build/default/debug/_ext/1360937237/gfx.o
 .debug_abbrev  0x00000000000015a5      0x2c7 build/default/debug/_ext/1360937237/font.o
 .debug_abbrev  0x000000000000186c       0x44 c:/program files/microchip/xc32/v4.60/bin/bin/../../lib/gcc/pic32c/8.3.1/../../../../pic32c/lib/thumb/v6-m/nofp\libpic32c.a(data_init.o)
 .debug_abbrev  0x00000000000018b0      0x133 c:/program files/microchip/xc32/v4.60/bin/bin/../../lib/gcc/pic32c/8.3.1/../../../../pic32c/lib/thumb/v6-m/nofp\libg-musl.a(__libc_start_main.o)
 .debug_abbrev  0x00000000000019e3      0x110 c:/program files/microchip/xc32/v4.60/bin/bin/../../lib/gcc/pic32c/8.3.1/../../../../pic32c/lib/thumb/v6-m/nofp\libg-musl.a(exit.o)
 .debug_abbrev  0x0000000000001af3       0xd4 c:/program files/microchip/xc32/v4.60/bin/bin/../../lib/gcc/pic32c/8.3.1/../../../../pic32c/lib/thumb/v6-m/nofp\libg-musl.a(libc.o)
 .debug_abbrev  0x0000000000001bc7       0x62 c:/program files/microchip/xc32/v4.60/bin/bin/../../lib/gcc/pic32c/8.3.1/../../../../pic32c/lib/thumb/v6-m/nofp\libg-musl.a(__environ.o)
 .debug_abbrev  0x0000000000001c29       0x8a c:/program files/microchip/xc32/v4.60/bin/bin/../../lib/gcc/pic32c/8.3.1/../../../../pic32c/lib/thumb/v6-m/nofp\libg-musl.a(_Exit.o)
 .debug_abbrev  0x0000000000001cb3       0x2e c:/program files/microchip/xc32/v4.60/bin/bin/../../lib/gcc/pic32c/8.3.1/../../../../pic32c/lib/thumb/v6-m/nofp\libpic32c.a(pic32_data_init_clear.o)
 .debug_abbrev  0x0000000000001ce1       0x2e c:/program files/microchip/xc32/v4.60/bin/bin/../../lib/gcc/pic32c/8.3.1/../../../../pic32c/lib/thumb/v6-m/nofp\libpic32c.a(pic32_data_init_copy.o)

.debug_loc      0x0000000000000000     0x47c5
 .debug_loc     0x0000000000000000       0x31 build/default/debug/_ext/1984496892/plib_clock.o
 .debug_loc     0x0000000000000031       0xf4 build/default/debug/_ext/1865468468/plib_nvic.o
 .debug_loc     0x0000000000000125      0x42e build/default/debug/_ext/1593096446/plib_nvmctrl.o
 .debug_loc     0x0000000000000553      0x246 build/default/debug/_ext/1865521619/plib_port.o
 .debug_loc     0x0000000000000799      0x68a build/default/debug/_ext/17022449/plib_sercom0_spi_master.o
 .debug_loc     0x0000000000000e23       0x6f build/default/debug/_ext/829342655/plib_tc3.o
 .debug_loc     0x0000000000000e92      0x140 build/default/debug/_ext/60181570/plib_tcc0.o
 .debug_loc     0x0000000000000fd2       0x45 build/default/debug/_ext/1171490990/initialization.o
 .debug_loc     0x0000000000001017       0x20 build/default/debug/_ext/1171490990/startup_xc32.o
 .debug_loc     0x0000000000001037       0x2c build/default/debug/_ext/1360937237/main.o
 .debug_loc     0x0000000000001063      0x134 build/default/debug/_ext/1360937237/st7735s.o
 .debug_loc     0x0000000000001197       0x5f build/default/debug/_ext/1360937237/delay.o
 .debug_loc     0x00000000000011f6     0x2acc build/default/debug/_ext/1360937237/gfx.o
 .debug_loc     0x0000000000003cc2      0x998 build/default/debug/_ext/1360937237/font.o
 .debug_loc     0x000000000000465a       0x14 c:/program files/microchip/xc32/v4.60/bin/bin/../../lib/gcc/pic32c/8.3.1/../../../../pic32c/lib/thumb/v6-m/nofp\libpic32c.a(data_init.o)
 .debug_loc     0x000000000000466e       0x5e c:/program files/microchip/xc32/v4.60/bin/bin/../../lib/gcc/pic32c/8.3.1/../../../../pic32c/lib/thumb/v6-m/nofp\libg-musl.a(__libc_start_main.o)
 .debug_loc     0x00000000000046cc       0xa0 c:/program files/microchip/xc32/v4.60/bin/bin/../../lib/gcc/pic32c/8.3.1/../../../../pic32c/lib/thumb/v6-m/nofp\libg-musl.a(exit.o)
 .debug_loc     0x000000000000476c       0x45 c:/program files/microchip/xc32/v4.60/bin/bin/../../lib/gcc/pic32c/8.3.1/../../../../pic32c/lib/thumb/v6-m/nofp\libg-musl.a(_Exit.o)
 .debug_loc     0x00000000000047b1       0x14 c:/program files/microchip/xc32/v4.60/bin/bin/../../lib/gcc/pic32c/8.3.1/../../../../pic32c/lib/thumb/v6-m/nofp\libpic32c.a(pic32_data_init_copy.o)

.debug_aranges  0x0000000000000000      0x580
 .debug_aranges
                0x0000000000000000       0x20 build/default/debug/_ext/1984496892/plib_clock.o
 .debug_aranges
                0x0000000000000020       0x38 build/default/debug/_ext/1865468468/plib_nvic.o
 .debug_aranges
                0x0000000000000058       0x88 build/default/debug/_ext/1593096446/plib_nvmctrl.o
 .debug_aranges
                0x00000000000000e0       0x70 build/default/debug/_ext/1865521619/plib_port.o
 .debug_aranges
                0x0000000000000150       0x60 build/default/debug/_ext/17022449/plib_sercom0_spi_master.o
 .debug_aranges
                0x00000000000001b0       0x70 build/default/debug/_ext/829342655/plib_tc3.o
 .debug_aranges
                0x0000000000000220       0x78 build/default/debug/_ext/60181570/plib_tcc0.o
 .debug_aranges
                0x0000000000000298       0x28 build/default/debug/_ext/1171490990/exceptions.o
 .debug_aranges
                0x00000000000002c0       0x20 build/default/debug/_ext/1171490990/initialization.o
 .debug_aranges
                0x00000000000002e0       0x28 build/default/debug/_ext/1171490990/startup_xc32.o
 .debug_aranges
                0x0000000000000308       0x20 build/default/debug/_ext/1171490990/interrupts.o
 .debug_aranges
                0x0000000000000328       0x20 build/default/debug/_ext/1171490990/libc_syscalls.o
 .debug_aranges
                0x0000000000000348       0x20 build/default/debug/_ext/1360937237/main.o
 .debug_aranges
                0x0000000000000368       0x38 build/default/debug/_ext/1360937237/st7735s.o
 .debug_aranges
                0x00000000000003a0       0x28 build/default/debug/_ext/1360937237/delay.o
 .debug_aranges
                0x00000000000003c8       0x70 build/default/debug/_ext/1360937237/gfx.o
 .debug_aranges
                0x0000000000000438       0x30 build/default/debug/_ext/1360937237/font.o
 .debug_aranges
                0x0000000000000468       0x30 c:/program files/microchip/xc32/v4.60/bin/bin/../../lib/gcc/pic32c/8.3.1/../../../../pic32c/lib/thumb/v6-m/nofp\libpic32c.a(data_init.o)
 .debug_aranges
                0x0000000000000498       0x28 c:/program files/microchip/xc32/v4.60/bin/bin/../../lib/gcc/pic32c/8.3.1/../../../../pic32c/lib/thumb/v6-m/nofp\libg-musl.a(__libc_start_main.o)
 .debug_aranges
                0x00000000000004c0       0x30 c:/program files/microchip/xc32/v4.60/bin/bin/../../lib/gcc/pic32c/8.3.1/../../../../pic32c/lib/thumb/v6-m/nofp\libg-musl.a(exit.o)
 .debug_aranges
                0x00000000000004f0       0x18 c:/program files/microchip/xc32/v4.60/bin/bin/../../lib/gcc/pic32c/8.3.1/../../../../pic32c/lib/thumb/v6-m/nofp\libg-musl.a(libc.o)
 .debug_aranges
                0x0000000000000508       0x18 c:/program files/microchip/xc32/v4.60/bin/bin/../../lib/gcc/pic32c/8.3.1/../../../../pic32c/lib/thumb/v6-m/nofp\libg-musl.a(__environ.o)
 .debug_aranges
                0x0000000000000520       0x20 c:/program files/microchip/xc32/v4.60/bin/bin/../../lib/gcc/pic32c/8.3.1/../../../../pic32c/lib/thumb/v6-m/nofp\libg-musl.a(_Exit.o)
 .debug_aranges
                0x0000000000000540       0x20 c:/program files/microchip/xc32/v4.60/bin/bin/../../lib/gcc/pic32c/8.3.1/../../../../pic32c/lib/thumb/v6-m/nofp\libpic32c.a(pic32_data_init_clear.o)
 .debug_aranges
                0x0000000000000560       0x20 c:/program files/microchip/xc32/v4.60/bin/bin/../../lib/gcc/pic32c/8.3.1/../../../../pic32c/lib/thumb/v6-m/nofp\libpic32c.a(pic32_data_init_copy.o)

.debug_ranges   0x0000000000000000      0xb90
 .debug_ranges  0x0000000000000000       0x28 build/default/debug/_ext/1984496892/plib_clock.o
 .debug_ranges  0x0000000000000028       0x28 build/default/debug/_ext/1865468468/plib_nvic.o
 .debug_ranges  0x0000000000000050       0x78 build/default/debug/_ext/1593096446/plib_nvmctrl.o
 .debug_ranges  0x00000000000000c8       0x60 build/default/debug/_ext/1865521619/plib_port.o
 .debug_ranges  0x0000000000000128       0x68 build/default/debug/_ext/17022449/plib_sercom0_spi_master.o
 .debug_ranges  0x0000000000000190       0x60 build/default/debug/_ext/829342655/plib_tc3.o
 .debug_ranges  0x00000000000001f0       0x68 build/default/debug/_ext/60181570/plib_tcc0.o
 .debug_ranges  0x0000000000000258       0x18 build/default/debug/_ext/1171490990/exceptions.o
 .debug_ranges  0x0000000000000270       0x10 build/default/debug/_ext/1171490990/initialization.o
 .debug_ranges  0x0000000000000280       0x18 build/default/debug/_ext/1171490990/startup_xc32.o
 .debug_ranges  0x0000000000000298       0x10 build/default/debug/_ext/1171490990/interrupts.o
 .debug_ranges  0x00000000000002a8       0x10 build/default/debug/_ext/1171490990/libc_syscalls.o
 .debug_ranges  0x00000000000002b8       0x10 build/default/debug/_ext/1360937237/main.o
 .debug_ranges  0x00000000000002c8       0x28 build/default/debug/_ext/1360937237/st7735s.o
 .debug_ranges  0x00000000000002f0       0x18 build/default/debug/_ext/1360937237/delay.o
 .debug_ranges  0x0000000000000308      0x690 build/default/debug/_ext/1360937237/gfx.o
 .debug_ranges  0x0000000000000998      0x158 build/default/debug/_ext/1360937237/font.o
 .debug_ranges  0x0000000000000af0       0x20 c:/program files/microchip/xc32/v4.60/bin/bin/../../lib/gcc/pic32c/8.3.1/../../../../pic32c/lib/thumb/v6-m/nofp\libpic32c.a(data_init.o)
 .debug_ranges  0x0000000000000b10       0x30 c:/program files/microchip/xc32/v4.60/bin/bin/../../lib/gcc/pic32c/8.3.1/../../../../pic32c/lib/thumb/v6-m/nofp\libg-musl.a(__libc_start_main.o)
 .debug_ranges  0x0000000000000b40       0x20 c:/program files/microchip/xc32/v4.60/bin/bin/../../lib/gcc/pic32c/8.3.1/../../../../pic32c/lib/thumb/v6-m/nofp\libg-musl.a(exit.o)
 .debug_ranges  0x0000000000000b60       0x10 c:/program files/microchip/xc32/v4.60/bin/bin/../../lib/gcc/pic32c/8.3.1/../../../../pic32c/lib/thumb/v6-m/nofp\libg-musl.a(_Exit.o)
 .debug_ranges  0x0000000000000b70       0x10 c:/program files/microchip/xc32/v4.60/bin/bin/../../lib/gcc/pic32c/8.3.1/../../../../pic32c/lib/thumb/v6-m/nofp\libpic32c.a(pic32_data_init_clear.o)
 .debug_ranges  0x0000000000000b80       0x10 c:/program files/microchip/xc32/v4.60/bin/bin/../../lib/gcc/pic32c/8.3.1/../../../../pic32c/lib/thumb/v6-m/nofp\libpic32c.a(pic32_data_init_copy.o)

.debug_line     0x0000000000000000     0x487a
 .debug_line    0x0000000000000000      0x1dc build/default/debug/_ext/1984496892/plib_clock.o
 .debug_line    0x00000000000001dc      0x326 build/default/debug/_ext/1865468468/plib_nvic.o
 .debug_line    0x0000000000000502      0x39d build/default/debug/_ext/1593096446/plib_nvmctrl.o
 .debug_line    0x000000000000089f      0x38a build/default/debug/_ext/1865521619/plib_port.o
 .debug_line    0x0000000000000c29      0x773 build/default/debug/_ext/17022449/plib_sercom0_spi_master.o
 .debug_line    0x000000000000139c      0x328 build/default/debug/_ext/829342655/plib_tc3.o
 .debug_line    0x00000000000016c4      0x3c6 build/default/debug/_ext/60181570/plib_tcc0.o
 .debug_line    0x0000000000001a8a       0x70 build/default/debug/_ext/1171490990/exceptions.o
 .debug_line    0x0000000000001afa      0x287 build/default/debug/_ext/1171490990/initialization.o
 .debug_line    0x0000000000001d81      0x158 build/default/debug/_ext/1171490990/startup_xc32.o
 .debug_line    0x0000000000001ed9       0xba build/default/debug/_ext/1171490990/interrupts.o
 .debug_line    0x0000000000001f93       0x5c build/default/debug/_ext/1171490990/libc_syscalls.o
 .debug_line    0x0000000000001fef      0x11f build/default/debug/_ext/1360937237/main.o
 .debug_line    0x000000000000210e      0x234 build/default/debug/_ext/1360937237/st7735s.o
 .debug_line    0x0000000000002342      0x12e build/default/debug/_ext/1360937237/delay.o
 .debug_line    0x0000000000002470     0x17cb build/default/debug/_ext/1360937237/gfx.o
 .debug_line    0x0000000000003c3b      0x510 build/default/debug/_ext/1360937237/font.o
 .debug_line    0x000000000000414b       0xa5 c:/program files/microchip/xc32/v4.60/bin/bin/../../lib/gcc/pic32c/8.3.1/../../../../pic32c/lib/thumb/v6-m/nofp\libpic32c.a(data_init.o)
 .debug_line    0x00000000000041f0      0x1bc c:/program files/microchip/xc32/v4.60/bin/bin/../../lib/gcc/pic32c/8.3.1/../../../../pic32c/lib/thumb/v6-m/nofp\libg-musl.a(__libc_start_main.o)
 .debug_line    0x00000000000043ac      0x17f c:/program files/microchip/xc32/v4.60/bin/bin/../../lib/gcc/pic32c/8.3.1/../../../../pic32c/lib/thumb/v6-m/nofp\libg-musl.a(exit.o)
 .debug_line    0x000000000000452b       0xb5 c:/program files/microchip/xc32/v4.60/bin/bin/../../lib/gcc/pic32c/8.3.1/../../../../pic32c/lib/thumb/v6-m/nofp\libg-musl.a(libc.o)
 .debug_line    0x00000000000045e0       0xfb c:/program files/microchip/xc32/v4.60/bin/bin/../../lib/gcc/pic32c/8.3.1/../../../../pic32c/lib/thumb/v6-m/nofp\libg-musl.a(__environ.o)
 .debug_line    0x00000000000046db       0xa8 c:/program files/microchip/xc32/v4.60/bin/bin/../../lib/gcc/pic32c/8.3.1/../../../../pic32c/lib/thumb/v6-m/nofp\libg-musl.a(_Exit.o)
 .debug_line    0x0000000000004783       0x6f c:/program files/microchip/xc32/v4.60/bin/bin/../../lib/gcc/pic32c/8.3.1/../../../../pic32c/lib/thumb/v6-m/nofp\libpic32c.a(pic32_data_init_clear.o)
 .debug_line    0x00000000000047f2       0x88 c:/program files/microchip/xc32/v4.60/bin/bin/../../lib/gcc/pic32c/8.3.1/../../../../pic32c/lib/thumb/v6-m/nofp\libpic32c.a(pic32_data_init_copy.o)

.debug_str      0x0000000000000000     0x78dd
 .debug_str     0x0000000000000000      0x5a7 build/default/debug/_ext/1984496892/plib_clock.o
 .debug_str     0x00000000000005a7      0x57b build/default/debug/_ext/1865468468/plib_nvic.o
 .debug_str     0x0000000000000b22      0x51f build/default/debug/_ext/1593096446/plib_nvmctrl.o
 .debug_str     0x0000000000001041      0x84f build/default/debug/_ext/1865521619/plib_port.o
 .debug_str     0x0000000000001890      0x805 build/default/debug/_ext/17022449/plib_sercom0_spi_master.o
 .debug_str     0x0000000000002095      0x591 build/default/debug/_ext/829342655/plib_tc3.o
 .debug_str     0x0000000000002626      0x67b build/default/debug/_ext/60181570/plib_tcc0.o
 .debug_str     0x0000000000002ca1      0x2c2 build/default/debug/_ext/1171490990/exceptions.o
 .debug_str     0x0000000000002f63      0x41c build/default/debug/_ext/1171490990/initialization.o
 .debug_str     0x000000000000337f      0x32e build/default/debug/_ext/1171490990/startup_xc32.o
 .debug_str     0x00000000000036ad      0x5c0 build/default/debug/_ext/1171490990/interrupts.o
 .debug_str     0x0000000000003c6d      0x297 build/default/debug/_ext/1171490990/libc_syscalls.o
 .debug_str     0x0000000000003f04      0x2fd build/default/debug/_ext/1360937237/main.o
 .debug_str     0x0000000000004201      0x5a0 build/default/debug/_ext/1360937237/st7735s.o
 .debug_str     0x00000000000047a1      0x320 build/default/debug/_ext/1360937237/delay.o
 .debug_str     0x0000000000004ac1      0x689 build/default/debug/_ext/1360937237/gfx.o
 .debug_str     0x000000000000514a     0x13d4 build/default/debug/_ext/1360937237/font.o
 .debug_str     0x000000000000651e      0x1fc c:/program files/microchip/xc32/v4.60/bin/bin/../../lib/gcc/pic32c/8.3.1/../../../../pic32c/lib/thumb/v6-m/nofp\libpic32c.a(data_init.o)
 .debug_str     0x000000000000671a      0x3ca c:/program files/microchip/xc32/v4.60/bin/bin/../../lib/gcc/pic32c/8.3.1/../../../../pic32c/lib/thumb/v6-m/nofp\libg-musl.a(__libc_start_main.o)
 .debug_str     0x0000000000006ae4      0x2c3 c:/program files/microchip/xc32/v4.60/bin/bin/../../lib/gcc/pic32c/8.3.1/../../../../pic32c/lib/thumb/v6-m/nofp\libg-musl.a(exit.o)
 .debug_str     0x0000000000006da7      0x335 c:/program files/microchip/xc32/v4.60/bin/bin/../../lib/gcc/pic32c/8.3.1/../../../../pic32c/lib/thumb/v6-m/nofp\libg-musl.a(libc.o)
 .debug_str     0x00000000000070dc      0x235 c:/program files/microchip/xc32/v4.60/bin/bin/../../lib/gcc/pic32c/8.3.1/../../../../pic32c/lib/thumb/v6-m/nofp\libg-musl.a(__environ.o)
 .debug_str     0x0000000000007311      0x224 c:/program files/microchip/xc32/v4.60/bin/bin/../../lib/gcc/pic32c/8.3.1/../../../../pic32c/lib/thumb/v6-m/nofp\libg-musl.a(_Exit.o)
 .debug_str     0x0000000000007535      0x1d5 c:/program files/microchip/xc32/v4.60/bin/bin/../../lib/gcc/pic32c/8.3.1/../../../../pic32c/lib/thumb/v6-m/nofp\libpic32c.a(pic32_data_init_clear.o)
 .debug_str     0x000000000000770a      0x1d3 c:/program files/microchip/xc32/v4.60/bin/bin/../../lib/gcc/pic32c/8.3.1/../../../../pic32c/lib/thumb/v6-m/nofp\libpic32c.a(pic32_data_init_copy.o)

.debug_frame    0x0000000000000000      0x9e0
 .debug_frame   0x0000000000000000       0x20 build/default/debug/_ext/1984496892/plib_clock.o
 .debug_frame   0x0000000000000020       0x50 build/default/debug/_ext/1865468468/plib_nvic.o
 .debug_frame   0x0000000000000070      0x108 build/default/debug/_ext/1593096446/plib_nvmctrl.o
 .debug_frame   0x0000000000000178       0xd4 build/default/debug/_ext/1865521619/plib_port.o
 .debug_frame   0x000000000000024c       0xd4 build/default/debug/_ext/17022449/plib_sercom0_spi_master.o
 .debug_frame   0x0000000000000320       0xc8 build/default/debug/_ext/829342655/plib_tc3.o
 .debug_frame   0x00000000000003e8       0xd8 build/default/debug/_ext/60181570/plib_tcc0.o
 .debug_frame   0x00000000000004c0       0x30 build/default/debug/_ext/1171490990/exceptions.o
 .debug_frame   0x00000000000004f0       0x28 build/default/debug/_ext/1171490990/initialization.o
 .debug_frame   0x0000000000000518       0x38 build/default/debug/_ext/1171490990/startup_xc32.o
 .debug_frame   0x0000000000000550       0x20 build/default/debug/_ext/1171490990/interrupts.o
 .debug_frame   0x0000000000000570       0x20 build/default/debug/_ext/1171490990/libc_syscalls.o
 .debug_frame   0x0000000000000590       0x28 build/default/debug/_ext/1360937237/main.o
 .debug_frame   0x00000000000005b8       0x7c build/default/debug/_ext/1360937237/st7735s.o
 .debug_frame   0x0000000000000634       0x38 build/default/debug/_ext/1360937237/delay.o
 .debug_frame   0x000000000000066c      0x1ac build/default/debug/_ext/1360937237/gfx.o
 .debug_frame   0x0000000000000818       0x88 build/default/debug/_ext/1360937237/font.o
 .debug_frame   0x00000000000008a0       0x48 c:/program files/microchip/xc32/v4.60/bin/bin/../../lib/gcc/pic32c/8.3.1/../../../../pic32c/lib/thumb/v6-m/nofp\libpic32c.a(data_init.o)
 .debug_frame   0x00000000000008e8       0x38 c:/program files/microchip/xc32/v4.60/bin/bin/../../lib/gcc/pic32c/8.3.1/../../../../pic32c/lib/thumb/v6-m/nofp\libg-musl.a(__libc_start_main.o)
 .debug_frame   0x0000000000000920       0x50 c:/program files/microchip/xc32/v4.60/bin/bin/../../lib/gcc/pic32c/8.3.1/../../../../pic32c/lib/thumb/v6-m/nofp\libg-musl.a(exit.o)
 .debug_frame   0x0000000000000970       0x28 c:/program files/microchip/xc32/v4.60/bin/bin/../../lib/gcc/pic32c/8.3.1/../../../../pic32c/lib/thumb/v6-m/nofp\libg-musl.a(_Exit.o)
 .debug_frame   0x0000000000000998       0x20 c:/program files/microchip/xc32/v4.60/bin/bin/../../lib/gcc/pic32c/8.3.1/../../../../pic32c/lib/thumb/v6-m/nofp\libpic32c.a(pic32_data_init_clear.o)
 .debug_frame   0x00000000000009b8       0x28 c:/program files/microchip/xc32/v4.60/bin/bin/../../lib/gcc/pic32c/8.3.1/../../../../pic32c/lib/thumb/v6-m/nofp\libpic32c.a(pic32_data_init_copy.o)

.note.GNU-stack
                0x0000000000000000        0x0
 .note.GNU-stack
                0x0000000000000000        0x0 c:/program files/microchip/xc32/v4.60/bin/bin/../../lib/gcc/pic32c/8.3.1/../../../../pic32c/lib/thumb/v6-m/nofp\libg-musl.a(__libc_start_main.o)
 .note.GNU-stack
                0x0000000000000000        0x0 c:/program files/microchip/xc32/v4.60/bin/bin/../../lib/gcc/pic32c/8.3.1/../../../../pic32c/lib/thumb/v6-m/nofp\libg-musl.a(exit.o)
 .note.GNU-stack
                0x0000000000000000        0x0 c:/program files/microchip/xc32/v4.60/bin/bin/../../lib/gcc/pic32c/8.3.1/../../../../pic32c/lib/thumb/v6-m/nofp\libg-musl.a(libc.o)
 .note.GNU-stack
                0x0000000000000000        0x0 c:/program files/microchip/xc32/v4.60/bin/bin/../../lib/gcc/pic32c/8.3.1/../../../../pic32c/lib/thumb/v6-m/nofp\libg-musl.a(__environ.o)
 .note.GNU-stack
                0x0000000000000000        0x0 c:/program files/microchip/xc32/v4.60/bin/bin/../../lib/gcc/pic32c/8.3.1/../../../../pic32c/lib/thumb/v6-m/nofp\libg-musl.a(_Exit.o)

.stack          0x0000000020000450      0x100
 .stack         0x0000000020000450      0x100 stack

.bss%1          0x0000000020000000       0x50
 .bss           0x0000000020000000       0x50 c:/program files/microchip/xc32/v4.60/bin/bin/../../lib/gcc/pic32c/8.3.1/../../../../pic32c/lib/thumb/v6-m/nofp\libg-musl.a(libc.o)
                0x0000000020000000                __progname_full
                0x0000000020000000                program_invocation_name
                0x0000000020000004                program_invocation_short_name
                0x0000000020000004                __progname
                0x0000000020000008                __sysinfo
                0x000000002000000c                __hwcap
                0x0000000020000010                __libc

.bss.sercom0SPIObj%2
                0x0000000020000050       0x2c
 .bss.sercom0SPIObj
                0x0000000020000050       0x2c build/default/debug/_ext/17022449/plib_sercom0_spi_master.o

.bss%3          0x000000002000007c       0x1c
 .bss           0x000000002000007c       0x1c c:/program files/microchip/xc32/v4.60/bin/bin/../../lib/gcc/pic32c/8.3.1/thumb/v6-m/nofp/crtbegin.o

.bss.TC3_CallbackObject%4
                0x0000000020000098        0x8
 .bss.TC3_CallbackObject
                0x0000000020000098        0x8 build/default/debug/_ext/829342655/plib_tc3.o

.bss.TCC0_CallbackObject%5
                0x00000000200000a0        0x8
 .bss.TCC0_CallbackObject
                0x00000000200000a0        0x8 build/default/debug/_ext/60181570/plib_tcc0.o

.bss%6          0x00000000200000a8        0x4
 .bss           0x00000000200000a8        0x4 c:/program files/microchip/xc32/v4.60/bin/bin/../../lib/gcc/pic32c/8.3.1/../../../../pic32c/lib/thumb/v6-m/nofp\libpic32c.a(data_init.o)

.bss%7          0x00000000200000ac        0x4
 .bss           0x00000000200000ac        0x4 c:/program files/microchip/xc32/v4.60/bin/bin/../../lib/gcc/pic32c/8.3.1/../../../../pic32c/lib/thumb/v6-m/nofp\libg-musl.a(__environ.o)
                0x00000000200000ac                __environ
                0x00000000200000ac                environ
                0x00000000200000ac                ___environ
                0x00000000200000ac                _environ

.bss.isLastByteTransferInProgress.5578%8
                0x00000000200000b0        0x1
 .bss.isLastByteTransferInProgress.5578
                0x00000000200000b0        0x1 build/default/debug/_ext/17022449/plib_sercom0_spi_master.o

.bss.delayDone%9
                0x00000000200000b1        0x1
 .bss.delayDone
                0x00000000200000b1        0x1 build/default/debug/_ext/1360937237/delay.o
                0x00000000200000b1                delayDone

.bss.txt_x_pos%10
                0x00000000200000b2        0x1
 .bss.txt_x_pos
                0x00000000200000b2        0x1 build/default/debug/_ext/1360937237/font.o
                0x00000000200000b2                txt_x_pos

.bss.txt_y_pos%11
                0x00000000200000b3        0x1
 .bss.txt_y_pos
                0x00000000200000b3        0x1 build/default/debug/_ext/1360937237/font.o
                0x00000000200000b3                txt_y_pos

.data.fontset_sz_10%12
                0x00000000200000b4      0x17c
 .data.fontset_sz_10
                0x00000000200000b4      0x17c build/default/debug/_ext/1360937237/font.o
                0x00000000200000b4                fontset_sz_10

.eh_frame%z1    0x0000000000000000        0x0
 .eh_frame      0x0000000000000000        0x0 c:/program files/microchip/xc32/v4.60/bin/bin/../../lib/gcc/pic32c/8.3.1/thumb/v6-m/nofp/crtbegin.o

.config_00804000.__config_00804000%13
                0x0000000000804000        0x4
 .config_00804000.__config_00804000
                0x0000000000804000        0x4 build/default/debug/_ext/1171490990/initialization.o
                0x0000000000804000                __config_00804000

.config_00804004.__config_00804004%14
                0x0000000000804004        0x4
 .config_00804004.__config_00804004
                0x0000000000804004        0x4 build/default/debug/_ext/1171490990/initialization.o
                0x0000000000804004                __config_00804004

.text.draw_char_transp%15
                0x00000000000000d0      0x290
 .text.draw_char_transp
                0x00000000000000d0      0x290 build/default/debug/_ext/1360937237/font.o
                0x00000000000000d0                draw_char_transp

.text.draw_char%16
                0x0000000000000360      0x25c
 .text.draw_char
                0x0000000000000360      0x25c build/default/debug/_ext/1360937237/font.o
                0x0000000000000360                draw_char

.dinit%17       0x00000000000005bc      0x1f0
 .dinit         0x00000000000005bc      0x1f0 data_init

.text.fill_display%18
                0x00000000000007ac      0x178
 .text.fill_display
                0x00000000000007ac      0x178 build/default/debug/_ext/1360937237/gfx.o
                0x00000000000007ac                fill_display

.text.SERCOM0_SPI_InterruptHandler%19
                0x0000000000000924      0x154
 .text.SERCOM0_SPI_InterruptHandler
                0x0000000000000924      0x154 build/default/debug/_ext/17022449/plib_sercom0_spi_master.o
                0x0000000000000924                SERCOM0_SPI_InterruptHandler

.text.st7735s_init%20
                0x0000000000000a78      0x144
 .text.st7735s_init
                0x0000000000000a78      0x144 build/default/debug/_ext/1360937237/st7735s.o
                0x0000000000000a78                st7735s_init

.text.PORT_Initialize%21
                0x0000000000000bbc       0xb4
 .text.PORT_Initialize
                0x0000000000000bbc       0xb4 build/default/debug/_ext/1865521619/plib_port.o
                0x0000000000000bbc                PORT_Initialize

.text.CLOCK_Initialize%22
                0x0000000000000c70       0x9c
 .text.CLOCK_Initialize
                0x0000000000000c70       0x9c build/default/debug/_ext/1984496892/plib_clock.o
                0x0000000000000c70                CLOCK_Initialize

.text.draw_string%23
                0x0000000000000d0c       0x60
 .text.draw_string
                0x0000000000000d0c       0x60 build/default/debug/_ext/1360937237/font.o
                0x0000000000000d0c                draw_string

.text.NVIC_Initialize%24
                0x0000000000000d6c       0x5c
 .text.NVIC_Initialize
                0x0000000000000d6c       0x5c build/default/debug/_ext/1865468468/plib_nvic.o
                0x0000000000000d6c                NVIC_Initialize

.text.__libc_start_init%25
                0x0000000000000dc8       0x5c
 .text.__libc_start_init
                0x0000000000000dc8       0x5c c:/program files/microchip/xc32/v4.60/bin/bin/../../lib/gcc/pic32c/8.3.1/../../../../pic32c/lib/thumb/v6-m/nofp\libg-musl.a(__libc_start_main.o)
                0x0000000000000dc8                __libc_init_array

.text.TCC0_CompareInitialize%26
                0x0000000000000e24       0x58
 .text.TCC0_CompareInitialize
                0x0000000000000e24       0x58 build/default/debug/_ext/60181570/plib_tcc0.o
                0x0000000000000e24                TCC0_CompareInitialize

.text%27        0x0000000000000e7c       0x48
 .text          0x0000000000000e7c       0x48 c:/program files/microchip/xc32/v4.60/bin/bin/../../lib/gcc/pic32c/8.3.1/thumb/v6-m/nofp/crtbegin.o

.text.TC3_TimerInitialize%28
                0x0000000000000ec4       0x48
 .text.TC3_TimerInitialize
                0x0000000000000ec4       0x48 build/default/debug/_ext/829342655/plib_tc3.o
                0x0000000000000ec4                TC3_TimerInitialize

.text.Reset_Handler%29
                0x0000000000000f0c       0x48
 .text.Reset_Handler
                0x0000000000000f0c       0x48 build/default/debug/_ext/1171490990/startup_xc32.o
                0x0000000000000f0c                Reset_Handler

.text.main%30   0x0000000000000f54       0x48
 .text.main     0x0000000000000f54       0x48 build/default/debug/_ext/1360937237/main.o
                0x0000000000000f54                main

.text.SERCOM0_SPI_Initialize%31
                0x0000000000000f9c       0x38
 .text.SERCOM0_SPI_Initialize
                0x0000000000000f9c       0x38 build/default/debug/_ext/17022449/plib_sercom0_spi_master.o
                0x0000000000000f9c                SERCOM0_SPI_Initialize

.text.__pic32c_data_initialization%32
                0x0000000000000fd4       0x38
 .text.__pic32c_data_initialization
                0x0000000000000fd4       0x38 c:/program files/microchip/xc32/v4.60/bin/bin/../../lib/gcc/pic32c/8.3.1/../../../../pic32c/lib/thumb/v6-m/nofp\libpic32c.a(data_init.o)
                0x0000000000000fd4                __pic32c_data_initialization

.text.SYS_Initialize%33
                0x000000000000100c       0x2c
 .text.SYS_Initialize
                0x000000000000100c       0x2c build/default/debug/_ext/1171490990/initialization.o
                0x000000000000100c                SYS_Initialize

.text.delay_ms%34
                0x0000000000001038       0x2c
 .text.delay_ms
                0x0000000000001038       0x2c build/default/debug/_ext/1360937237/delay.o
                0x0000000000001038                delay_ms

.text.TC3_TimerInterruptHandler%35
                0x0000000000001064       0x28
 .text.TC3_TimerInterruptHandler
                0x0000000000001064       0x28 build/default/debug/_ext/829342655/plib_tc3.o
                0x0000000000001064                TC3_TimerInterruptHandler

.text.TCC0_InterruptHandler%36
                0x000000000000108c       0x28
 .text.TCC0_InterruptHandler
                0x000000000000108c       0x28 build/default/debug/_ext/60181570/plib_tcc0.o
                0x000000000000108c                TCC0_InterruptHandler

.text.st7735s_power_off%37
                0x00000000000010b4       0x24
 .text.st7735s_power_off
                0x00000000000010b4       0x24 build/default/debug/_ext/1360937237/st7735s.o
                0x00000000000010b4                st7735s_power_off

.text.st7735s_hardware_reset%38
                0x00000000000010d8       0x20
 .text.st7735s_hardware_reset
                0x00000000000010d8       0x20 build/default/debug/_ext/1360937237/st7735s.o
                0x00000000000010d8                st7735s_hardware_reset

.text.libc_exit_fini%39
                0x00000000000010f8       0x20
 .text.libc_exit_fini
                0x00000000000010f8       0x20 c:/program files/microchip/xc32/v4.60/bin/bin/../../lib/gcc/pic32c/8.3.1/../../../../pic32c/lib/thumb/v6-m/nofp\libg-musl.a(exit.o)
                0x00000000000010f8                __libc_exit_fini
                0x00000000000010f8                __libc_fini_array

.text.__dinit_copy%40
                0x0000000000001118       0x1e
 .text.__dinit_copy
                0x0000000000001118       0x1e c:/program files/microchip/xc32/v4.60/bin/bin/../../lib/gcc/pic32c/8.3.1/../../../../pic32c/lib/thumb/v6-m/nofp\libpic32c.a(pic32_data_init_copy.o)
                0x0000000000001118                __dinit_copy_needed
                0x0000000000001118                __dinit_copy

.text.st7735s_power_on%41
                0x0000000000001138       0x1c
 .text.st7735s_power_on
                0x0000000000001138       0x1c build/default/debug/_ext/1360937237/st7735s.o
                0x0000000000001138                st7735s_power_on

.rodata.img_data_0x25_sz_10%42
                0x0000000000001154       0x1c
 .rodata.img_data_0x25_sz_10
                0x0000000000001154       0x1c build/default/debug/_ext/1360937237/font.o

.rodata.img_data_0x40_sz_10%43
                0x0000000000001170       0x1c
 .rodata.img_data_0x40_sz_10
                0x0000000000001170       0x1c build/default/debug/_ext/1360937237/font.o

.rodata.img_data_0x4d_sz_10%44
                0x000000000000118c       0x1c
 .rodata.img_data_0x4d_sz_10
                0x000000000000118c       0x1c build/default/debug/_ext/1360937237/font.o

.rodata.img_data_0x57_sz_10%45
                0x00000000000011a8       0x1c
 .rodata.img_data_0x57_sz_10
                0x00000000000011a8       0x1c build/default/debug/_ext/1360937237/font.o

.rodata.img_data_0x6d_sz_10%46
                0x00000000000011c4       0x1c
 .rodata.img_data_0x6d_sz_10
                0x00000000000011c4       0x1c build/default/debug/_ext/1360937237/font.o

.text.TC3_TimerStart%47
                0x00000000000011e0       0x18
 .text.TC3_TimerStart
                0x00000000000011e0       0x18 build/default/debug/_ext/829342655/plib_tc3.o
                0x00000000000011e0                TC3_TimerStart

.text.TC3_TimerStop%48
                0x00000000000011f8       0x18
 .text.TC3_TimerStop
                0x00000000000011f8       0x18 build/default/debug/_ext/829342655/plib_tc3.o
                0x00000000000011f8                TC3_TimerStop

.text.exit%49   0x0000000000001210       0x16
 .text.exit     0x0000000000001210       0x16 c:/program files/microchip/xc32/v4.60/bin/bin/../../lib/gcc/pic32c/8.3.1/../../../../pic32c/lib/thumb/v6-m/nofp\libg-musl.a(exit.o)
                0x0000000000001210                exit

.rodata.main.str1.4%50
                0x0000000000001228       0x14
 .rodata.main.str1.4
                0x0000000000001228       0x14 build/default/debug/_ext/1360937237/main.o

.rodata%51      0x000000000000123c       0x14
 .rodata        0x000000000000123c       0x14 c:/program files/microchip/xc32/v4.60/bin/bin/../../lib/gcc/pic32c/8.3.1/../../../../pic32c/lib/thumb/v6-m/nofp\libpic32c.a(data_init.o)

.text.__dinit_clear%52
                0x0000000000001250       0x12
 .text.__dinit_clear
                0x0000000000001250       0x12 c:/program files/microchip/xc32/v4.60/bin/bin/../../lib/gcc/pic32c/8.3.1/../../../../pic32c/lib/thumb/v6-m/nofp\libpic32c.a(pic32_data_init_clear.o)
                0x0000000000001250                __dinit_clear
                0x0000000000001250                __dinit_clear_needed

.rodata.img_data_0x20_sz_10%53
                0x0000000000001264       0x10
 .rodata.img_data_0x20_sz_10
                0x0000000000001264       0x10 build/default/debug/_ext/1360937237/font.o

.rodata.img_data_0x21_sz_10%54
                0x0000000000001274       0x10
 .rodata.img_data_0x21_sz_10
                0x0000000000001274       0x10 build/default/debug/_ext/1360937237/font.o

.rodata.img_data_0x22_sz_10%55
                0x0000000000001284       0x10
 .rodata.img_data_0x22_sz_10
                0x0000000000001284       0x10 build/default/debug/_ext/1360937237/font.o

.rodata.img_data_0x23_sz_10%56
                0x0000000000001294       0x10
 .rodata.img_data_0x23_sz_10
                0x0000000000001294       0x10 build/default/debug/_ext/1360937237/font.o

.rodata.img_data_0x24_sz_10%57
                0x00000000000012a4       0x10
 .rodata.img_data_0x24_sz_10
                0x00000000000012a4       0x10 build/default/debug/_ext/1360937237/font.o

.rodata.img_data_0x26_sz_10%58
                0x00000000000012b4       0x10
 .rodata.img_data_0x26_sz_10
                0x00000000000012b4       0x10 build/default/debug/_ext/1360937237/font.o

.rodata.img_data_0x27_sz_10%59
                0x00000000000012c4       0x10
 .rodata.img_data_0x27_sz_10
                0x00000000000012c4       0x10 build/default/debug/_ext/1360937237/font.o

.rodata.img_data_0x28_sz_10%60
                0x00000000000012d4       0x10
 .rodata.img_data_0x28_sz_10
                0x00000000000012d4       0x10 build/default/debug/_ext/1360937237/font.o

.rodata.img_data_0x29_sz_10%61
                0x00000000000012e4       0x10
 .rodata.img_data_0x29_sz_10
                0x00000000000012e4       0x10 build/default/debug/_ext/1360937237/font.o

.rodata.img_data_0x2a_sz_10%62
                0x00000000000012f4       0x10
 .rodata.img_data_0x2a_sz_10
                0x00000000000012f4       0x10 build/default/debug/_ext/1360937237/font.o

.rodata.img_data_0x2b_sz_10%63
                0x0000000000001304       0x10
 .rodata.img_data_0x2b_sz_10
                0x0000000000001304       0x10 build/default/debug/_ext/1360937237/font.o

.rodata.img_data_0x2c_sz_10%64
                0x0000000000001314       0x10
 .rodata.img_data_0x2c_sz_10
                0x0000000000001314       0x10 build/default/debug/_ext/1360937237/font.o

.rodata.img_data_0x2d_sz_10%65
                0x0000000000001324       0x10
 .rodata.img_data_0x2d_sz_10
                0x0000000000001324       0x10 build/default/debug/_ext/1360937237/font.o

.rodata.img_data_0x2e_sz_10%66
                0x0000000000001334       0x10
 .rodata.img_data_0x2e_sz_10
                0x0000000000001334       0x10 build/default/debug/_ext/1360937237/font.o

.rodata.img_data_0x2f_sz_10%67
                0x0000000000001344       0x10
 .rodata.img_data_0x2f_sz_10
                0x0000000000001344       0x10 build/default/debug/_ext/1360937237/font.o

.rodata.img_data_0x30_sz_10%68
                0x0000000000001354       0x10
 .rodata.img_data_0x30_sz_10
                0x0000000000001354       0x10 build/default/debug/_ext/1360937237/font.o

.rodata.img_data_0x31_sz_10%69
                0x0000000000001364       0x10
 .rodata.img_data_0x31_sz_10
                0x0000000000001364       0x10 build/default/debug/_ext/1360937237/font.o

.rodata.img_data_0x32_sz_10%70
                0x0000000000001374       0x10
 .rodata.img_data_0x32_sz_10
                0x0000000000001374       0x10 build/default/debug/_ext/1360937237/font.o

.rodata.img_data_0x33_sz_10%71
                0x0000000000001384       0x10
 .rodata.img_data_0x33_sz_10
                0x0000000000001384       0x10 build/default/debug/_ext/1360937237/font.o

.rodata.img_data_0x34_sz_10%72
                0x0000000000001394       0x10
 .rodata.img_data_0x34_sz_10
                0x0000000000001394       0x10 build/default/debug/_ext/1360937237/font.o

.rodata.img_data_0x35_sz_10%73
                0x00000000000013a4       0x10
 .rodata.img_data_0x35_sz_10
                0x00000000000013a4       0x10 build/default/debug/_ext/1360937237/font.o

.rodata.img_data_0x36_sz_10%74
                0x00000000000013b4       0x10
 .rodata.img_data_0x36_sz_10
                0x00000000000013b4       0x10 build/default/debug/_ext/1360937237/font.o

.rodata.img_data_0x37_sz_10%75
                0x00000000000013c4       0x10
 .rodata.img_data_0x37_sz_10
                0x00000000000013c4       0x10 build/default/debug/_ext/1360937237/font.o

.rodata.img_data_0x38_sz_10%76
                0x00000000000013d4       0x10
 .rodata.img_data_0x38_sz_10
                0x00000000000013d4       0x10 build/default/debug/_ext/1360937237/font.o

.rodata.img_data_0x39_sz_10%77
                0x00000000000013e4       0x10
 .rodata.img_data_0x39_sz_10
                0x00000000000013e4       0x10 build/default/debug/_ext/1360937237/font.o

.rodata.img_data_0x3a_sz_10%78
                0x00000000000013f4       0x10
 .rodata.img_data_0x3a_sz_10
                0x00000000000013f4       0x10 build/default/debug/_ext/1360937237/font.o

.rodata.img_data_0x3b_sz_10%79
                0x0000000000001404       0x10
 .rodata.img_data_0x3b_sz_10
                0x0000000000001404       0x10 build/default/debug/_ext/1360937237/font.o

.rodata.img_data_0x3c_sz_10%80
                0x0000000000001414       0x10
 .rodata.img_data_0x3c_sz_10
                0x0000000000001414       0x10 build/default/debug/_ext/1360937237/font.o

.rodata.img_data_0x3d_sz_10%81
                0x0000000000001424       0x10
 .rodata.img_data_0x3d_sz_10
                0x0000000000001424       0x10 build/default/debug/_ext/1360937237/font.o

.rodata.img_data_0x3e_sz_10%82
                0x0000000000001434       0x10
 .rodata.img_data_0x3e_sz_10
                0x0000000000001434       0x10 build/default/debug/_ext/1360937237/font.o

.rodata.img_data_0x3f_sz_10%83
                0x0000000000001444       0x10
 .rodata.img_data_0x3f_sz_10
                0x0000000000001444       0x10 build/default/debug/_ext/1360937237/font.o

.rodata.img_data_0x41_sz_10%84
                0x0000000000001454       0x10
 .rodata.img_data_0x41_sz_10
                0x0000000000001454       0x10 build/default/debug/_ext/1360937237/font.o

.rodata.img_data_0x42_sz_10%85
                0x0000000000001464       0x10
 .rodata.img_data_0x42_sz_10
                0x0000000000001464       0x10 build/default/debug/_ext/1360937237/font.o

.rodata.img_data_0x43_sz_10%86
                0x0000000000001474       0x10
 .rodata.img_data_0x43_sz_10
                0x0000000000001474       0x10 build/default/debug/_ext/1360937237/font.o

.rodata.img_data_0x44_sz_10%87
                0x0000000000001484       0x10
 .rodata.img_data_0x44_sz_10
                0x0000000000001484       0x10 build/default/debug/_ext/1360937237/font.o

.rodata.img_data_0x45_sz_10%88
                0x0000000000001494       0x10
 .rodata.img_data_0x45_sz_10
                0x0000000000001494       0x10 build/default/debug/_ext/1360937237/font.o

.rodata.img_data_0x46_sz_10%89
                0x00000000000014a4       0x10
 .rodata.img_data_0x46_sz_10
                0x00000000000014a4       0x10 build/default/debug/_ext/1360937237/font.o

.rodata.img_data_0x47_sz_10%90
                0x00000000000014b4       0x10
 .rodata.img_data_0x47_sz_10
                0x00000000000014b4       0x10 build/default/debug/_ext/1360937237/font.o

.rodata.img_data_0x48_sz_10%91
                0x00000000000014c4       0x10
 .rodata.img_data_0x48_sz_10
                0x00000000000014c4       0x10 build/default/debug/_ext/1360937237/font.o

.rodata.img_data_0x49_sz_10%92
                0x00000000000014d4       0x10
 .rodata.img_data_0x49_sz_10
                0x00000000000014d4       0x10 build/default/debug/_ext/1360937237/font.o

.rodata.img_data_0x4a_sz_10%93
                0x00000000000014e4       0x10
 .rodata.img_data_0x4a_sz_10
                0x00000000000014e4       0x10 build/default/debug/_ext/1360937237/font.o

.rodata.img_data_0x4b_sz_10%94
                0x00000000000014f4       0x10
 .rodata.img_data_0x4b_sz_10
                0x00000000000014f4       0x10 build/default/debug/_ext/1360937237/font.o

.rodata.img_data_0x4c_sz_10%95
                0x0000000000001504       0x10
 .rodata.img_data_0x4c_sz_10
                0x0000000000001504       0x10 build/default/debug/_ext/1360937237/font.o

.rodata.img_data_0x4e_sz_10%96
                0x0000000000001514       0x10
 .rodata.img_data_0x4e_sz_10
                0x0000000000001514       0x10 build/default/debug/_ext/1360937237/font.o

.rodata.img_data_0x4f_sz_10%97
                0x0000000000001524       0x10
 .rodata.img_data_0x4f_sz_10
                0x0000000000001524       0x10 build/default/debug/_ext/1360937237/font.o

.rodata.img_data_0x50_sz_10%98
                0x0000000000001534       0x10
 .rodata.img_data_0x50_sz_10
                0x0000000000001534       0x10 build/default/debug/_ext/1360937237/font.o

.rodata.img_data_0x51_sz_10%99
                0x0000000000001544       0x10
 .rodata.img_data_0x51_sz_10
                0x0000000000001544       0x10 build/default/debug/_ext/1360937237/font.o

.rodata.img_data_0x52_sz_10%100
                0x0000000000001554       0x10
 .rodata.img_data_0x52_sz_10
                0x0000000000001554       0x10 build/default/debug/_ext/1360937237/font.o

.rodata.img_data_0x53_sz_10%101
                0x0000000000001564       0x10
 .rodata.img_data_0x53_sz_10
                0x0000000000001564       0x10 build/default/debug/_ext/1360937237/font.o

.rodata.img_data_0x54_sz_10%102
                0x0000000000001574       0x10
 .rodata.img_data_0x54_sz_10
                0x0000000000001574       0x10 build/default/debug/_ext/1360937237/font.o

.rodata.img_data_0x55_sz_10%103
                0x0000000000001584       0x10
 .rodata.img_data_0x55_sz_10
                0x0000000000001584       0x10 build/default/debug/_ext/1360937237/font.o

.rodata.img_data_0x56_sz_10%104
                0x0000000000001594       0x10
 .rodata.img_data_0x56_sz_10
                0x0000000000001594       0x10 build/default/debug/_ext/1360937237/font.o

.rodata.img_data_0x58_sz_10%105
                0x00000000000015a4       0x10
 .rodata.img_data_0x58_sz_10
                0x00000000000015a4       0x10 build/default/debug/_ext/1360937237/font.o

.rodata.img_data_0x59_sz_10%106
                0x00000000000015b4       0x10
 .rodata.img_data_0x59_sz_10
                0x00000000000015b4       0x10 build/default/debug/_ext/1360937237/font.o

.rodata.img_data_0x5a_sz_10%107
                0x00000000000015c4       0x10
 .rodata.img_data_0x5a_sz_10
                0x00000000000015c4       0x10 build/default/debug/_ext/1360937237/font.o

.rodata.img_data_0x5b_sz_10%108
                0x00000000000015d4       0x10
 .rodata.img_data_0x5b_sz_10
                0x00000000000015d4       0x10 build/default/debug/_ext/1360937237/font.o

.rodata.img_data_0x5c_sz_10%109
                0x00000000000015e4       0x10
 .rodata.img_data_0x5c_sz_10
                0x00000000000015e4       0x10 build/default/debug/_ext/1360937237/font.o

.rodata.img_data_0x5d_sz_10%110
                0x00000000000015f4       0x10
 .rodata.img_data_0x5d_sz_10
                0x00000000000015f4       0x10 build/default/debug/_ext/1360937237/font.o

.rodata.img_data_0x5e_sz_10%111
                0x0000000000001604       0x10
 .rodata.img_data_0x5e_sz_10
                0x0000000000001604       0x10 build/default/debug/_ext/1360937237/font.o

.rodata.img_data_0x5f_sz_10%112
                0x0000000000001614       0x10
 .rodata.img_data_0x5f_sz_10
                0x0000000000001614       0x10 build/default/debug/_ext/1360937237/font.o

.rodata.img_data_0x60_sz_10%113
                0x0000000000001624       0x10
 .rodata.img_data_0x60_sz_10
                0x0000000000001624       0x10 build/default/debug/_ext/1360937237/font.o

.rodata.img_data_0x61_sz_10%114
                0x0000000000001634       0x10
 .rodata.img_data_0x61_sz_10
                0x0000000000001634       0x10 build/default/debug/_ext/1360937237/font.o

.rodata.img_data_0x62_sz_10%115
                0x0000000000001644       0x10
 .rodata.img_data_0x62_sz_10
                0x0000000000001644       0x10 build/default/debug/_ext/1360937237/font.o

.rodata.img_data_0x63_sz_10%116
                0x0000000000001654       0x10
 .rodata.img_data_0x63_sz_10
                0x0000000000001654       0x10 build/default/debug/_ext/1360937237/font.o

.rodata.img_data_0x64_sz_10%117
                0x0000000000001664       0x10
 .rodata.img_data_0x64_sz_10
                0x0000000000001664       0x10 build/default/debug/_ext/1360937237/font.o

.rodata.img_data_0x65_sz_10%118
                0x0000000000001674       0x10
 .rodata.img_data_0x65_sz_10
                0x0000000000001674       0x10 build/default/debug/_ext/1360937237/font.o

.rodata.img_data_0x66_sz_10%119
                0x0000000000001684       0x10
 .rodata.img_data_0x66_sz_10
                0x0000000000001684       0x10 build/default/debug/_ext/1360937237/font.o

.rodata.img_data_0x67_sz_10%120
                0x0000000000001694       0x10
 .rodata.img_data_0x67_sz_10
                0x0000000000001694       0x10 build/default/debug/_ext/1360937237/font.o

.rodata.img_data_0x68_sz_10%121
                0x00000000000016a4       0x10
 .rodata.img_data_0x68_sz_10
                0x00000000000016a4       0x10 build/default/debug/_ext/1360937237/font.o

.rodata.img_data_0x69_sz_10%122
                0x00000000000016b4       0x10
 .rodata.img_data_0x69_sz_10
                0x00000000000016b4       0x10 build/default/debug/_ext/1360937237/font.o

.rodata.img_data_0x6a_sz_10%123
                0x00000000000016c4       0x10
 .rodata.img_data_0x6a_sz_10
                0x00000000000016c4       0x10 build/default/debug/_ext/1360937237/font.o

.rodata.img_data_0x6b_sz_10%124
                0x00000000000016d4       0x10
 .rodata.img_data_0x6b_sz_10
                0x00000000000016d4       0x10 build/default/debug/_ext/1360937237/font.o

.rodata.img_data_0x6c_sz_10%125
                0x00000000000016e4       0x10
 .rodata.img_data_0x6c_sz_10
                0x00000000000016e4       0x10 build/default/debug/_ext/1360937237/font.o

.rodata.img_data_0x6e_sz_10%126
                0x00000000000016f4       0x10
 .rodata.img_data_0x6e_sz_10
                0x00000000000016f4       0x10 build/default/debug/_ext/1360937237/font.o

.rodata.img_data_0x6f_sz_10%127
                0x0000000000001704       0x10
 .rodata.img_data_0x6f_sz_10
                0x0000000000001704       0x10 build/default/debug/_ext/1360937237/font.o

.rodata.img_data_0x70_sz_10%128
                0x0000000000001714       0x10
 .rodata.img_data_0x70_sz_10
                0x0000000000001714       0x10 build/default/debug/_ext/1360937237/font.o

.rodata.img_data_0x71_sz_10%129
                0x0000000000001724       0x10
 .rodata.img_data_0x71_sz_10
                0x0000000000001724       0x10 build/default/debug/_ext/1360937237/font.o

.rodata.img_data_0x72_sz_10%130
                0x0000000000001734       0x10
 .rodata.img_data_0x72_sz_10
                0x0000000000001734       0x10 build/default/debug/_ext/1360937237/font.o

.rodata.img_data_0x73_sz_10%131
                0x0000000000001744       0x10
 .rodata.img_data_0x73_sz_10
                0x0000000000001744       0x10 build/default/debug/_ext/1360937237/font.o

.rodata.img_data_0x74_sz_10%132
                0x0000000000001754       0x10
 .rodata.img_data_0x74_sz_10
                0x0000000000001754       0x10 build/default/debug/_ext/1360937237/font.o

.rodata.img_data_0x75_sz_10%133
                0x0000000000001764       0x10
 .rodata.img_data_0x75_sz_10
                0x0000000000001764       0x10 build/default/debug/_ext/1360937237/font.o

.rodata.img_data_0x76_sz_10%134
                0x0000000000001774       0x10
 .rodata.img_data_0x76_sz_10
                0x0000000000001774       0x10 build/default/debug/_ext/1360937237/font.o

.rodata.img_data_0x77_sz_10%135
                0x0000000000001784       0x10
 .rodata.img_data_0x77_sz_10
                0x0000000000001784       0x10 build/default/debug/_ext/1360937237/font.o

.rodata.img_data_0x78_sz_10%136
                0x0000000000001794       0x10
 .rodata.img_data_0x78_sz_10
                0x0000000000001794       0x10 build/default/debug/_ext/1360937237/font.o

.rodata.img_data_0x79_sz_10%137
                0x00000000000017a4       0x10
 .rodata.img_data_0x79_sz_10
                0x00000000000017a4       0x10 build/default/debug/_ext/1360937237/font.o

.rodata.img_data_0x7a_sz_10%138
                0x00000000000017b4       0x10
 .rodata.img_data_0x7a_sz_10
                0x00000000000017b4       0x10 build/default/debug/_ext/1360937237/font.o

.rodata.img_data_0x7b_sz_10%139
                0x00000000000017c4       0x10
 .rodata.img_data_0x7b_sz_10
                0x00000000000017c4       0x10 build/default/debug/_ext/1360937237/font.o

.rodata.img_data_0x7c_sz_10%140
                0x00000000000017d4       0x10
 .rodata.img_data_0x7c_sz_10
                0x00000000000017d4       0x10 build/default/debug/_ext/1360937237/font.o

.rodata.img_data_0x7d_sz_10%141
                0x00000000000017e4       0x10
 .rodata.img_data_0x7d_sz_10
                0x00000000000017e4       0x10 build/default/debug/_ext/1360937237/font.o

.rodata.img_data_0x7e_sz_10%142
                0x00000000000017f4       0x10
 .rodata.img_data_0x7e_sz_10
                0x00000000000017f4       0x10 build/default/debug/_ext/1360937237/font.o

.text.NVMCTRL_Initialize%143
                0x0000000000001804        0xc
 .text.NVMCTRL_Initialize
                0x0000000000001804        0xc build/default/debug/_ext/1593096446/plib_nvmctrl.o
                0x0000000000001804                NVMCTRL_Initialize

.text.TC3_TimerCallbackRegister%144
                0x0000000000001810        0xc
 .text.TC3_TimerCallbackRegister
                0x0000000000001810        0xc build/default/debug/_ext/829342655/plib_tc3.o
                0x0000000000001810                TC3_TimerCallbackRegister

.text.TC3_Callback_InterruptHandler%145
                0x000000000000181c        0xc
 .text.TC3_Callback_InterruptHandler
                0x000000000000181c        0xc build/default/debug/_ext/1360937237/delay.o
                0x000000000000181c                TC3_Callback_InterruptHandler

.rodata.char_0x20_sz_10%146
                0x0000000000001828        0x8
 .rodata.char_0x20_sz_10
                0x0000000000001828        0x8 build/default/debug/_ext/1360937237/font.o

.rodata.char_0x21_sz_10%147
                0x0000000000001830        0x8
 .rodata.char_0x21_sz_10
                0x0000000000001830        0x8 build/default/debug/_ext/1360937237/font.o

.rodata.char_0x22_sz_10%148
                0x0000000000001838        0x8
 .rodata.char_0x22_sz_10
                0x0000000000001838        0x8 build/default/debug/_ext/1360937237/font.o

.rodata.char_0x23_sz_10%149
                0x0000000000001840        0x8
 .rodata.char_0x23_sz_10
                0x0000000000001840        0x8 build/default/debug/_ext/1360937237/font.o

.rodata.char_0x24_sz_10%150
                0x0000000000001848        0x8
 .rodata.char_0x24_sz_10
                0x0000000000001848        0x8 build/default/debug/_ext/1360937237/font.o

.rodata.char_0x25_sz_10%151
                0x0000000000001850        0x8
 .rodata.char_0x25_sz_10
                0x0000000000001850        0x8 build/default/debug/_ext/1360937237/font.o

.rodata.char_0x26_sz_10%152
                0x0000000000001858        0x8
 .rodata.char_0x26_sz_10
                0x0000000000001858        0x8 build/default/debug/_ext/1360937237/font.o

.rodata.char_0x27_sz_10%153
                0x0000000000001860        0x8
 .rodata.char_0x27_sz_10
                0x0000000000001860        0x8 build/default/debug/_ext/1360937237/font.o

.rodata.char_0x28_sz_10%154
                0x0000000000001868        0x8
 .rodata.char_0x28_sz_10
                0x0000000000001868        0x8 build/default/debug/_ext/1360937237/font.o

.rodata.char_0x29_sz_10%155
                0x0000000000001870        0x8
 .rodata.char_0x29_sz_10
                0x0000000000001870        0x8 build/default/debug/_ext/1360937237/font.o

.rodata.char_0x2a_sz_10%156
                0x0000000000001878        0x8
 .rodata.char_0x2a_sz_10
                0x0000000000001878        0x8 build/default/debug/_ext/1360937237/font.o

.rodata.char_0x2b_sz_10%157
                0x0000000000001880        0x8
 .rodata.char_0x2b_sz_10
                0x0000000000001880        0x8 build/default/debug/_ext/1360937237/font.o

.rodata.char_0x2c_sz_10%158
                0x0000000000001888        0x8
 .rodata.char_0x2c_sz_10
                0x0000000000001888        0x8 build/default/debug/_ext/1360937237/font.o

.rodata.char_0x2d_sz_10%159
                0x0000000000001890        0x8
 .rodata.char_0x2d_sz_10
                0x0000000000001890        0x8 build/default/debug/_ext/1360937237/font.o

.rodata.char_0x2e_sz_10%160
                0x0000000000001898        0x8
 .rodata.char_0x2e_sz_10
                0x0000000000001898        0x8 build/default/debug/_ext/1360937237/font.o

.rodata.char_0x2f_sz_10%161
                0x00000000000018a0        0x8
 .rodata.char_0x2f_sz_10
                0x00000000000018a0        0x8 build/default/debug/_ext/1360937237/font.o

.rodata.char_0x30_sz_10%162
                0x00000000000018a8        0x8
 .rodata.char_0x30_sz_10
                0x00000000000018a8        0x8 build/default/debug/_ext/1360937237/font.o

.rodata.char_0x31_sz_10%163
                0x00000000000018b0        0x8
 .rodata.char_0x31_sz_10
                0x00000000000018b0        0x8 build/default/debug/_ext/1360937237/font.o

.rodata.char_0x32_sz_10%164
                0x00000000000018b8        0x8
 .rodata.char_0x32_sz_10
                0x00000000000018b8        0x8 build/default/debug/_ext/1360937237/font.o

.rodata.char_0x33_sz_10%165
                0x00000000000018c0        0x8
 .rodata.char_0x33_sz_10
                0x00000000000018c0        0x8 build/default/debug/_ext/1360937237/font.o

.rodata.char_0x34_sz_10%166
                0x00000000000018c8        0x8
 .rodata.char_0x34_sz_10
                0x00000000000018c8        0x8 build/default/debug/_ext/1360937237/font.o

.rodata.char_0x35_sz_10%167
                0x00000000000018d0        0x8
 .rodata.char_0x35_sz_10
                0x00000000000018d0        0x8 build/default/debug/_ext/1360937237/font.o

.rodata.char_0x36_sz_10%168
                0x00000000000018d8        0x8
 .rodata.char_0x36_sz_10
                0x00000000000018d8        0x8 build/default/debug/_ext/1360937237/font.o

.rodata.char_0x37_sz_10%169
                0x00000000000018e0        0x8
 .rodata.char_0x37_sz_10
                0x00000000000018e0        0x8 build/default/debug/_ext/1360937237/font.o

.rodata.char_0x38_sz_10%170
                0x00000000000018e8        0x8
 .rodata.char_0x38_sz_10
                0x00000000000018e8        0x8 build/default/debug/_ext/1360937237/font.o

.rodata.char_0x39_sz_10%171
                0x00000000000018f0        0x8
 .rodata.char_0x39_sz_10
                0x00000000000018f0        0x8 build/default/debug/_ext/1360937237/font.o

.rodata.char_0x3a_sz_10%172
                0x00000000000018f8        0x8
 .rodata.char_0x3a_sz_10
                0x00000000000018f8        0x8 build/default/debug/_ext/1360937237/font.o

.rodata.char_0x3b_sz_10%173
                0x0000000000001900        0x8
 .rodata.char_0x3b_sz_10
                0x0000000000001900        0x8 build/default/debug/_ext/1360937237/font.o

.rodata.char_0x3c_sz_10%174
                0x0000000000001908        0x8
 .rodata.char_0x3c_sz_10
                0x0000000000001908        0x8 build/default/debug/_ext/1360937237/font.o

.rodata.char_0x3d_sz_10%175
                0x0000000000001910        0x8
 .rodata.char_0x3d_sz_10
                0x0000000000001910        0x8 build/default/debug/_ext/1360937237/font.o

.rodata.char_0x3e_sz_10%176
                0x0000000000001918        0x8
 .rodata.char_0x3e_sz_10
                0x0000000000001918        0x8 build/default/debug/_ext/1360937237/font.o

.rodata.char_0x3f_sz_10%177
                0x0000000000001920        0x8
 .rodata.char_0x3f_sz_10
                0x0000000000001920        0x8 build/default/debug/_ext/1360937237/font.o

.rodata.char_0x40_sz_10%178
                0x0000000000001928        0x8
 .rodata.char_0x40_sz_10
                0x0000000000001928        0x8 build/default/debug/_ext/1360937237/font.o

.rodata.char_0x41_sz_10%179
                0x0000000000001930        0x8
 .rodata.char_0x41_sz_10
                0x0000000000001930        0x8 build/default/debug/_ext/1360937237/font.o

.rodata.char_0x42_sz_10%180
                0x0000000000001938        0x8
 .rodata.char_0x42_sz_10
                0x0000000000001938        0x8 build/default/debug/_ext/1360937237/font.o

.rodata.char_0x43_sz_10%181
                0x0000000000001940        0x8
 .rodata.char_0x43_sz_10
                0x0000000000001940        0x8 build/default/debug/_ext/1360937237/font.o

.rodata.char_0x44_sz_10%182
                0x0000000000001948        0x8
 .rodata.char_0x44_sz_10
                0x0000000000001948        0x8 build/default/debug/_ext/1360937237/font.o

.rodata.char_0x45_sz_10%183
                0x0000000000001950        0x8
 .rodata.char_0x45_sz_10
                0x0000000000001950        0x8 build/default/debug/_ext/1360937237/font.o

.rodata.char_0x46_sz_10%184
                0x0000000000001958        0x8
 .rodata.char_0x46_sz_10
                0x0000000000001958        0x8 build/default/debug/_ext/1360937237/font.o

.rodata.char_0x47_sz_10%185
                0x0000000000001960        0x8
 .rodata.char_0x47_sz_10
                0x0000000000001960        0x8 build/default/debug/_ext/1360937237/font.o

.rodata.char_0x48_sz_10%186
                0x0000000000001968        0x8
 .rodata.char_0x48_sz_10
                0x0000000000001968        0x8 build/default/debug/_ext/1360937237/font.o

.rodata.char_0x49_sz_10%187
                0x0000000000001970        0x8
 .rodata.char_0x49_sz_10
                0x0000000000001970        0x8 build/default/debug/_ext/1360937237/font.o

.rodata.char_0x4a_sz_10%188
                0x0000000000001978        0x8
 .rodata.char_0x4a_sz_10
                0x0000000000001978        0x8 build/default/debug/_ext/1360937237/font.o

.rodata.char_0x4b_sz_10%189
                0x0000000000001980        0x8
 .rodata.char_0x4b_sz_10
                0x0000000000001980        0x8 build/default/debug/_ext/1360937237/font.o

.rodata.char_0x4c_sz_10%190
                0x0000000000001988        0x8
 .rodata.char_0x4c_sz_10
                0x0000000000001988        0x8 build/default/debug/_ext/1360937237/font.o

.rodata.char_0x4d_sz_10%191
                0x0000000000001990        0x8
 .rodata.char_0x4d_sz_10
                0x0000000000001990        0x8 build/default/debug/_ext/1360937237/font.o

.rodata.char_0x4e_sz_10%192
                0x0000000000001998        0x8
 .rodata.char_0x4e_sz_10
                0x0000000000001998        0x8 build/default/debug/_ext/1360937237/font.o

.rodata.char_0x4f_sz_10%193
                0x00000000000019a0        0x8
 .rodata.char_0x4f_sz_10
                0x00000000000019a0        0x8 build/default/debug/_ext/1360937237/font.o

.rodata.char_0x50_sz_10%194
                0x00000000000019a8        0x8
 .rodata.char_0x50_sz_10
                0x00000000000019a8        0x8 build/default/debug/_ext/1360937237/font.o

.rodata.char_0x51_sz_10%195
                0x00000000000019b0        0x8
 .rodata.char_0x51_sz_10
                0x00000000000019b0        0x8 build/default/debug/_ext/1360937237/font.o

.rodata.char_0x52_sz_10%196
                0x00000000000019b8        0x8
 .rodata.char_0x52_sz_10
                0x00000000000019b8        0x8 build/default/debug/_ext/1360937237/font.o

.rodata.char_0x53_sz_10%197
                0x00000000000019c0        0x8
 .rodata.char_0x53_sz_10
                0x00000000000019c0        0x8 build/default/debug/_ext/1360937237/font.o

.rodata.char_0x54_sz_10%198
                0x00000000000019c8        0x8
 .rodata.char_0x54_sz_10
                0x00000000000019c8        0x8 build/default/debug/_ext/1360937237/font.o

.rodata.char_0x55_sz_10%199
                0x00000000000019d0        0x8
 .rodata.char_0x55_sz_10
                0x00000000000019d0        0x8 build/default/debug/_ext/1360937237/font.o

.rodata.char_0x56_sz_10%200
                0x00000000000019d8        0x8
 .rodata.char_0x56_sz_10
                0x00000000000019d8        0x8 build/default/debug/_ext/1360937237/font.o

.rodata.char_0x57_sz_10%201
                0x00000000000019e0        0x8
 .rodata.char_0x57_sz_10
                0x00000000000019e0        0x8 build/default/debug/_ext/1360937237/font.o

.rodata.char_0x58_sz_10%202
                0x00000000000019e8        0x8
 .rodata.char_0x58_sz_10
                0x00000000000019e8        0x8 build/default/debug/_ext/1360937237/font.o

.rodata.char_0x59_sz_10%203
                0x00000000000019f0        0x8
 .rodata.char_0x59_sz_10
                0x00000000000019f0        0x8 build/default/debug/_ext/1360937237/font.o

.rodata.char_0x5a_sz_10%204
                0x00000000000019f8        0x8
 .rodata.char_0x5a_sz_10
                0x00000000000019f8        0x8 build/default/debug/_ext/1360937237/font.o

.rodata.char_0x5b_sz_10%205
                0x0000000000001a00        0x8
 .rodata.char_0x5b_sz_10
                0x0000000000001a00        0x8 build/default/debug/_ext/1360937237/font.o

.rodata.char_0x5c_sz_10%206
                0x0000000000001a08        0x8
 .rodata.char_0x5c_sz_10
                0x0000000000001a08        0x8 build/default/debug/_ext/1360937237/font.o

.rodata.char_0x5d_sz_10%207
                0x0000000000001a10        0x8
 .rodata.char_0x5d_sz_10
                0x0000000000001a10        0x8 build/default/debug/_ext/1360937237/font.o

.rodata.char_0x5e_sz_10%208
                0x0000000000001a18        0x8
 .rodata.char_0x5e_sz_10
                0x0000000000001a18        0x8 build/default/debug/_ext/1360937237/font.o

.rodata.char_0x5f_sz_10%209
                0x0000000000001a20        0x8
 .rodata.char_0x5f_sz_10
                0x0000000000001a20        0x8 build/default/debug/_ext/1360937237/font.o

.rodata.char_0x60_sz_10%210
                0x0000000000001a28        0x8
 .rodata.char_0x60_sz_10
                0x0000000000001a28        0x8 build/default/debug/_ext/1360937237/font.o

.rodata.char_0x61_sz_10%211
                0x0000000000001a30        0x8
 .rodata.char_0x61_sz_10
                0x0000000000001a30        0x8 build/default/debug/_ext/1360937237/font.o

.rodata.char_0x62_sz_10%212
                0x0000000000001a38        0x8
 .rodata.char_0x62_sz_10
                0x0000000000001a38        0x8 build/default/debug/_ext/1360937237/font.o

.rodata.char_0x63_sz_10%213
                0x0000000000001a40        0x8
 .rodata.char_0x63_sz_10
                0x0000000000001a40        0x8 build/default/debug/_ext/1360937237/font.o

.rodata.char_0x64_sz_10%214
                0x0000000000001a48        0x8
 .rodata.char_0x64_sz_10
                0x0000000000001a48        0x8 build/default/debug/_ext/1360937237/font.o

.rodata.char_0x65_sz_10%215
                0x0000000000001a50        0x8
 .rodata.char_0x65_sz_10
                0x0000000000001a50        0x8 build/default/debug/_ext/1360937237/font.o

.rodata.char_0x66_sz_10%216
                0x0000000000001a58        0x8
 .rodata.char_0x66_sz_10
                0x0000000000001a58        0x8 build/default/debug/_ext/1360937237/font.o

.rodata.char_0x67_sz_10%217
                0x0000000000001a60        0x8
 .rodata.char_0x67_sz_10
                0x0000000000001a60        0x8 build/default/debug/_ext/1360937237/font.o

.rodata.char_0x68_sz_10%218
                0x0000000000001a68        0x8
 .rodata.char_0x68_sz_10
                0x0000000000001a68        0x8 build/default/debug/_ext/1360937237/font.o

.rodata.char_0x69_sz_10%219
                0x0000000000001a70        0x8
 .rodata.char_0x69_sz_10
                0x0000000000001a70        0x8 build/default/debug/_ext/1360937237/font.o

.rodata.char_0x6a_sz_10%220
                0x0000000000001a78        0x8
 .rodata.char_0x6a_sz_10
                0x0000000000001a78        0x8 build/default/debug/_ext/1360937237/font.o

.rodata.char_0x6b_sz_10%221
                0x0000000000001a80        0x8
 .rodata.char_0x6b_sz_10
                0x0000000000001a80        0x8 build/default/debug/_ext/1360937237/font.o

.rodata.char_0x6c_sz_10%222
                0x0000000000001a88        0x8
 .rodata.char_0x6c_sz_10
                0x0000000000001a88        0x8 build/default/debug/_ext/1360937237/font.o

.rodata.char_0x6d_sz_10%223
                0x0000000000001a90        0x8
 .rodata.char_0x6d_sz_10
                0x0000000000001a90        0x8 build/default/debug/_ext/1360937237/font.o

.rodata.char_0x6e_sz_10%224
                0x0000000000001a98        0x8
 .rodata.char_0x6e_sz_10
                0x0000000000001a98        0x8 build/default/debug/_ext/1360937237/font.o

.rodata.char_0x6f_sz_10%225
                0x0000000000001aa0        0x8
 .rodata.char_0x6f_sz_10
                0x0000000000001aa0        0x8 build/default/debug/_ext/1360937237/font.o

.rodata.char_0x70_sz_10%226
                0x0000000000001aa8        0x8
 .rodata.char_0x70_sz_10
                0x0000000000001aa8        0x8 build/default/debug/_ext/1360937237/font.o

.rodata.char_0x71_sz_10%227
                0x0000000000001ab0        0x8
 .rodata.char_0x71_sz_10
                0x0000000000001ab0        0x8 build/default/debug/_ext/1360937237/font.o

.rodata.char_0x72_sz_10%228
                0x0000000000001ab8        0x8
 .rodata.char_0x72_sz_10
                0x0000000000001ab8        0x8 build/default/debug/_ext/1360937237/font.o

.rodata.char_0x73_sz_10%229
                0x0000000000001ac0        0x8
 .rodata.char_0x73_sz_10
                0x0000000000001ac0        0x8 build/default/debug/_ext/1360937237/font.o

.rodata.char_0x74_sz_10%230
                0x0000000000001ac8        0x8
 .rodata.char_0x74_sz_10
                0x0000000000001ac8        0x8 build/default/debug/_ext/1360937237/font.o

.rodata.char_0x75_sz_10%231
                0x0000000000001ad0        0x8
 .rodata.char_0x75_sz_10
                0x0000000000001ad0        0x8 build/default/debug/_ext/1360937237/font.o

.rodata.char_0x76_sz_10%232
                0x0000000000001ad8        0x8
 .rodata.char_0x76_sz_10
                0x0000000000001ad8        0x8 build/default/debug/_ext/1360937237/font.o

.rodata.char_0x77_sz_10%233
                0x0000000000001ae0        0x8
 .rodata.char_0x77_sz_10
                0x0000000000001ae0        0x8 build/default/debug/_ext/1360937237/font.o

.rodata.char_0x78_sz_10%234
                0x0000000000001ae8        0x8
 .rodata.char_0x78_sz_10
                0x0000000000001ae8        0x8 build/default/debug/_ext/1360937237/font.o

.rodata.char_0x79_sz_10%235
                0x0000000000001af0        0x8
 .rodata.char_0x79_sz_10
                0x0000000000001af0        0x8 build/default/debug/_ext/1360937237/font.o

.rodata.char_0x7a_sz_10%236
                0x0000000000001af8        0x8
 .rodata.char_0x7a_sz_10
                0x0000000000001af8        0x8 build/default/debug/_ext/1360937237/font.o

.rodata.char_0x7b_sz_10%237
                0x0000000000001b00        0x8
 .rodata.char_0x7b_sz_10
                0x0000000000001b00        0x8 build/default/debug/_ext/1360937237/font.o

.rodata.char_0x7c_sz_10%238
                0x0000000000001b08        0x8
 .rodata.char_0x7c_sz_10
                0x0000000000001b08        0x8 build/default/debug/_ext/1360937237/font.o

.rodata.char_0x7d_sz_10%239
                0x0000000000001b10        0x8
 .rodata.char_0x7d_sz_10
                0x0000000000001b10        0x8 build/default/debug/_ext/1360937237/font.o

.rodata.char_0x7e_sz_10%240
                0x0000000000001b18        0x8
 .rodata.char_0x7e_sz_10
                0x0000000000001b18        0x8 build/default/debug/_ext/1360937237/font.o

.text._Exit%241
                0x0000000000001b20        0x6
 .text._Exit    0x0000000000001b20        0x6 c:/program files/microchip/xc32/v4.60/bin/bin/../../lib/gcc/pic32c/8.3.1/../../../../pic32c/lib/thumb/v6-m/nofp\libg-musl.a(_Exit.o)
                0x0000000000001b20                _Exit

.text.NonMaskableInt_Handler%242
                0x0000000000001b26        0x4
 .text.NonMaskableInt_Handler
                0x0000000000001b26        0x4 build/default/debug/_ext/1171490990/exceptions.o
                0x0000000000001b26                NonMaskableInt_Handler

.text.HardFault_Handler%243
                0x0000000000001b2a        0x4
 .text.HardFault_Handler
                0x0000000000001b2a        0x4 build/default/debug/_ext/1171490990/exceptions.o
                0x0000000000001b2a                HardFault_Handler

.text._exit%244
                0x0000000000001b2e        0x4
 .text._exit    0x0000000000001b2e        0x4 build/default/debug/_ext/1171490990/libc_syscalls.o
                0x0000000000001b2e                _exit

.text.__dummy_decompress%245
                0x0000000000001b32        0x4
 .text.__dummy_decompress
                0x0000000000001b32        0x4 c:/program files/microchip/xc32/v4.60/bin/bin/../../lib/gcc/pic32c/8.3.1/../../../../pic32c/lib/thumb/v6-m/nofp\libpic32c.a(data_init.o)
                0x0000000000001b32                __dinit_decompress
                0x0000000000001b32                __dinit_copy_val_data
                0x0000000000001b32                __dinit_copy_emb

.text.Dummy_App_Func%246
                0x0000000000001136        0x2
 .text.Dummy_App_Func
                0x0000000000001136        0x2 build/default/debug/_ext/1171490990/startup_xc32.o
                0x0000000000001136                _on_reset
                0x0000000000001136                _on_bootstrap
                0x0000000000001136                __xc32_on_reset
                0x0000000000001136                Dummy_App_Func
                0x0000000000001136                __xc32_on_bootstrap

.text.Dummy_Handler%247
                0x0000000000001226        0x2
 .text.Dummy_Handler
                0x0000000000001226        0x2 build/default/debug/_ext/1171490990/interrupts.o
                0x0000000000001226                SVCall_Handler
                0x0000000000001226                DMAC_Handler
                0x0000000000001226                AC_Handler
                0x0000000000001226                SysTick_Handler
                0x0000000000001226                PendSV_Handler
                0x0000000000001226                TC7_Handler
                0x0000000000001226                SERCOM1_Handler
                0x0000000000001226                ADC_Handler
                0x0000000000001226                TCC1_Handler
                0x0000000000001226                SERCOM2_Handler
                0x0000000000001226                RTC_Handler
                0x0000000000001226                EIC_Handler
                0x0000000000001226                TC6_Handler
                0x0000000000001226                WDT_Handler
                0x0000000000001226                TC4_Handler
                0x0000000000001226                USB_Handler
                0x0000000000001226                Dummy_Handler
                0x0000000000001226                PM_Handler
                0x0000000000001226                SERCOM5_Handler
                0x0000000000001226                TCC2_Handler
                0x0000000000001226                EVSYS_Handler
                0x0000000000001226                SERCOM3_Handler
                0x0000000000001226                SERCOM4_Handler
                0x0000000000001226                I2S_Handler
                0x0000000000001226                NVMCTRL_Handler
                0x0000000000001226                DAC_Handler
                0x0000000000001226                PTC_Handler
                0x0000000000001226                TC5_Handler
                0x0000000000001226                SYSCTRL_Handler
