Archive member included to satisfy reference by file (symbol)

c:/program files/microchip/xc32/v4.60/bin/bin/../../lib/gcc/pic32c/8.3.1/../../../../pic32c/lib/thumb/v6-m/nofp\libpic32c.a(data_init.o)
                              build/default/debug/_ext/1171490990/startup_xc32.o (__pic32c_data_initialization)
c:/program files/microchip/xc32/v4.60/bin/bin/../../lib/gcc/pic32c/8.3.1/../../../../pic32c/lib/thumb/v6-m/nofp\libc-size-musl.a(memcpy.o)
                              build/default/debug/_ext/1593096446/plib_nvmctrl.o (memcpy)
c:/program files/microchip/xc32/v4.60/bin/bin/../../lib/gcc/pic32c/8.3.1/../../../../pic32c/lib/thumb/v6-m/nofp\libg-musl.a(__libc_start_main.o)
                              build/default/debug/_ext/1171490990/startup_xc32.o (__libc_init_array)
c:/program files/microchip/xc32/v4.60/bin/bin/../../lib/gcc/pic32c/8.3.1/../../../../pic32c/lib/thumb/v6-m/nofp\libg-musl.a(exit.o)
                              build/default/debug/_ext/1360937237/gfx.o (exit)
c:/program files/microchip/xc32/v4.60/bin/bin/../../lib/gcc/pic32c/8.3.1/../../../../pic32c/lib/thumb/v6-m/nofp\libg-musl.a(libc.o)
                              c:/program files/microchip/xc32/v4.60/bin/bin/../../lib/gcc/pic32c/8.3.1/../../../../pic32c/lib/thumb/v6-m/nofp\libg-musl.a(__libc_start_main.o) (__progname_full)
c:/program files/microchip/xc32/v4.60/bin/bin/../../lib/gcc/pic32c/8.3.1/../../../../pic32c/lib/thumb/v6-m/nofp\libg-musl.a(__environ.o)
                              c:/program files/microchip/xc32/v4.60/bin/bin/../../lib/gcc/pic32c/8.3.1/../../../../pic32c/lib/thumb/v6-m/nofp\libg-musl.a(__libc_start_main.o) (__environ)
c:/program files/microchip/xc32/v4.60/bin/bin/../../lib/gcc/pic32c/8.3.1/../../../../pic32c/lib/thumb/v6-m/nofp\libg-musl.a(_Exit.o)
                              c:/program files/microchip/xc32/v4.60/bin/bin/../../lib/gcc/pic32c/8.3.1/../../../../pic32c/lib/thumb/v6-m/nofp\libg-musl.a(exit.o) (_Exit)
c:/program files/microchip/xc32/v4.60/bin/bin/../../lib/gcc/pic32c/8.3.1/thumb/v6-m/nofp\libgcc.a(_udivsi3.o)
                              build/default/debug/_ext/17022449/plib_sercom0_spi_master.o (__aeabi_uidiv)
c:/program files/microchip/xc32/v4.60/bin/bin/../../lib/gcc/pic32c/8.3.1/thumb/v6-m/nofp\libgcc.a(_dvmd_tls.o)
                              c:/program files/microchip/xc32/v4.60/bin/bin/../../lib/gcc/pic32c/8.3.1/thumb/v6-m/nofp\libgcc.a(_udivsi3.o) (__aeabi_idiv0)
c:/program files/microchip/xc32/v4.60/bin/bin/../../lib/gcc/pic32c/8.3.1/../../../../pic32c/lib/thumb/v6-m/nofp\libpic32c.a(pic32_data_init_clear.o)
                              (__dinit_clear_needed)
c:/program files/microchip/xc32/v4.60/bin/bin/../../lib/gcc/pic32c/8.3.1/../../../../pic32c/lib/thumb/v6-m/nofp\libpic32c.a(pic32_data_init_copy.o)
                              (__dinit_copy_needed)

Microchip PIC32 Memory-Usage Report

ROM Program-Memory Usage
section                    address  length [bytes]      (dec)  Description
-------                 ----------  -------------------------  -----------
.vectors                         0           0xb0         176   
.text                         0xb0           0x20          32  App's exec code 
.text.draw_char_transp        0xd0          0x318         792   
.text.draw_char              0x3e8          0x278         632   
.dinit                       0x660          0x1f0         496   
.text.fill_display           0x850          0x178         376   
.text.SERCOM0_SPI_Inter      0x9c8          0x154         340   
.text.st7735s_init           0xb1c          0x144         324   
.text.PORT_Initialize        0xc60           0xb4         180   
.text.CLOCK_Initialize       0xd14           0x9c         156   
.text.draw_string            0xdb0           0x60          96   
.text.NVIC_Initialize        0xe10           0x5c          92   
.text.__libc_start_init      0xe6c           0x5c          92   
.text.TCC0_CompareIniti      0xec8           0x58          88   
.text                        0xf20           0x48          72  App's exec code 
.text.TC3_TimerInitiali      0xf68           0x48          72   
.text.Reset_Handler          0xfb0           0x48          72   
.text.main                   0xff8           0x44          68   
.text.SERCOM0_SPI_Initi     0x103c           0x38          56   
.text.__pic32c_data_ini     0x1074           0x38          56   
.text.SYS_Initialize        0x10ac           0x2c          44   
.text.delay_ms              0x10d8           0x2c          44   
.text.TC3_TimerInterrup     0x1104           0x28          40   
.text.TCC0_InterruptHan     0x112c           0x28          40   
.text.st7735s_hardware_     0x1154           0x20          32   
.text.libc_exit_fini        0x1174           0x20          32   
.text.__dinit_copy          0x1194           0x1e          30   
.text.Dummy_App_Func        0x11b2            0x2           2   
.text.st7735s_power_on      0x11b4           0x1c          28   
[...]
Memory Configuration

Name             Origin             Length             Attributes
rom              0x0000000000000000 0x0000000000040000 xrl
ram              0x0000000020000000 0x0000000000008000 xw !r
config_00804000  0x0000000000804000 0x0000000000000004
config_00804004  0x0000000000804004 0x0000000000000004
*default*        0x0000000000000000 0xffffffffffffffff

Linker script and memory map

LOAD c:/program files/microchip/xc32/v4.60/bin/bin/../../lib/gcc/pic32c/8.3.1/thumb/v6-m/nofp/crti.o
LOAD c:/program files/microchip/xc32/v4.60/bin/bin/../../lib/gcc/pic32c/8.3.1/thumb/v6-m/nofp/crtbegin.o
LOAD build/default/debug/_ext/1984496892/plib_clock.o
LOAD build/default/debug/_ext/1986646378/plib_evsys.o
LOAD build/default/debug/_ext/1865468468/plib_nvic.o
LOAD build/default/debug/_ext/1593096446/plib_nvmctrl.o
LOAD build/default/debug/_ext/1865521619/plib_port.o
LOAD build/default/debug/_ext/17022449/plib_sercom0_spi_master.o
LOAD build/default/debug/_ext/829342655/plib_tc3.o
LOAD build/default/debug/_ext/60181570/plib_tcc0.o
LOAD build/default/debug/_ext/163028504/xc32_monitor.o
LOAD build/default/debug/_ext/1171490990/exceptions.o
LOAD build/default/debug/_ext/1171490990/initialization.o
LOAD build/default/debug/_ext/1171490990/startup_xc32.o
LOAD build/default/debug/_ext/1171490990/interrupts.o
LOAD build/default/debug/_ext/1171490990/libc_syscalls.o
LOAD build/default/debug/_ext/1360937237/main.o
LOAD build/default/debug/_ext/1360937237/st7735s.o
LOAD build/default/debug/_ext/1360937237/delay.o
LOAD build/default/debug/_ext/1360937237/gfx.o
LOAD build/default/debug/_ext/1360937237/symbols.o
LOAD build/default/debug/_ext/1360937237/font.o
                0x0000000000000001                __MPLAB_BUILD = 0x1
                0x0000000000040000                __rom_end = (ORIGIN (rom) + LENGTH (rom))
                0x0000000020008000                __ram_end = (ORIGIN (ram) + LENGTH (ram))

.config_00804000
 *(.config_00804000)

.config_00804004
 *(.config_00804004)

.vectors        0x0000000000000000       0xb0
                0x0000000000000000                . = ALIGN (0x4)
                0x0000000000000000                _sfixed = .
 *(.vectors .vectors.* .vectors_default .vectors_default.*)
 .vectors.exception_table
                0x0000000000000000       0xb0 build/default/debug/_ext/1171490990/interrupts.o
                0x0000000000000000                exception_table
 *(.isr_vector)
 *(.reset*)
 *(.after_vectors)

.text           0x00000000000000b0       0x20
                0x00000000000000b0                . = ALIGN (0x4)
 *(.glue_7t)
 .glue_7t       0x00000000000000b0        0x0 linker stubs
 *(.glue_7)
 .glue_7        0x00000000000000b0        0x0 linker stubs
 *(.gnu.linkonce.r.*)
 *(.ARM.extab* .gnu.linkonce.armextab.*)
                0x00000000000000b0                . = ALIGN (0x4)
 *(.init)
 .init          0x00000000000000b0        0x4 c:/program files/microchip/xc32/v4.60/bin/bin/../../lib/gcc/pic32c/8.3.1/thumb/v6-m/nofp/crti.o
                0x00000000000000b0                _init
 .init          0x00000000000000b4        0x8 c:/program files/microchip/xc32/v4.60/bin/bin/../../lib/gcc/pic32c/8.3.1/thumb/v6-m/nofp/crtn.o
                0x00000000000000bc                . = ALIGN (0x4)
                0x00000000000000bc                __preinit_array_start = .
 *(.preinit_array)
                0x00000000000000bc                __preinit_array_end = .
                0x00000000000000bc                . = ALIGN (0x4)
                0x00000000000000bc                __init_array_start = .
 *(SORT_BY_NAME(.init_array.*))
 *(.init_array)
 .init_array    0x00000000000000bc        0x4 c:/program files/microchip/xc32/v4.60/bin/bin/../../lib/gcc/pic32c/8.3.1/thumb/v6-m/nofp/crtbegin.o
                0x00000000000000c0                __init_array_end = .
                0x00000000000000c0                . = ALIGN (0x4)
 *crtbegin.o(.ctors)
 *(EXCLUDE_FILE(*crtend.o) .ctors)
 *(SORT_BY_NAME(.ctors.*))
 *crtend.o(.ctors)
                0x00000000000000c0                . = ALIGN (0x4)
 *(.fini)
 .fini          0x00000000000000c0        0x4 c:/program files/microchip/xc32/v4.60/bin/bin/../../lib/gcc/pic32c/8.3.1/thumb/v6-m/nofp/crti.o
                0x00000000000000c0                _fini
 .fini          0x00000000000000c4        0x8 c:/program files/microchip/xc32/v4.60/bin/bin/../../lib/gcc/pic32c/8.3.1/thumb/v6-m/nofp/crtn.o
                0x00000000000000cc                . = ALIGN (0x4)
                0x00000000000000cc                __fini_array_start = .
 *(.fini_array)
 .fini_array    0x00000000000000cc        0x4 c:/program files/microchip/xc32/v4.60/bin/bin/../../lib/gcc/pic32c/8.3.1/thumb/v6-m/nofp/crtbegin.o
 *(SORT_BY_NAME(.fini_array.*))
                0x00000000000000d0                __fini_array_end = .
 *crtbegin.o(.dtors)
 *(EXCLUDE_FILE(*crtend.o) .dtors)
 *(SORT_BY_NAME(.dtors.*))
 *crtend.o(.dtors)
                0x00000000000000d0                . = ALIGN (0x4)
                0x00000000000000d0                _efixed = .
                [!provide]                        PROVIDE (__exidx_start = .)

.ARM.exidx
 *(.ARM.exidx* .gnu.linkonce.armexidx.*)
                [!provide]                        PROVIDE (__exidx_end = .)
                0x00000000000000d0                . = ALIGN (0x4)
                0x00000000000000d0                _etext = .

.bss            0x0000000020000000        0x0
                0x0000000020000000                . = ALIGN (0x4)
                0x0000000020000000                __bss_start__ = .
                0x0000000020000000                _sbss = .
                0x0000000020000000                _szero = .
 *(COMMON)
                0x0000000020000000                . = ALIGN (0x4)
                0x0000000020000000                __bss_end__ = .
                0x0000000020000000                _ebss = .
                0x0000000020000000                _ezero = .
                0x0000000020000000                . = ALIGN (0x4)
                0x0000000020000000                _end = .
                0x0000000020007fff                _ram_end_ = ((ORIGIN (ram) + LENGTH (ram)) - 0x1)
                0x0000000000000001                __ICD2RAM = 0x1
                0x0000000000000001                __MPLAB_DEBUG = 0x1
                0x0000000000000001                __DEBUG = 0x1
                0x0000000000000200                _min_heap_size = 0x200
START GROUP
LOAD c:/program files/microchip/xc32/v4.60/bin/bin/../../lib/gcc/pic32c/8.3.1/../../../../pic32c/lib/thumb/v6-m/nofp\libpic32c.a
LOAD c:/program files/microchip/xc32/v4.60/bin/bin/../../lib/gcc/pic32c/8.3.1/../../../../pic32c/lib/thumb/v6-m/nofp\libc-size-musl.a
LOAD c:/program files/microchip/xc32/v4.60/bin/bin/../../lib/gcc/pic32c/8.3.1/../../../../pic32c/lib/thumb/v6-m/nofp\liblmalloc-musl.a
LOAD c:/program files/microchip/xc32/v4.60/bin/bin/../../lib/gcc/pic32c/8.3.1/../../../../pic32c/lib/thumb/v6-m/nofp\libm-fast-emfloat.a
LOAD c:/program files/microchip/xc32/v4.60/bin/bin/../../lib/gcc/pic32c/8.3.1/../../../../pic32c/lib/thumb/v6-m/nofp\libm-musl.a
LOAD c:/program files/microchip/xc32/v4.60/bin/bin/../../lib/gcc/pic32c/8.3.1/../../../../pic32c/lib/thumb/v6-m/nofp\libg-musl.a
LOAD c:/program files/microchip/xc32/v4.60/bin/bin/../../lib/gcc/pic32c/8.3.1/../../../../pic32c/lib/thumb/v6-m/nofp\libc-musl.a
LOAD c:/program files/microchip/xc32/v4.60/bin/bin/../../lib/gcc/pic32c/8.3.1/../../../../pic32c/lib/thumb/v6-m/nofp\libm-fast-emfloat.a
LOAD c:/program files/microchip/xc32/v4.60/bin/bin/../../lib/gcc/pic32c/8.3.1/../../../../pic32c/lib/thumb/v6-m/nofp\libm-musl.a
LOAD c:/program files/microchip/xc32/v4.60/bin/bin/../../lib/gcc/pic32c/8.3.1/thumb/v6-m/nofp\libgcc.a
END GROUP
LOAD c:/program files/microchip/xc32/v4.60/bin/bin/../../lib/gcc/pic32c/8.3.1/thumb/v6-m/nofp/crtend.o
LOAD c:/program files/microchip/xc32/v4.60/bin/bin/../../lib/gcc/pic32c/8.3.1/thumb/v6-m/nofp/crtn.o
OUTPUT(dist/default/debug/MPLABX.debug.elf elf32-littlearm)
LOAD data_init
LOAD stack

.ARM.attributes
                0x0000000000000000       0x2c
 .ARM.attributes
                0x0000000000000000       0x1e c:/program files/microchip/xc32/v4.60/bin/bin/../../lib/gcc/pic32c/8.3.1/thumb/v6-m/nofp/crti.o
 .ARM.attributes
                0x000000000000001e       0x2c c:/program files/microchip/xc32/v4.60/bin/bin/../../lib/gcc/pic32c/8.3.1/thumb/v6-m/nofp/crtbegin.o
 .ARM.attributes
                0x000000000000004a       0x2c build/default/debug/_ext/1984496892/plib_clock.o
 .ARM.attributes
                0x0000000000000076       0x2c build/default/debug/_ext/1865468468/plib_nvic.o
 .ARM.attributes
                0x00000000000000a2       0x2c build/default/debug/_ext/1593096446/plib_nvmctrl.o
 .ARM.attributes
                0x00000000000000ce       0x2c build/default/debug/_ext/1865521619/plib_port.o
 .ARM.attributes
                0x00000000000000fa       0x2c build/default/debug/_ext/17022449/plib_sercom0_spi_master.o
 .ARM.attributes
                0x0000000000000126       0x2c build/default/debug/_ext/829342655/plib_tc3.o
 .ARM.attributes
                0x0000000000000152       0x2c build/default/debug/_ext/60181570/plib_tcc0.o
 .ARM.attributes
                0x000000000000017e       0x2c build/default/debug/_ext/1171490990/exceptions.o
 .ARM.attributes
                0x00000000000001aa       0x2c build/default/debug/_ext/1171490990/initialization.o
 .ARM.attributes
                0x00000000000001d6       0x2c build/default/debug/_ext/1171490990/startup_xc32.o
 .ARM.attributes
                0x0000000000000202       0x2c build/default/debug/_ext/1171490990/interrupts.o
 .ARM.attributes
                0x000000000000022e       0x2c build/default/debug/_ext/1171490990/libc_syscalls.o
 .ARM.attributes
                0x000000000000025a       0x2c build/default/debug/_ext/1360937237/main.o
 .ARM.attributes
                0x0000000000000286       0x2c build/default/debug/_ext/1360937237/st7735s.o
 .ARM.attributes
                0x00000000000002b2       0x2c build/default/debug/_ext/1360937237/delay.o
 .ARM.attributes
                0x00000000000002de       0x2c build/default/debug/_ext/1360937237/gfx.o
 .ARM.attributes
                0x000000000000030a       0x2c build/default/debug/_ext/1360937237/font.o
 .ARM.attributes
                0x0000000000000336       0x2c c:/program files/microchip/xc32/v4.60/bin/bin/../../lib/gcc/pic32c/8.3.1/../../../../pic32c/lib/thumb/v6-m/nofp\libpic32c.a(data_init.o)
 .ARM.attributes
                0x0000000000000362       0x2e c:/program files/microchip/xc32/v4.60/bin/bin/../../lib/gcc/pic32c/8.3.1/../../../../pic32c/lib/thumb/v6-m/nofp\libg-musl.a(__libc_start_main.o)
 .ARM.attributes
                0x0000000000000390       0x2e c:/program files/microchip/xc32/v4.60/bin/bin/../../lib/gcc/pic32c/8.3.1/../../../../pic32c/lib/thumb/v6-m/nofp\libg-musl.a(exit.o)
 .ARM.attributes
                0x00000000000003be       0x2e c:/program files/microchip/xc32/v4.60/bin/bin/../../lib/gcc/pic32c/8.3.1/../../../../pic32c/lib/thumb/v6-m/nofp\libg-musl.a(libc.o)
 .ARM.attributes
                0x00000000000003ec       0x2e c:/program files/microchip/xc32/v4.60/bin/bin/../../lib/gcc/pic32c/8.3.1/../../../../pic32c/lib/thumb/v6-m/nofp\libg-musl.a(__environ.o)
 .ARM.attributes
                0x000000000000041a       0x2e c:/program files/microchip/xc32/v4.60/bin/bin/../../lib/gcc/pic32c/8.3.1/../../../../pic32c/lib/thumb/v6-m/nofp\libg-musl.a(_Exit.o)
 .ARM.attributes
                0x0000000000000448       0x1e c:/program files/microchip/xc32/v4.60/bin/bin/../../lib/gcc/pic32c/8.3.1/thumb/v6-m/nofp/crtn.o
 .ARM.attributes
                0x0000000000000466       0x2c c:/program files/microchip/xc32/v4.60/bin/bin/../../lib/gcc/pic32c/8.3.1/../../../../pic32c/lib/thumb/v6-m/nofp\libpic32c.a(pic32_data_init_clear.o)
 .ARM.attributes
                0x0000000000000492       0x2c c:/program files/microchip/xc32/v4.60/bin/bin/../../lib/gcc/pic32c/8.3.1/../../../../pic32c/lib/thumb/v6-m/nofp\libpic32c.a(pic32_data_init_copy.o)

.comment        0x0000000000000000       0x2b
 .comment       0x0000000000000000       0x2b c:/program files/microchip/xc32/v4.60/bin/bin/../../lib/gcc/pic32c/8.3.1/thumb/v6-m/nofp/crtbegin.o
                                         0x2c (size before relaxing)
 .comment       0x000000000000002b       0x2c build/default/debug/_ext/1984496892/plib_clock.o
 .comment       0x000000000000002b       0x2c build/default/debug/_ext/1865468468/plib_nvic.o
 .comment       0x000000000000002b       0x2c build/default/debug/_ext/1593096446/plib_nvmctrl.o
 .comment       0x000000000000002b       0x2c build/default/debug/_ext/1865521619/plib_port.o
 .comment       0x000000000000002b       0x2c build/default/debug/_ext/17022449/plib_sercom0_spi_master.o
 .comment       0x000000000000002b       0x2c build/default/debug/_ext/829342655/plib_tc3.o
 .comment       0x000000000000002b       0x2c build/default/debug/_ext/60181570/plib_tcc0.o
 .comment       0x000000000000002b       0x2c build/default/debug/_ext/1171490990/exceptions.o
 .comment       0x000000000000002b       0x2c build/default/debug/_ext/1171490990/initialization.o
 .comment       0x000000000000002b       0x2c build/default/debug/_ext/1171490990/startup_xc32.o
 .comment       0x000000000000002b       0x2c build/default/debug/_ext/1171490990/interrupts.o
 .comment       0x000000000000002b       0x2c build/default/debug/_ext/1171490990/libc_syscalls.o
 .comment       0x000000000000002b       0x2c build/default/debug/_ext/1360937237/main.o
 .comment       0x000000000000002b       0x2c build/default/debug/_ext/1360937237/st7735s.o
 .comment       0x000000000000002b       0x2c build/default/debug/_ext/1360937237/delay.o
 .comment       0x000000000000002b       0x2c build/default/debug/_ext/1360937237/gfx.o
 .comment       0x000000000000002b       0x2c build/default/debug/_ext/1360937237/font.o
 .comment       0x000000000000002b       0x2c c:/program files/microchip/xc32/v4.60/bin/bin/../../lib/gcc/pic32c/8.3.1/../../../../pic32c/lib/thumb/v6-m/nofp\libpic32c.a(data_init.o)
 .comment       0x000000000000002b       0x2c c:/program files/microchip/xc32/v4.60/bin/bin/../../lib/gcc/pic32c/8.3.1/../../../../pic32c/lib/thumb/v6-m/nofp\libg-musl.a(__libc_start_main.o)
 .comment       0x000000000000002b       0x2c c:/program files/microchip/xc32/v4.60/bin/bin/../../lib/gcc/pic32c/8.3.1/../../../../pic32c/lib/thumb/v6-m/nofp\libg-musl.a(exit.o)
 .comment       0x000000000000002b       0x2c c:/program files/microchip/xc32/v4.60/bin/bin/../../lib/gcc/pic32c/8.3.1/../../../../pic32c/lib/thumb/v6-m/nofp\libg-musl.a(libc.o)
 .comment       0x000000000000002b       0x2c c:/program files/microchip/xc32/v4.60/bin/bin/../../lib/gcc/pic32c/8.3.1/../../../../pic32c/lib/thumb/v6-m/nofp\libg-musl.a(__environ.o)
 .comment       0x000000000000002b       0x2c c:/program files/microchip/xc32/v4.60/bin/bin/../../lib/gcc/pic32c/8.3.1/../../../../pic32c/lib/thumb/v6-m/nofp\libg-musl.a(_Exit.o)
 .comment       0x000000000000002b       0x2c c:/program files/microchip/xc32/v4.60/bin/bin/../../lib/gcc/pic32c/8.3.1/../../../../pic32c/lib/thumb/v6-m/nofp\libpic32c.a(pic32_data_init_clear.o)
 .comment       0x000000000000002b       0x2c c:/program files/microchip/xc32/v4.60/bin/bin/../../lib/gcc/pic32c/8.3.1/../../../../pic32c/lib/thumb/v6-m/nofp\libpic32c.a(pic32_data_init_copy.o)

.debug_info     0x0000000000000000     0xab87
 .debug_info    0x0000000000000000      0x5a1 build/default/debug/_ext/1984496892/plib_clock.o
 .debug_info    0x00000000000005a1      0x692 build/default/debug/_ext/1865468468/plib_nvic.o
 .debug_info    0x0000000000000c33      0x5a0 build/default/debug/_ext/1593096446/plib_nvmctrl.o
 .debug_info    0x00000000000011d3      0x6e1 build/default/debug/_ext/1865521619/plib_port.o
 .debug_info    0x00000000000018b4      0xf1a build/default/debug/_ext/17022449/plib_sercom0_spi_master.o
 .debug_info    0x00000000000027ce      0x774 build/default/debug/_ext/829342655/plib_tc3.o
 .debug_info    0x0000000000002f42      0x610 build/default/debug/_ext/60181570/plib_tcc0.o
 .debug_info    0x0000000000003552       0xba build/default/debug/_ext/1171490990/exceptions.o
 .debug_info    0x000000000000360c      0x2c5 build/default/debug/_ext/1171490990/initialization.o
 .debug_info    0x00000000000038d1      0x205 build/default/debug/_ext/1171490990/startup_xc32.o
 .debug_info    0x0000000000003ad6      0x3b2 build/default/debug/_ext/1171490990/interrupts.o
 .debug_info    0x0000000000003e88       0xa4 build/default/debug/_ext/1171490990/libc_syscalls.o
 .debug_info    0x0000000000003f2c      0x193 build/default/debug/_ext/1360937237/main.o
 .debug_info    0x00000000000040bf      0xda1 build/default/debug/_ext/1360937237/st7735s.o
 .debug_info    0x0000000000004e60      0x180 build/default/debug/_ext/1360937237/delay.o
 .debug_info    0x0000000000004fe0     0x3155 build/default/debug/_ext/1360937237/gfx.o
 .debug_info    0x0000000000008135     0x2168 build/default/debug/_ext/1360937237/font.o
 .debug_info    0x000000000000a29d       0x68 c:/program files/microchip/xc32/v4.60/bin/bin/../../lib/gcc/pic32c/8.3.1/../../../../pic32c/lib/thumb/v6-m/nofp\libpic32c.a(data_init.o)
 .debug_info    0x000000000000a305      0x2fb c:/program files/microchip/xc32/v4.60/bin/bin/../../lib/gcc/pic32c/8.3.1/../../../../pic32c/lib/thumb/v6-m/nofp\libg-musl.a(__libc_start_main.o)
 .debug_info    0x000000000000a600      0x157 c:/program files/microchip/xc32/v4.60/bin/bin/../../lib/gcc/pic32c/8.3.1/../../../../pic32c/lib/thumb/v6-m/nofp\libg-musl.a(exit.o)
 .debug_info    0x000000000000a757      0x276 c:/program files/microchip/xc32/v4.60/bin/bin/../../lib/gcc/pic32c/8.3.1/../../../../pic32c/lib/thumb/v6-m/nofp\libg-musl.a(libc.o)
 .debug_info    0x000000000000a9cd       0x97 c:/program files/microchip/xc32/v4.60/bin/bin/../../lib/gcc/pic32c/8.3.1/../../../../pic32c/lib/thumb/v6-m/nofp\libg-musl.a(__environ.o)
 .debug_info    0x000000000000aa64       0xa4 c:/program files/microchip/xc32/v4.60/bin/bin/../../lib/gcc/pic32c/8.3.1/../../../../pic32c/lib/thumb/v6-m/nofp\libg-musl.a(_Exit.o)
 .debug_info    0x000000000000ab08       0x3f c:/program files/microchip/xc32/v4.60/bin/bin/../../lib/gcc/pic32c/8.3.1/../../../../pic32c/lib/thumb/v6-m/nofp\libpic32c.a(pic32_data_init_clear.o)
 .debug_info    0x000000000000ab47       0x40 c:/program files/microchip/xc32/v4.60/bin/bin/../../lib/gcc/pic32c/8.3.1/../../../../pic32c/lib/thumb/v6-m/nofp\libpic32c.a(pic32_data_init_copy.o)

.debug_abbrev   0x0000000000000000     0x1d1a
 .debug_abbrev  0x0000000000000000      0x138 build/default/debug/_ext/1984496892/plib_clock.o
 .debug_abbrev  0x0000000000000138      0x1ec build/default/debug/_ext/1865468468/plib_nvic.o
 .debug_abbrev  0x0000000000000324      0x1a6 build/default/debug/_ext/1593096446/plib_nvmctrl.o
 .debug_abbrev  0x00000000000004ca      0x1cd build/default/debug/_ext/1865521619/plib_port.o
 .debug_abbrev  0x0000000000000697      0x276 build/default/debug/_ext/17022449/plib_sercom0_spi_master.o
 .debug_abbrev  0x000000000000090d      0x1be build/default/debug/_ext/829342655/plib_tc3.o
 .debug_abbrev  0x0000000000000acb      0x1b5 build/default/debug/_ext/60181570/plib_tcc0.o
 .debug_abbrev  0x0000000000000c80       0x49 build/default/debug/_ext/1171490990/exceptions.o
 .debug_abbrev  0x0000000000000cc9       0xf4 build/default/debug/_ext/1171490990/initialization.o
 .debug_abbrev  0x0000000000000dbd      0x118 build/default/debug/_ext/1171490990/startup_xc32.o
 .debug_abbrev  0x0000000000000ed5       0xc0 build/default/debug/_ext/1171490990/interrupts.o
 .debug_abbrev  0x0000000000000f95       0x5a build/default/debug/_ext/1171490990/libc_syscalls.o
 .debug_abbrev  0x0000000000000fef       0x9c build/default/debug/_ext/1360937237/main.o
 .debug_abbrev  0x000000000000108b      0x16d build/default/debug/_ext/1360937237/st7735s.o
 .debug_abbrev  0x00000000000011f8       0xef build/default/debug/_ext/1360937237/delay.o
 .debug_abbrev  0x00000000000012e7      0x2c9 build/default/debug/_ext/1360937237/gfx.o
 .debug_abbrev  0x00000000000015b0      0x2c7 build/default/debug/_ext/1360937237/font.o
 .debug_abbrev  0x0000000000001877       0x44 c:/program files/microchip/xc32/v4.60/bin/bin/../../lib/gcc/pic32c/8.3.1/../../../../pic32c/lib/thumb/v6-m/nofp\libpic32c.a(data_init.o)
 .debug_abbrev  0x00000000000018bb      0x133 c:/program files/microchip/xc32/v4.60/bin/bin/../../lib/gcc/pic32c/8.3.1/../../../../pic32c/lib/thumb/v6-m/nofp\libg-musl.a(__libc_start_main.o)
 .debug_abbrev  0x00000000000019ee      0x110 c:/program files/microchip/xc32/v4.60/bin/bin/../../lib/gcc/pic32c/8.3.1/../../../../pic32c/lib/thumb/v6-m/nofp\libg-musl.a(exit.o)
 .debug_abbrev  0x0000000000001afe       0xd4 c:/program files/microchip/xc32/v4.60/bin/bin/../../lib/gcc/pic32c/8.3.1/../../../../pic32c/lib/thumb/v6-m/nofp\libg-musl.a(libc.o)
 .debug_abbrev  0x0000000000001bd2       0x62 c:/program files/microchip/xc32/v4.60/bin/bin/../../lib/gcc/pic32c/8.3.1/../../../../pic32c/lib/thumb/v6-m/nofp\libg-musl.a(__environ.o)
 .debug_abbrev  0x0000000000001c34       0x8a c:/program files/microchip/xc32/v4.60/bin/bin/../../lib/gcc/pic32c/8.3.1/../../../../pic32c/lib/thumb/v6-m/nofp\libg-musl.a(_Exit.o)
 .debug_abbrev  0x0000000000001cbe       0x2e c:/program files/microchip/xc32/v4.60/bin/bin/../../lib/gcc/pic32c/8.3.1/../../../../pic32c/lib/thumb/v6-m/nofp\libpic32c.a(pic32_data_init_clear.o)
 .debug_abbrev  0x0000000000001cec       0x2e c:/program files/microchip/xc32/v4.60/bin/bin/../../lib/gcc/pic32c/8.3.1/../../../../pic32c/lib/thumb/v6-m/nofp\libpic32c.a(pic32_data_init_copy.o)

.debug_loc      0x0000000000000000     0x486d
 .debug_loc     0x0000000000000000       0x31 build/default/debug/_ext/1984496892/plib_clock.o
 .debug_loc     0x0000000000000031       0xf4 build/default/debug/_ext/1865468468/plib_nvic.o
 .debug_loc     0x0000000000000125      0x42e build/default/debug/_ext/1593096446/plib_nvmctrl.o
 .debug_loc     0x0000000000000553      0x246 build/default/debug/_ext/1865521619/plib_port.o
 .debug_loc     0x0000000000000799      0x68a build/default/debug/_ext/17022449/plib_sercom0_spi_master.o
 .debug_loc     0x0000000000000e23       0x6f build/default/debug/_ext/829342655/plib_tc3.o
 .debug_loc     0x0000000000000e92      0x140 build/default/debug/_ext/60181570/plib_tcc0.o
 .debug_loc     0x0000000000000fd2       0x45 build/default/debug/_ext/1171490990/initialization.o
 .debug_loc     0x0000000000001017       0x20 build/default/debug/_ext/1171490990/startup_xc32.o
 .debug_loc     0x0000000000001037       0x2c build/default/debug/_ext/1360937237/main.o
 .debug_loc     0x0000000000001063      0x134 build/default/debug/_ext/1360937237/st7735s.o
 .debug_loc     0x0000000000001197       0x5f build/default/debug/_ext/1360937237/delay.o
 .debug_loc     0x00000000000011f6     0x2acc build/default/debug/_ext/1360937237/gfx.o
 .debug_loc     0x0000000000003cc2      0xa40 build/default/debug/_ext/1360937237/font.o
 .debug_loc     0x0000000000004702       0x14 c:/program files/microchip/xc32/v4.60/bin/bin/../../lib/gcc/pic32c/8.3.1/../../../../pic32c/lib/thumb/v6-m/nofp\libpic32c.a(data_init.o)
 .debug_loc     0x0000000000004716       0x5e c:/program files/microchip/xc32/v4.60/bin/bin/../../lib/gcc/pic32c/8.3.1/../../../../pic32c/lib/thumb/v6-m/nofp\libg-musl.a(__libc_start_main.o)
 .debug_loc     0x0000000000004774       0xa0 c:/program files/microchip/xc32/v4.60/bin/bin/../../lib/gcc/pic32c/8.3.1/../../../../pic32c/lib/thumb/v6-m/nofp\libg-musl.a(exit.o)
 .debug_loc     0x0000000000004814       0x45 c:/program files/microchip/xc32/v4.60/bin/bin/../../lib/gcc/pic32c/8.3.1/../../../../pic32c/lib/thumb/v6-m/nofp\libg-musl.a(_Exit.o)
 .debug_loc     0x0000000000004859       0x14 c:/program files/microchip/xc32/v4.60/bin/bin/../../lib/gcc/pic32c/8.3.1/../../../../pic32c/lib/thumb/v6-m/nofp\libpic32c.a(pic32_data_init_copy.o)

.debug_aranges  0x0000000000000000      0x580
 .debug_aranges
                0x0000000000000000       0x20 build/default/debug/_ext/1984496892/plib_clock.o
 .debug_aranges
                0x0000000000000020       0x38 build/default/debug/_ext/1865468468/plib_nvic.o
 .debug_aranges
                0x0000000000000058       0x88 build/default/debug/_ext/1593096446/plib_nvmctrl.o
 .debug_aranges
                0x00000000000000e0       0x70 build/default/debug/_ext/1865521619/plib_port.o
 .debug_aranges
                0x0000000000000150       0x60 build/default/debug/_ext/17022449/plib_sercom0_spi_master.o
 .debug_aranges
                0x00000000000001b0       0x70 build/default/debug/_ext/829342655/plib_tc3.o
 .debug_aranges
                0x0000000000000220       0x78 build/default/debug/_ext/60181570/plib_tcc0.o
 .debug_aranges
                0x0000000000000298       0x28 build/default/debug/_ext/1171490990/exceptions.o
 .debug_aranges
                0x00000000000002c0       0x20 build/default/debug/_ext/1171490990/initialization.o
 .debug_aranges
                0x00000000000002e0       0x28 build/default/debug/_ext/1171490990/startup_xc32.o
 .debug_aranges
                0x0000000000000308       0x20 build/default/debug/_ext/1171490990/interrupts.o
 .debug_aranges
                0x0000000000000328       0x20 build/default/debug/_ext/1171490990/libc_syscalls.o
 .debug_aranges
                0x0000000000000348       0x20 build/default/debug/_ext/1360937237/main.o
 .debug_aranges
                0x0000000000000368       0x38 build/default/debug/_ext/1360937237/st7735s.o
 .debug_aranges
                0x00000000000003a0       0x28 build/default/debug/_ext/1360937237/delay.o
 .debug_aranges
                0x00000000000003c8       0x70 build/default/debug/_ext/1360937237/gfx.o
 .debug_aranges
                0x0000000000000438       0x30 build/default/debug/_ext/1360937237/font.o
 .debug_aranges
                0x0000000000000468       0x30 c:/program files/microchip/xc32/v4.60/bin/bin/../../lib/gcc/pic32c/8.3.1/../../../../pic32c/lib/thumb/v6-m/nofp\libpic32c.a(data_init.o)
 .debug_aranges
                0x0000000000000498       0x28 c:/program files/microchip/xc32/v4.60/bin/bin/../../lib/gcc/pic32c/8.3.1/../../../../pic32c/lib/thumb/v6-m/nofp\libg-musl.a(__libc_start_main.o)
 .debug_aranges
                0x00000000000004c0       0x30 c:/program files/microchip/xc32/v4.60/bin/bin/../../lib/gcc/pic32c/8.3.1/../../../../pic32c/lib/thumb/v6-m/nofp\libg-musl.a(exit.o)
 .debug_aranges
                0x00000000000004f0       0x18 c:/program files/microchip/xc32/v4.60/bin/bin/../../lib/gcc/pic32c/8.3.1/../../../../pic32c/lib/thumb/v6-m/nofp\libg-musl.a(libc.o)
 .debug_aranges
                0x0000000000000508       0x18 c:/program files/microchip/xc32/v4.60/bin/bin/../../lib/gcc/pic32c/8.3.1/../../../../pic32c/lib/thumb/v6-m/nofp\libg-musl.a(__environ.o)
 .debug_aranges
                0x0000000000000520       0x20 c:/program files/microchip/xc32/v4.60/bin/bin/../../lib/gcc/pic32c/8.3.1/../../../../pic32c/lib/thumb/v6-m/nofp\libg-musl.a(_Exit.o)
 .debug_aranges
                0x0000000000000540       0x20 c:/program files/microchip/xc32/v4.60/bin/bin/../../lib/gcc/pic32c/8.3.1/../../../../pic32c/lib/thumb/v6-m/nofp\libpic32c.a(pic32_data_init_clear.o)
 .debug_aranges
                0x0000000000000560       0x20 c:/program files/microchip/xc32/v4.60/bin/bin/../../lib/gcc/pic32c/8.3.1/../../../../pic32c/lib/thumb/v6-m/nofp\libpic32c.a(pic32_data_init_copy.o)

.debug_ranges   0x0000000000000000      0xb98
 .debug_ranges  0x0000000000000000       0x28 build/default/debug/_ext/1984496892/plib_clock.o
 .debug_ranges  0x0000000000000028       0x28 build/default/debug/_ext/1865468468/plib_nvic.o
 .debug_ranges  0x0000000000000050       0x78 build/default/debug/_ext/1593096446/plib_nvmctrl.o
 .debug_ranges  0x00000000000000c8       0x60 build/default/debug/_ext/1865521619/plib_port.o
 .debug_ranges  0x0000000000000128       0x68 build/default/debug/_ext/17022449/plib_sercom0_spi_master.o
 .debug_ranges  0x0000000000000190       0x60 build/default/debug/_ext/829342655/plib_tc3.o
 .debug_ranges  0x00000000000001f0       0x68 build/default/debug/_ext/60181570/plib_tcc0.o
 .debug_ranges  0x0000000000000258       0x18 build/default/debug/_ext/1171490990/exceptions.o
 .debug_ranges  0x0000000000000270       0x10 build/default/debug/_ext/1171490990/initialization.o
 .debug_ranges  0x0000000000000280       0x18 build/default/debug/_ext/1171490990/startup_xc32.o
 .debug_ranges  0x0000000000000298       0x10 build/default/debug/_ext/1171490990/interrupts.o
 .debug_ranges  0x00000000000002a8       0x10 build/default/debug/_ext/1171490990/libc_syscalls.o
 .debug_ranges  0x00000000000002b8       0x10 build/default/debug/_ext/1360937237/main.o
 .debug_ranges  0x00000000000002c8       0x28 build/default/debug/_ext/1360937237/st7735s.o
 .debug_ranges  0x00000000000002f0       0x18 build/default/debug/_ext/1360937237/delay.o
 .debug_ranges  0x0000000000000308      0x690 build/default/debug/_ext/1360937237/gfx.o
 .debug_ranges  0x0000000000000998      0x160 build/default/debug/_ext/1360937237/font.o
 .debug_ranges  0x0000000000000af8       0x20 c:/program files/microchip/xc32/v4.60/bin/bin/../../lib/gcc/pic32c/8.3.1/../../../../pic32c/lib/thumb/v6-m/nofp\libpic32c.a(data_init.o)
 .debug_ranges  0x0000000000000b18       0x30 c:/program files/microchip/xc32/v4.60/bin/bin/../../lib/gcc/pic32c/8.3.1/../../../../pic32c/lib/thumb/v6-m/nofp\libg-musl.a(__libc_start_main.o)
 .debug_ranges  0x0000000000000b48       0x20 c:/program files/microchip/xc32/v4.60/bin/bin/../../lib/gcc/pic32c/8.3.1/../../../../pic32c/lib/thumb/v6-m/nofp\libg-musl.a(exit.o)
 .debug_ranges  0x0000000000000b68       0x10 c:/program files/microchip/xc32/v4.60/bin/bin/../../lib/gcc/pic32c/8.3.1/../../../../pic32c/lib/thumb/v6-m/nofp\libg-musl.a(_Exit.o)
 .debug_ranges  0x0000000000000b78       0x10 c:/program files/microchip/xc32/v4.60/bin/bin/../../lib/gcc/pic32c/8.3.1/../../../../pic32c/lib/thumb/v6-m/nofp\libpic32c.a(pic32_data_init_clear.o)
 .debug_ranges  0x0000000000000b88       0x10 c:/program files/microchip/xc32/v4.60/bin/bin/../../lib/gcc/pic32c/8.3.1/../../../../pic32c/lib/thumb/v6-m/nofp\libpic32c.a(pic32_data_init_copy.o)

.debug_line     0x0000000000000000     0x48d8
 .debug_line    0x0000000000000000      0x1dc build/default/debug/_ext/1984496892/plib_clock.o
 .debug_line    0x00000000000001dc      0x326 build/default/debug/_ext/1865468468/plib_nvic.o
 .debug_line    0x0000000000000502      0x39d build/default/debug/_ext/1593096446/plib_nvmctrl.o
 .debug_line    0x000000000000089f      0x38a build/default/debug/_ext/1865521619/plib_port.o
 .debug_line    0x0000000000000c29      0x773 build/default/debug/_ext/17022449/plib_sercom0_spi_master.o
 .debug_line    0x000000000000139c      0x328 build/default/debug/_ext/829342655/plib_tc3.o
 .debug_line    0x00000000000016c4      0x3c6 build/default/debug/_ext/60181570/plib_tcc0.o
 .debug_line    0x0000000000001a8a       0x70 build/default/debug/_ext/1171490990/exceptions.o
 .debug_line    0x0000000000001afa      0x287 build/default/debug/_ext/1171490990/initialization.o
 .debug_line    0x0000000000001d81      0x158 build/default/debug/_ext/1171490990/startup_xc32.o
 .debug_line    0x0000000000001ed9       0xba build/default/debug/_ext/1171490990/interrupts.o
 .debug_line    0x0000000000001f93       0x5c build/default/debug/_ext/1171490990/libc_syscalls.o
 .debug_line    0x0000000000001fef      0x11e build/default/debug/_ext/1360937237/main.o
 .debug_line    0x000000000000210d      0x234 build/default/debug/_ext/1360937237/st7735s.o
 .debug_line    0x0000000000002341      0x12e build/default/debug/_ext/1360937237/delay.o
 .debug_line    0x000000000000246f     0x17cb build/default/debug/_ext/1360937237/gfx.o
 .debug_line    0x0000000000003c3a      0x56f build/default/debug/_ext/1360937237/font.o
 .debug_line    0x00000000000041a9       0xa5 c:/program files/microchip/xc32/v4.60/bin/bin/../../lib/gcc/pic32c/8.3.1/../../../../pic32c/lib/thumb/v6-m/nofp\libpic32c.a(data_init.o)
 .debug_line    0x000000000000424e      0x1bc c:/program files/microchip/xc32/v4.60/bin/bin/../../lib/gcc/pic32c/8.3.1/../../../../pic32c/lib/thumb/v6-m/nofp\libg-musl.a(__libc_start_main.o)
 .debug_line    0x000000000000440a      0x17f c:/program files/microchip/xc32/v4.60/bin/bin/../../lib/gcc/pic32c/8.3.1/../../../../pic32c/lib/thumb/v6-m/nofp\libg-musl.a(exit.o)
 .debug_line    0x0000000000004589       0xb5 c:/program files/microchip/xc32/v4.60/bin/bin/../../lib/gcc/pic32c/8.3.1/../../../../pic32c/lib/thumb/v6-m/nofp\libg-musl.a(libc.o)
 .debug_line    0x000000000000463e       0xfb c:/program files/microchip/xc32/v4.60/bin/bin/../../lib/gcc/pic32c/8.3.1/../../../../pic32c/lib/thumb/v6-m/nofp\libg-musl.a(__environ.o)
 .debug_line    0x0000000000004739       0xa8 c:/program files/microchip/xc32/v4.60/bin/bin/../../lib/gcc/pic32c/8.3.1/../../../../pic32c/lib/thumb/v6-m/nofp\libg-musl.a(_Exit.o)
 .debug_line    0x00000000000047e1       0x6f c:/program files/microchip/xc32/v4.60/bin/bin/../../lib/gcc/pic32c/8.3.1/../../../../pic32c/lib/thumb/v6-m/nofp\libpic32c.a(pic32_data_init_clear.o)
 .debug_line    0x0000000000004850       0x88 c:/program files/microchip/xc32/v4.60/bin/bin/../../lib/gcc/pic32c/8.3.1/../../../../pic32c/lib/thumb/v6-m/nofp\libpic32c.a(pic32_data_init_copy.o)

.debug_str      0x0000000000000000     0x78d3
 .debug_str     0x0000000000000000      0x5a7 build/default/debug/_ext/1984496892/plib_clock.o
 .debug_str     0x00000000000005a7      0x57b build/default/debug/_ext/1865468468/plib_nvic.o
 .debug_str     0x0000000000000b22      0x51f build/default/debug/_ext/1593096446/plib_nvmctrl.o
 .debug_str     0x0000000000001041      0x84f build/default/debug/_ext/1865521619/plib_port.o
 .debug_str     0x0000000000001890      0x805 build/default/debug/_ext/17022449/plib_sercom0_spi_master.o
 .debug_str     0x0000000000002095      0x591 build/default/debug/_ext/829342655/plib_tc3.o
 .debug_str     0x0000000000002626      0x67b build/default/debug/_ext/60181570/plib_tcc0.o
 .debug_str     0x0000000000002ca1      0x2c2 build/default/debug/_ext/1171490990/exceptions.o
 .debug_str     0x0000000000002f63      0x41c build/default/debug/_ext/1171490990/initialization.o
 .debug_str     0x000000000000337f      0x32e build/default/debug/_ext/1171490990/startup_xc32.o
 .debug_str     0x00000000000036ad      0x5c0 build/default/debug/_ext/1171490990/interrupts.o
 .debug_str     0x0000000000003c6d      0x297 build/default/debug/_ext/1171490990/libc_syscalls.o
 .debug_str     0x0000000000003f04      0x2eb build/default/debug/_ext/1360937237/main.o
 .debug_str     0x00000000000041ef      0x5a0 build/default/debug/_ext/1360937237/st7735s.o
 .debug_str     0x000000000000478f      0x320 build/default/debug/_ext/1360937237/delay.o
 .debug_str     0x0000000000004aaf      0x689 build/default/debug/_ext/1360937237/gfx.o
 .debug_str     0x0000000000005138     0x13dc build/default/debug/_ext/1360937237/font.o
 .debug_str     0x0000000000006514      0x1fc c:/program files/microchip/xc32/v4.60/bin/bin/../../lib/gcc/pic32c/8.3.1/../../../../pic32c/lib/thumb/v6-m/nofp\libpic32c.a(data_init.o)
 .debug_str     0x0000000000006710      0x3ca c:/program files/microchip/xc32/v4.60/bin/bin/../../lib/gcc/pic32c/8.3.1/../../../../pic32c/lib/thumb/v6-m/nofp\libg-musl.a(__libc_start_main.o)
 .debug_str     0x0000000000006ada      0x2c3 c:/program files/microchip/xc32/v4.60/bin/bin/../../lib/gcc/pic32c/8.3.1/../../../../pic32c/lib/thumb/v6-m/nofp\libg-musl.a(exit.o)
 .debug_str     0x0000000000006d9d      0x335 c:/program files/microchip/xc32/v4.60/bin/bin/../../lib/gcc/pic32c/8.3.1/../../../../pic32c/lib/thumb/v6-m/nofp\libg-musl.a(libc.o)
 .debug_str     0x00000000000070d2      0x235 c:/program files/microchip/xc32/v4.60/bin/bin/../../lib/gcc/pic32c/8.3.1/../../../../pic32c/lib/thumb/v6-m/nofp\libg-musl.a(__environ.o)
 .debug_str     0x0000000000007307      0x224 c:/program files/microchip/xc32/v4.60/bin/bin/../../lib/gcc/pic32c/8.3.1/../../../../pic32c/lib/thumb/v6-m/nofp\libg-musl.a(_Exit.o)
 .debug_str     0x000000000000752b      0x1d5 c:/program files/microchip/xc32/v4.60/bin/bin/../../lib/gcc/pic32c/8.3.1/../../../../pic32c/lib/thumb/v6-m/nofp\libpic32c.a(pic32_data_init_clear.o)
 .debug_str     0x0000000000007700      0x1d3 c:/program files/microchip/xc32/v4.60/bin/bin/../../lib/gcc/pic32c/8.3.1/../../../../pic32c/lib/thumb/v6-m/nofp\libpic32c.a(pic32_data_init_copy.o)

.debug_frame    0x0000000000000000      0x9e0
 .debug_frame   0x0000000000000000       0x20 build/default/debug/_ext/1984496892/plib_clock.o
 .debug_frame   0x0000000000000020       0x50 build/default/debug/_ext/1865468468/plib_nvic.o
 .debug_frame   0x0000000000000070      0x108 build/default/debug/_ext/1593096446/plib_nvmctrl.o
 .debug_frame   0x0000000000000178       0xd4 build/default/debug/_ext/1865521619/plib_port.o
 .debug_frame   0x000000000000024c       0xd4 build/default/debug/_ext/17022449/plib_sercom0_spi_master.o
 .debug_frame   0x0000000000000320       0xc8 build/default/debug/_ext/829342655/plib_tc3.o
 .debug_frame   0x00000000000003e8       0xd8 build/default/debug/_ext/60181570/plib_tcc0.o
 .debug_frame   0x00000000000004c0       0x30 build/default/debug/_ext/1171490990/exceptions.o
 .debug_frame   0x00000000000004f0       0x28 build/default/debug/_ext/1171490990/initialization.o
 .debug_frame   0x0000000000000518       0x38 build/default/debug/_ext/1171490990/startup_xc32.o
 .debug_frame   0x0000000000000550       0x20 build/default/debug/_ext/1171490990/interrupts.o
 .debug_frame   0x0000000000000570       0x20 build/default/debug/_ext/1171490990/libc_syscalls.o
 .debug_frame   0x0000000000000590       0x28 build/default/debug/_ext/1360937237/main.o
 .debug_frame   0x00000000000005b8       0x7c build/default/debug/_ext/1360937237/st7735s.o
 .debug_frame   0x0000000000000634       0x38 build/default/debug/_ext/1360937237/delay.o
 .debug_frame   0x000000000000066c      0x1ac build/default/debug/_ext/1360937237/gfx.o
 .debug_frame   0x0000000000000818       0x88 build/default/debug/_ext/1360937237/font.o
 .debug_frame   0x00000000000008a0       0x48 c:/program files/microchip/xc32/v4.60/bin/bin/../../lib/gcc/pic32c/8.3.1/../../../../pic32c/lib/thumb/v6-m/nofp\libpic32c.a(data_init.o)
 .debug_frame   0x00000000000008e8       0x38 c:/program files/microchip/xc32/v4.60/bin/bin/../../lib/gcc/pic32c/8.3.1/../../../../pic32c/lib/thumb/v6-m/nofp\libg-musl.a(__libc_start_main.o)
 .debug_frame   0x0000000000000920       0x50 c:/program files/microchip/xc32/v4.60/bin/bin/../../lib/gcc/pic32c/8.3.1/../../../../pic32c/lib/thumb/v6-m/nofp\libg-musl.a(exit.o)
 .debug_frame   0x0000000000000970       0x28 c:/program files/microchip/xc32/v4.60/bin/bin/../../lib/gcc/pic32c/8.3.1/../../../../pic32c/lib/thumb/v6-m/nofp\libg-musl.a(_Exit.o)
 .debug_frame   0x0000000000000998       0x20 c:/program files/microchip/xc32/v4.60/bin/bin/../../lib/gcc/pic32c/8.3.1/../../../../pic32c/lib/thumb/v6-m/nofp\libpic32c.a(pic32_data_init_clear.o)
 .debug_frame   0x00000000000009b8       0x28 c:/program files/microchip/xc32/v4.60/bin/bin/../../lib/gcc/pic32c/8.3.1/../../../../pic32c/lib/thumb/v6-m/nofp\libpic32c.a(pic32_data_init_copy.o)

.note.GNU-stack
                0x0000000000000000        0x0
 .note.GNU-stack
                0x0000000000000000        0x0 c:/program files/microchip/xc32/v4.60/bin/bin/../../lib/gcc/pic32c/8.3.1/../../../../pic32c/lib/thumb/v6-m/nofp\libg-musl.a(__libc_start_main.o)
 .note.GNU-stack
                0x0000000000000000        0x0 c:/program files/microchip/xc32/v4.60/bin/bin/../../lib/gcc/pic32c/8.3.1/../../../../pic32c/lib/thumb/v6-m/nofp\libg-musl.a(exit.o)
 .note.GNU-stack
                0x0000000000000000        0x0 c:/program files/microchip/xc32/v4.60/bin/bin/../../lib/gcc/pic32c/8.3.1/../../../../pic32c/lib/thumb/v6-m/nofp\libg-musl.a(libc.o)
 .note.GNU-stack
                0x0000000000000000        0x0 c:/program files/microchip/xc32/v4.60/bin/bin/../../lib/gcc/pic32c/8.3.1/../../../../pic32c/lib/thumb/v6-m/nofp\libg-musl.a(__environ.o)
 .note.GNU-stack
                0x0000000000000000        0x0 c:/program files/microchip/xc32/v4.60/bin/bin/../../lib/gcc/pic32c/8.3.1/../../../../pic32c/lib/thumb/v6-m/nofp\libg-musl.a(_Exit.o)

.stack          0x0000000020000450      0x100
 .stack         0x0000000020000450      0x100 stack

.bss%1          0x0000000020000000       0x50
 .bss           0x0000000020000000       0x50 c:/program files/microchip/xc32/v4.60/bin/bin/../../lib/gcc/pic32c/8.3.1/../../../../pic32c/lib/thumb/v6-m/nofp\libg-musl.a(libc.o)
                0x0000000020000000                __progname_full
                0x0000000020000000                program_invocation_name
                0x0000000020000004                program_invocation_short_name
                0x0000000020000004                __progname
                0x0000000020000008                __sysinfo
                0x000000002000000c                __hwcap
                0x0000000020000010                __libc

.bss.sercom0SPIObj%2
                0x0000000020000050       0x2c
 .bss.sercom0SPIObj
                0x0000000020000050       0x2c build/default/debug/_ext/17022449/plib_sercom0_spi_master.o

.bss%3          0x000000002000007c       0x1c
 .bss           0x000000002000007c       0x1c c:/program files/microchip/xc32/v4.60/bin/bin/../../lib/gcc/pic32c/8.3.1/thumb/v6-m/nofp/crtbegin.o

.bss.TC3_CallbackObject%4
                0x0000000020000098        0x8
 .bss.TC3_CallbackObject
                0x0000000020000098        0x8 build/default/debug/_ext/829342655/plib_tc3.o

.bss.TCC0_CallbackObject%5
                0x00000000200000a0        0x8
 .bss.TCC0_CallbackObject
                0x00000000200000a0        0x8 build/default/debug/_ext/60181570/plib_tcc0.o

.bss%6          0x00000000200000a8        0x4
 .bss           0x00000000200000a8        0x4 c:/program files/microchip/xc32/v4.60/bin/bin/../../lib/gcc/pic32c/8.3.1/../../../../pic32c/lib/thumb/v6-m/nofp\libpic32c.a(data_init.o)

.bss%7          0x00000000200000ac        0x4
 .bss           0x00000000200000ac        0x4 c:/program files/microchip/xc32/v4.60/bin/bin/../../lib/gcc/pic32c/8.3.1/../../../../pic32c/lib/thumb/v6-m/nofp\libg-musl.a(__environ.o)
                0x00000000200000ac                __environ
                0x00000000200000ac                environ
                0x00000000200000ac                ___environ
                0x00000000200000ac                _environ

.bss.isLastByteTransferInProgress.5578%8
                0x00000000200000b0        0x1
 .bss.isLastByteTransferInProgress.5578
                0x00000000200000b0        0x1 build/default/debug/_ext/17022449/plib_sercom0_spi_master.o

.bss.delayDone%9
                0x00000000200000b1        0x1
 .bss.delayDone
                0x00000000200000b1        0x1 build/default/debug/_ext/1360937237/delay.o
                0x00000000200000b1                delayDone

.bss.txt_x_pos%10
                0x00000000200000b2        0x1
 .bss.txt_x_pos
                0x00000000200000b2        0x1 build/default/debug/_ext/1360937237/font.o
                0x00000000200000b2                txt_x_pos

.bss.txt_y_pos%11
                0x00000000200000b3        0x1
 .bss.txt_y_pos
                0x00000000200000b3        0x1 build/default/debug/_ext/1360937237/font.o
                0x00000000200000b3                txt_y_pos

.data.fontset_sz_10%12
                0x00000000200000b4      0x17c
 .data.fontset_sz_10
                0x00000000200000b4      0x17c build/default/debug/_ext/1360937237/font.o
                0x00000000200000b4                fontset_sz_10

.eh_frame%z1    0x0000000000000000        0x0
 .eh_frame      0x0000000000000000        0x0 c:/program files/microchip/xc32/v4.60/bin/bin/../../lib/gcc/pic32c/8.3.1/thumb/v6-m/nofp/crtbegin.o

.config_00804000.__config_00804000%13
                0x0000000000804000        0x4
 .config_00804000.__config_00804000
                0x0000000000804000        0x4 build/default/debug/_ext/1171490990/initialization.o
                0x0000000000804000                __config_00804000

.config_00804004.__config_00804004%14
                0x0000000000804004        0x4
 .config_00804004.__config_00804004
                0x0000000000804004        0x4 build/default/debug/_ext/1171490990/initialization.o
                0x0000000000804004                __config_00804004

.text.draw_char_transp%15
                0x00000000000000d0      0x318
 .text.draw_char_transp
                0x00000000000000d0      0x318 build/default/debug/_ext/1360937237/font.o
                0x00000000000000d0                draw_char_transp

.text.draw_char%16
                0x00000000000003e8      0x278
 .text.draw_char
                0x00000000000003e8      0x278 build/default/debug/_ext/1360937237/font.o
                0x00000000000003e8                draw_char

.dinit%17       0x0000000000000660      0x1f0
 .dinit         0x0000000000000660      0x1f0 data_init

.text.fill_display%18
                0x0000000000000850      0x178
 .text.fill_display
                0x0000000000000850      0x178 build/default/debug/_ext/1360937237/gfx.o
                0x0000000000000850                fill_display

.text.SERCOM0_SPI_InterruptHandler%19
                0x00000000000009c8      0x154
 .text.SERCOM0_SPI_InterruptHandler
                0x00000000000009c8      0x154 build/default/debug/_ext/17022449/plib_sercom0_spi_master.o
                0x00000000000009c8                SERCOM0_SPI_InterruptHandler

.text.st7735s_init%20
                0x0000000000000b1c      0x144
 .text.st7735s_init
                0x0000000000000b1c      0x144 build/default/debug/_ext/1360937237/st7735s.o
                0x0000000000000b1c                st7735s_init

.text.PORT_Initialize%21
                0x0000000000000c60       0xb4
 .text.PORT_Initialize
                0x0000000000000c60       0xb4 build/default/debug/_ext/1865521619/plib_port.o
                0x0000000000000c60                PORT_Initialize

.text.CLOCK_Initialize%22
                0x0000000000000d14       0x9c
 .text.CLOCK_Initialize
                0x0000000000000d14       0x9c build/default/debug/_ext/1984496892/plib_clock.o
                0x0000000000000d14                CLOCK_Initialize

.text.draw_string%23
                0x0000000000000db0       0x60
 .text.draw_string
                0x0000000000000db0       0x60 build/default/debug/_ext/1360937237/font.o
                0x0000000000000db0                draw_string

.text.NVIC_Initialize%24
                0x0000000000000e10       0x5c
 .text.NVIC_Initialize
                0x0000000000000e10       0x5c build/default/debug/_ext/1865468468/plib_nvic.o
                0x0000000000000e10                NVIC_Initialize

.text.__libc_start_init%25
                0x0000000000000e6c       0x5c
 .text.__libc_start_init
                0x0000000000000e6c       0x5c c:/program files/microchip/xc32/v4.60/bin/bin/../../lib/gcc/pic32c/8.3.1/../../../../pic32c/lib/thumb/v6-m/nofp\libg-musl.a(__libc_start_main.o)
                0x0000000000000e6c                __libc_init_array

.text.TCC0_CompareInitialize%26
                0x0000000000000ec8       0x58
 .text.TCC0_CompareInitialize
                0x0000000000000ec8       0x58 build/default/debug/_ext/60181570/plib_tcc0.o
                0x0000000000000ec8                TCC0_CompareInitialize

.text%27        0x0000000000000f20       0x48
 .text          0x0000000000000f20       0x48 c:/program files/microchip/xc32/v4.60/bin/bin/../../lib/gcc/pic32c/8.3.1/thumb/v6-m/nofp/crtbegin.o

.text.TC3_TimerInitialize%28
                0x0000000000000f68       0x48
 .text.TC3_TimerInitialize
                0x0000000000000f68       0x48 build/default/debug/_ext/829342655/plib_tc3.o
                0x0000000000000f68                TC3_TimerInitialize

.text.Reset_Handler%29
                0x0000000000000fb0       0x48
 .text.Reset_Handler
                0x0000000000000fb0       0x48 build/default/debug/_ext/1171490990/startup_xc32.o
                0x0000000000000fb0                Reset_Handler

.text.main%30   0x0000000000000ff8       0x44
 .text.main     0x0000000000000ff8       0x44 build/default/debug/_ext/1360937237/main.o
                0x0000000000000ff8                main

.text.SERCOM0_SPI_Initialize%31
                0x000000000000103c       0x38
 .text.SERCOM0_SPI_Initialize
                0x000000000000103c       0x38 build/default/debug/_ext/17022449/plib_sercom0_spi_master.o
                0x000000000000103c                SERCOM0_SPI_Initialize

.text.__pic32c_data_initialization%32
                0x0000000000001074       0x38
 .text.__pic32c_data_initialization
                0x0000000000001074       0x38 c:/program files/microchip/xc32/v4.60/bin/bin/../../lib/gcc/pic32c/8.3.1/../../../../pic32c/lib/thumb/v6-m/nofp\libpic32c.a(data_init.o)
                0x0000000000001074                __pic32c_data_initialization

.text.SYS_Initialize%33
                0x00000000000010ac       0x2c
 .text.SYS_Initialize
                0x00000000000010ac       0x2c build/default/debug/_ext/1171490990/initialization.o
                0x00000000000010ac                SYS_Initialize

.text.delay_ms%34
                0x00000000000010d8       0x2c
 .text.delay_ms
                0x00000000000010d8       0x2c build/default/debug/_ext/1360937237/delay.o
                0x00000000000010d8                delay_ms

.text.TC3_TimerInterruptHandler%35
                0x0000000000001104       0x28
 .text.TC3_TimerInterruptHandler
                0x0000000000001104       0x28 build/default/debug/_ext/829342655/plib_tc3.o
                0x0000000000001104                TC3_TimerInterruptHandler

.text.TCC0_InterruptHandler%36
                0x000000000000112c       0x28
 .text.TCC0_InterruptHandler
                0x000000000000112c       0x28 build/default/debug/_ext/60181570/plib_tcc0.o
                0x000000000000112c                TCC0_InterruptHandler

.text.st7735s_hardware_reset%37
                0x0000000000001154       0x20
 .text.st7735s_hardware_reset
                0x0000000000001154       0x20 build/default/debug/_ext/1360937237/st7735s.o
                0x0000000000001154                st7735s_hardware_reset

.text.libc_exit_fini%38
                0x0000000000001174       0x20
 .text.libc_exit_fini
                0x0000000000001174       0x20 c:/program files/microchip/xc32/v4.60/bin/bin/../../lib/gcc/pic32c/8.3.1/../../../../pic32c/lib/thumb/v6-m/nofp\libg-musl.a(exit.o)
                0x0000000000001174                __libc_exit_fini
                0x0000000000001174                __libc_fini_array

.text.__dinit_copy%39
                0x0000000000001194       0x1e
 .text.__dinit_copy
                0x0000000000001194       0x1e c:/program files/microchip/xc32/v4.60/bin/bin/../../lib/gcc/pic32c/8.3.1/../../../../pic32c/lib/thumb/v6-m/nofp\libpic32c.a(pic32_data_init_copy.o)
                0x0000000000001194                __dinit_copy_needed
                0x0000000000001194                __dinit_copy

.text.st7735s_power_on%40
                0x00000000000011b4       0x1c
 .text.st7735s_power_on
                0x00000000000011b4       0x1c build/default/debug/_ext/1360937237/st7735s.o
                0x00000000000011b4                st7735s_power_on

.rodata.img_data_0x25_sz_10%41
                0x00000000000011d0       0x1c
 .rodata.img_data_0x25_sz_10
                0x00000000000011d0       0x1c build/default/debug/_ext/1360937237/font.o

.rodata.img_data_0x40_sz_10%42
                0x00000000000011ec       0x1c
 .rodata.img_data_0x40_sz_10
                0x00000000000011ec       0x1c build/default/debug/_ext/1360937237/font.o

.rodata.img_data_0x4d_sz_10%43
                0x0000000000001208       0x1c
 .rodata.img_data_0x4d_sz_10
                0x0000000000001208       0x1c build/default/debug/_ext/1360937237/font.o

.rodata.img_data_0x57_sz_10%44
                0x0000000000001224       0x1c
 .rodata.img_data_0x57_sz_10
                0x0000000000001224       0x1c build/default/debug/_ext/1360937237/font.o

.rodata.img_data_0x6d_sz_10%45
                0x0000000000001240       0x1c
 .rodata.img_data_0x6d_sz_10
                0x0000000000001240       0x1c build/default/debug/_ext/1360937237/font.o

.text.TC3_TimerStart%46
                0x000000000000125c       0x18
 .text.TC3_TimerStart
                0x000000000000125c       0x18 build/default/debug/_ext/829342655/plib_tc3.o
                0x000000000000125c                TC3_TimerStart

.text.TC3_TimerStop%47
                0x0000000000001274       0x18
 .text.TC3_TimerStop
                0x0000000000001274       0x18 build/default/debug/_ext/829342655/plib_tc3.o
                0x0000000000001274                TC3_TimerStop

.text.exit%48   0x000000000000128c       0x16
 .text.exit     0x000000000000128c       0x16 c:/program files/microchip/xc32/v4.60/bin/bin/../../lib/gcc/pic32c/8.3.1/../../../../pic32c/lib/thumb/v6-m/nofp\libg-musl.a(exit.o)
                0x000000000000128c                exit

.rodata.main.str1.4%49
                0x00000000000012a4       0x14
 .rodata.main.str1.4
                0x00000000000012a4       0x14 build/default/debug/_ext/1360937237/main.o

.rodata%50      0x00000000000012b8       0x14
 .rodata        0x00000000000012b8       0x14 c:/program files/microchip/xc32/v4.60/bin/bin/../../lib/gcc/pic32c/8.3.1/../../../../pic32c/lib/thumb/v6-m/nofp\libpic32c.a(data_init.o)

.text.__dinit_clear%51
                0x00000000000012cc       0x12
 .text.__dinit_clear
                0x00000000000012cc       0x12 c:/program files/microchip/xc32/v4.60/bin/bin/../../lib/gcc/pic32c/8.3.1/../../../../pic32c/lib/thumb/v6-m/nofp\libpic32c.a(pic32_data_init_clear.o)
                0x00000000000012cc                __dinit_clear
                0x00000000000012cc                __dinit_clear_needed

.rodata.img_data_0x20_sz_10%52
                0x00000000000012e0       0x10
 .rodata.img_data_0x20_sz_10
                0x00000000000012e0       0x10 build/default/debug/_ext/1360937237/font.o

.rodata.img_data_0x21_sz_10%53
                0x00000000000012f0       0x10
 .rodata.img_data_0x21_sz_10
                0x00000000000012f0       0x10 build/default/debug/_ext/1360937237/font.o

.rodata.img_data_0x22_sz_10%54
                0x0000000000001300       0x10
 .rodata.img_data_0x22_sz_10
                0x0000000000001300       0x10 build/default/debug/_ext/1360937237/font.o

.rodata.img_data_0x23_sz_10%55
                0x0000000000001310       0x10
 .rodata.img_data_0x23_sz_10
                0x0000000000001310       0x10 build/default/debug/_ext/1360937237/font.o

.rodata.img_data_0x24_sz_10%56
                0x0000000000001320       0x10
 .rodata.img_data_0x24_sz_10
                0x0000000000001320       0x10 build/default/debug/_ext/1360937237/font.o

.rodata.img_data_0x26_sz_10%57
                0x0000000000001330       0x10
 .rodata.img_data_0x26_sz_10
                0x0000000000001330       0x10 build/default/debug/_ext/1360937237/font.o

.rodata.img_data_0x27_sz_10%58
                0x0000000000001340       0x10
 .rodata.img_data_0x27_sz_10
                0x0000000000001340       0x10 build/default/debug/_ext/1360937237/font.o

.rodata.img_data_0x28_sz_10%59
                0x0000000000001350       0x10
 .rodata.img_data_0x28_sz_10
                0x0000000000001350       0x10 build/default/debug/_ext/1360937237/font.o

.rodata.img_data_0x29_sz_10%60
                0x0000000000001360       0x10
 .rodata.img_data_0x29_sz_10
                0x0000000000001360       0x10 build/default/debug/_ext/1360937237/font.o

.rodata.img_data_0x2a_sz_10%61
                0x0000000000001370       0x10
 .rodata.img_data_0x2a_sz_10
                0x0000000000001370       0x10 build/default/debug/_ext/1360937237/font.o

.rodata.img_data_0x2b_sz_10%62
                0x0000000000001380       0x10
 .rodata.img_data_0x2b_sz_10
                0x0000000000001380       0x10 build/default/debug/_ext/1360937237/font.o

.rodata.img_data_0x2c_sz_10%63
                0x0000000000001390       0x10
 .rodata.img_data_0x2c_sz_10
                0x0000000000001390       0x10 build/default/debug/_ext/1360937237/font.o

.rodata.img_data_0x2d_sz_10%64
                0x00000000000013a0       0x10
 .rodata.img_data_0x2d_sz_10
                0x00000000000013a0       0x10 build/default/debug/_ext/1360937237/font.o

.rodata.img_data_0x2e_sz_10%65
                0x00000000000013b0       0x10
 .rodata.img_data_0x2e_sz_10
                0x00000000000013b0       0x10 build/default/debug/_ext/1360937237/font.o

.rodata.img_data_0x2f_sz_10%66
                0x00000000000013c0       0x10
 .rodata.img_data_0x2f_sz_10
                0x00000000000013c0       0x10 build/default/debug/_ext/1360937237/font.o

.rodata.img_data_0x30_sz_10%67
                0x00000000000013d0       0x10
 .rodata.img_data_0x30_sz_10
                0x00000000000013d0       0x10 build/default/debug/_ext/1360937237/font.o

.rodata.img_data_0x31_sz_10%68
                0x00000000000013e0       0x10
 .rodata.img_data_0x31_sz_10
                0x00000000000013e0       0x10 build/default/debug/_ext/1360937237/font.o

.rodata.img_data_0x32_sz_10%69
                0x00000000000013f0       0x10
 .rodata.img_data_0x32_sz_10
                0x00000000000013f0       0x10 build/default/debug/_ext/1360937237/font.o

.rodata.img_data_0x33_sz_10%70
                0x0000000000001400       0x10
 .rodata.img_data_0x33_sz_10
                0x0000000000001400       0x10 build/default/debug/_ext/1360937237/font.o

.rodata.img_data_0x34_sz_10%71
                0x0000000000001410       0x10
 .rodata.img_data_0x34_sz_10
                0x0000000000001410       0x10 build/default/debug/_ext/1360937237/font.o

.rodata.img_data_0x35_sz_10%72
                0x0000000000001420       0x10
 .rodata.img_data_0x35_sz_10
                0x0000000000001420       0x10 build/default/debug/_ext/1360937237/font.o

.rodata.img_data_0x36_sz_10%73
                0x0000000000001430       0x10
 .rodata.img_data_0x36_sz_10
                0x0000000000001430       0x10 build/default/debug/_ext/1360937237/font.o

.rodata.img_data_0x37_sz_10%74
                0x0000000000001440       0x10
 .rodata.img_data_0x37_sz_10
                0x0000000000001440       0x10 build/default/debug/_ext/1360937237/font.o

.rodata.img_data_0x38_sz_10%75
                0x0000000000001450       0x10
 .rodata.img_data_0x38_sz_10
                0x0000000000001450       0x10 build/default/debug/_ext/1360937237/font.o

.rodata.img_data_0x39_sz_10%76
                0x0000000000001460       0x10
 .rodata.img_data_0x39_sz_10
                0x0000000000001460       0x10 build/default/debug/_ext/1360937237/font.o

.rodata.img_data_0x3a_sz_10%77
                0x0000000000001470       0x10
 .rodata.img_data_0x3a_sz_10
                0x0000000000001470       0x10 build/default/debug/_ext/1360937237/font.o

.rodata.img_data_0x3b_sz_10%78
                0x0000000000001480       0x10
 .rodata.img_data_0x3b_sz_10
                0x0000000000001480       0x10 build/default/debug/_ext/1360937237/font.o

.rodata.img_data_0x3c_sz_10%79
                0x0000000000001490       0x10
 .rodata.img_data_0x3c_sz_10
                0x0000000000001490       0x10 build/default/debug/_ext/1360937237/font.o

.rodata.img_data_0x3d_sz_10%80
                0x00000000000014a0       0x10
 .rodata.img_data_0x3d_sz_10
                0x00000000000014a0       0x10 build/default/debug/_ext/1360937237/font.o

.rodata.img_data_0x3e_sz_10%81
                0x00000000000014b0       0x10
 .rodata.img_data_0x3e_sz_10
                0x00000000000014b0       0x10 build/default/debug/_ext/1360937237/font.o

.rodata.img_data_0x3f_sz_10%82
                0x00000000000014c0       0x10
 .rodata.img_data_0x3f_sz_10
                0x00000000000014c0       0x10 build/default/debug/_ext/1360937237/font.o

.rodata.img_data_0x41_sz_10%83
                0x00000000000014d0       0x10
 .rodata.img_data_0x41_sz_10
                0x00000000000014d0       0x10 build/default/debug/_ext/1360937237/font.o

.rodata.img_data_0x42_sz_10%84
                0x00000000000014e0       0x10
 .rodata.img_data_0x42_sz_10
                0x00000000000014e0       0x10 build/default/debug/_ext/1360937237/font.o

.rodata.img_data_0x43_sz_10%85
                0x00000000000014f0       0x10
 .rodata.img_data_0x43_sz_10
                0x00000000000014f0       0x10 build/default/debug/_ext/1360937237/font.o

.rodata.img_data_0x44_sz_10%86
                0x0000000000001500       0x10
 .rodata.img_data_0x44_sz_10
                0x0000000000001500       0x10 build/default/debug/_ext/1360937237/font.o

.rodata.img_data_0x45_sz_10%87
                0x0000000000001510       0x10
 .rodata.img_data_0x45_sz_10
                0x0000000000001510       0x10 build/default/debug/_ext/1360937237/font.o

.rodata.img_data_0x46_sz_10%88
                0x0000000000001520       0x10
 .rodata.img_data_0x46_sz_10
                0x0000000000001520       0x10 build/default/debug/_ext/1360937237/font.o

.rodata.img_data_0x47_sz_10%89
                0x0000000000001530       0x10
 .rodata.img_data_0x47_sz_10
                0x0000000000001530       0x10 build/default/debug/_ext/1360937237/font.o

.rodata.img_data_0x48_sz_10%90
                0x0000000000001540       0x10
 .rodata.img_data_0x48_sz_10
                0x0000000000001540       0x10 build/default/debug/_ext/1360937237/font.o

.rodata.img_data_0x49_sz_10%91
                0x0000000000001550       0x10
 .rodata.img_data_0x49_sz_10
                0x0000000000001550       0x10 build/default/debug/_ext/1360937237/font.o

.rodata.img_data_0x4a_sz_10%92
                0x0000000000001560       0x10
 .rodata.img_data_0x4a_sz_10
                0x0000000000001560       0x10 build/default/debug/_ext/1360937237/font.o

.rodata.img_data_0x4b_sz_10%93
                0x0000000000001570       0x10
 .rodata.img_data_0x4b_sz_10
                0x0000000000001570       0x10 build/default/debug/_ext/1360937237/font.o

.rodata.img_data_0x4c_sz_10%94
                0x0000000000001580       0x10
 .rodata.img_data_0x4c_sz_10
                0x0000000000001580       0x10 build/default/debug/_ext/1360937237/font.o

.rodata.img_data_0x4e_sz_10%95
                0x0000000000001590       0x10
 .rodata.img_data_0x4e_sz_10
                0x0000000000001590       0x10 build/default/debug/_ext/1360937237/font.o

.rodata.img_data_0x4f_sz_10%96
                0x00000000000015a0       0x10
 .rodata.img_data_0x4f_sz_10
                0x00000000000015a0       0x10 build/default/debug/_ext/1360937237/font.o

.rodata.img_data_0x50_sz_10%97
                0x00000000000015b0       0x10
 .rodata.img_data_0x50_sz_10
                0x00000000000015b0       0x10 build/default/debug/_ext/1360937237/font.o

.rodata.img_data_0x51_sz_10%98
                0x00000000000015c0       0x10
 .rodata.img_data_0x51_sz_10
                0x00000000000015c0       0x10 build/default/debug/_ext/1360937237/font.o

.rodata.img_data_0x52_sz_10%99
                0x00000000000015d0       0x10
 .rodata.img_data_0x52_sz_10
                0x00000000000015d0       0x10 build/default/debug/_ext/1360937237/font.o

.rodata.img_data_0x53_sz_10%100
                0x00000000000015e0       0x10
 .rodata.img_data_0x53_sz_10
                0x00000000000015e0       0x10 build/default/debug/_ext/1360937237/font.o

.rodata.img_data_0x54_sz_10%101
                0x00000000000015f0       0x10
 .rodata.img_data_0x54_sz_10
                0x00000000000015f0       0x10 build/default/debug/_ext/1360937237/font.o

.rodata.img_data_0x55_sz_10%102
                0x0000000000001600       0x10
 .rodata.img_data_0x55_sz_10
                0x0000000000001600       0x10 build/default/debug/_ext/1360937237/font.o

.rodata.img_data_0x56_sz_10%103
                0x0000000000001610       0x10
 .rodata.img_data_0x56_sz_10
                0x0000000000001610       0x10 build/default/debug/_ext/1360937237/font.o

.rodata.img_data_0x58_sz_10%104
                0x0000000000001620       0x10
 .rodata.img_data_0x58_sz_10
                0x0000000000001620       0x10 build/default/debug/_ext/1360937237/font.o

.rodata.img_data_0x59_sz_10%105
                0x0000000000001630       0x10
 .rodata.img_data_0x59_sz_10
                0x0000000000001630       0x10 build/default/debug/_ext/1360937237/font.o

.rodata.img_data_0x5a_sz_10%106
                0x0000000000001640       0x10
 .rodata.img_data_0x5a_sz_10
                0x0000000000001640       0x10 build/default/debug/_ext/1360937237/font.o

.rodata.img_data_0x5b_sz_10%107
                0x0000000000001650       0x10
 .rodata.img_data_0x5b_sz_10
                0x0000000000001650       0x10 build/default/debug/_ext/1360937237/font.o

.rodata.img_data_0x5c_sz_10%108
                0x0000000000001660       0x10
 .rodata.img_data_0x5c_sz_10
                0x0000000000001660       0x10 build/default/debug/_ext/1360937237/font.o

.rodata.img_data_0x5d_sz_10%109
                0x0000000000001670       0x10
 .rodata.img_data_0x5d_sz_10
                0x0000000000001670       0x10 build/default/debug/_ext/1360937237/font.o

.rodata.img_data_0x5e_sz_10%110
                0x0000000000001680       0x10
 .rodata.img_data_0x5e_sz_10
                0x0000000000001680       0x10 build/default/debug/_ext/1360937237/font.o

.rodata.img_data_0x5f_sz_10%111
                0x0000000000001690       0x10
 .rodata.img_data_0x5f_sz_10
                0x0000000000001690       0x10 build/default/debug/_ext/1360937237/font.o

.rodata.img_data_0x60_sz_10%112
                0x00000000000016a0       0x10
 .rodata.img_data_0x60_sz_10
                0x00000000000016a0       0x10 build/default/debug/_ext/1360937237/font.o

.rodata.img_data_0x61_sz_10%113
                0x00000000000016b0       0x10
 .rodata.img_data_0x61_sz_10
                0x00000000000016b0       0x10 build/default/debug/_ext/1360937237/font.o

.rodata.img_data_0x62_sz_10%114
                0x00000000000016c0       0x10
 .rodata.img_data_0x62_sz_10
                0x00000000000016c0       0x10 build/default/debug/_ext/1360937237/font.o

.rodata.img_data_0x63_sz_10%115
                0x00000000000016d0       0x10
 .rodata.img_data_0x63_sz_10
                0x00000000000016d0       0x10 build/default/debug/_ext/1360937237/font.o

.rodata.img_data_0x64_sz_10%116
                0x00000000000016e0       0x10
 .rodata.img_data_0x64_sz_10
                0x00000000000016e0       0x10 build/default/debug/_ext/1360937237/font.o

.rodata.img_data_0x65_sz_10%117
                0x00000000000016f0       0x10
 .rodata.img_data_0x65_sz_10
                0x00000000000016f0       0x10 build/default/debug/_ext/1360937237/font.o

.rodata.img_data_0x66_sz_10%118
                0x0000000000001700       0x10
 .rodata.img_data_0x66_sz_10
                0x0000000000001700       0x10 build/default/debug/_ext/1360937237/font.o

.rodata.img_data_0x67_sz_10%119
                0x0000000000001710       0x10
 .rodata.img_data_0x67_sz_10
                0x0000000000001710       0x10 build/default/debug/_ext/1360937237/font.o

.rodata.img_data_0x68_sz_10%120
                0x0000000000001720       0x10
 .rodata.img_data_0x68_sz_10
                0x0000000000001720       0x10 build/default/debug/_ext/1360937237/font.o

.rodata.img_data_0x69_sz_10%121
                0x0000000000001730       0x10
 .rodata.img_data_0x69_sz_10
                0x0000000000001730       0x10 build/default/debug/_ext/1360937237/font.o

.rodata.img_data_0x6a_sz_10%122
                0x0000000000001740       0x10
 .rodata.img_data_0x6a_sz_10
                0x0000000000001740       0x10 build/default/debug/_ext/1360937237/font.o

.rodata.img_data_0x6b_sz_10%123
                0x0000000000001750       0x10
 .rodata.img_data_0x6b_sz_10
                0x0000000000001750       0x10 build/default/debug/_ext/1360937237/font.o

.rodata.img_data_0x6c_sz_10%124
                0x0000000000001760       0x10
 .rodata.img_data_0x6c_sz_10
                0x0000000000001760       0x10 build/default/debug/_ext/1360937237/font.o

.rodata.img_data_0x6e_sz_10%125
                0x0000000000001770       0x10
 .rodata.img_data_0x6e_sz_10
                0x0000000000001770       0x10 build/default/debug/_ext/1360937237/font.o

.rodata.img_data_0x6f_sz_10%126
                0x0000000000001780       0x10
 .rodata.img_data_0x6f_sz_10
                0x0000000000001780       0x10 build/default/debug/_ext/1360937237/font.o

.rodata.img_data_0x70_sz_10%127
                0x0000000000001790       0x10
 .rodata.img_data_0x70_sz_10
                0x0000000000001790       0x10 build/default/debug/_ext/1360937237/font.o

.rodata.img_data_0x71_sz_10%128
                0x00000000000017a0       0x10
 .rodata.img_data_0x71_sz_10
                0x00000000000017a0       0x10 build/default/debug/_ext/1360937237/font.o

.rodata.img_data_0x72_sz_10%129
                0x00000000000017b0       0x10
 .rodata.img_data_0x72_sz_10
                0x00000000000017b0       0x10 build/default/debug/_ext/1360937237/font.o

.rodata.img_data_0x73_sz_10%130
                0x00000000000017c0       0x10
 .rodata.img_data_0x73_sz_10
                0x00000000000017c0       0x10 build/default/debug/_ext/1360937237/font.o

.rodata.img_data_0x74_sz_10%131
                0x00000000000017d0       0x10
 .rodata.img_data_0x74_sz_10
                0x00000000000017d0       0x10 build/default/debug/_ext/1360937237/font.o

.rodata.img_data_0x75_sz_10%132
                0x00000000000017e0       0x10
 .rodata.img_data_0x75_sz_10
                0x00000000000017e0       0x10 build/default/debug/_ext/1360937237/font.o

.rodata.img_data_0x76_sz_10%133
                0x00000000000017f0       0x10
 .rodata.img_data_0x76_sz_10
                0x00000000000017f0       0x10 build/default/debug/_ext/1360937237/font.o

.rodata.img_data_0x77_sz_10%134
                0x0000000000001800       0x10
 .rodata.img_data_0x77_sz_10
                0x0000000000001800       0x10 build/default/debug/_ext/1360937237/font.o

.rodata.img_data_0x78_sz_10%135
                0x0000000000001810       0x10
 .rodata.img_data_0x78_sz_10
                0x0000000000001810       0x10 build/default/debug/_ext/1360937237/font.o

.rodata.img_data_0x79_sz_10%136
                0x0000000000001820       0x10
 .rodata.img_data_0x79_sz_10
                0x0000000000001820       0x10 build/default/debug/_ext/1360937237/font.o

.rodata.img_data_0x7a_sz_10%137
                0x0000000000001830       0x10
 .rodata.img_data_0x7a_sz_10
                0x0000000000001830       0x10 build/default/debug/_ext/1360937237/font.o

.rodata.img_data_0x7b_sz_10%138
                0x0000000000001840       0x10
 .rodata.img_data_0x7b_sz_10
                0x0000000000001840       0x10 build/default/debug/_ext/1360937237/font.o

.rodata.img_data_0x7c_sz_10%139
                0x0000000000001850       0x10
 .rodata.img_data_0x7c_sz_10
                0x0000000000001850       0x10 build/default/debug/_ext/1360937237/font.o

.rodata.img_data_0x7d_sz_10%140
                0x0000000000001860       0x10
 .rodata.img_data_0x7d_sz_10
                0x0000000000001860       0x10 build/default/debug/_ext/1360937237/font.o

.rodata.img_data_0x7e_sz_10%141
                0x0000000000001870       0x10
 .rodata.img_data_0x7e_sz_10
                0x0000000000001870       0x10 build/default/debug/_ext/1360937237/font.o

.text.NVMCTRL_Initialize%142
                0x0000000000001880        0xc
 .text.NVMCTRL_Initialize
                0x0000000000001880        0xc build/default/debug/_ext/1593096446/plib_nvmctrl.o
                0x0000000000001880                NVMCTRL_Initialize

.text.TC3_TimerCallbackRegister%143
                0x000000000000188c        0xc
 .text.TC3_TimerCallbackRegister
                0x000000000000188c        0xc build/default/debug/_ext/829342655/plib_tc3.o
                0x000000000000188c                TC3_TimerCallbackRegister

.text.TC3_Callback_InterruptHandler%144
                0x0000000000001898        0xc
 .text.TC3_Callback_InterruptHandler
                0x0000000000001898        0xc build/default/debug/_ext/1360937237/delay.o
                0x0000000000001898                TC3_Callback_InterruptHandler

.rodata.char_0x20_sz_10%145
                0x00000000000018a4        0x8
 .rodata.char_0x20_sz_10
                0x00000000000018a4        0x8 build/default/debug/_ext/1360937237/font.o

.rodata.char_0x21_sz_10%146
                0x00000000000018ac        0x8
 .rodata.char_0x21_sz_10
                0x00000000000018ac        0x8 build/default/debug/_ext/1360937237/font.o

.rodata.char_0x22_sz_10%147
                0x00000000000018b4        0x8
 .rodata.char_0x22_sz_10
                0x00000000000018b4        0x8 build/default/debug/_ext/1360937237/font.o

.rodata.char_0x23_sz_10%148
                0x00000000000018bc        0x8
 .rodata.char_0x23_sz_10
                0x00000000000018bc        0x8 build/default/debug/_ext/1360937237/font.o

.rodata.char_0x24_sz_10%149
                0x00000000000018c4        0x8
 .rodata.char_0x24_sz_10
                0x00000000000018c4        0x8 build/default/debug/_ext/1360937237/font.o

.rodata.char_0x25_sz_10%150
                0x00000000000018cc        0x8
 .rodata.char_0x25_sz_10
                0x00000000000018cc        0x8 build/default/debug/_ext/1360937237/font.o

.rodata.char_0x26_sz_10%151
                0x00000000000018d4        0x8
 .rodata.char_0x26_sz_10
                0x00000000000018d4        0x8 build/default/debug/_ext/1360937237/font.o

.rodata.char_0x27_sz_10%152
                0x00000000000018dc        0x8
 .rodata.char_0x27_sz_10
                0x00000000000018dc        0x8 build/default/debug/_ext/1360937237/font.o

.rodata.char_0x28_sz_10%153
                0x00000000000018e4        0x8
 .rodata.char_0x28_sz_10
                0x00000000000018e4        0x8 build/default/debug/_ext/1360937237/font.o

.rodata.char_0x29_sz_10%154
                0x00000000000018ec        0x8
 .rodata.char_0x29_sz_10
                0x00000000000018ec        0x8 build/default/debug/_ext/1360937237/font.o

.rodata.char_0x2a_sz_10%155
                0x00000000000018f4        0x8
 .rodata.char_0x2a_sz_10
                0x00000000000018f4        0x8 build/default/debug/_ext/1360937237/font.o

.rodata.char_0x2b_sz_10%156
                0x00000000000018fc        0x8
 .rodata.char_0x2b_sz_10
                0x00000000000018fc        0x8 build/default/debug/_ext/1360937237/font.o

.rodata.char_0x2c_sz_10%157
                0x0000000000001904        0x8
 .rodata.char_0x2c_sz_10
                0x0000000000001904        0x8 build/default/debug/_ext/1360937237/font.o

.rodata.char_0x2d_sz_10%158
                0x000000000000190c        0x8
 .rodata.char_0x2d_sz_10
                0x000000000000190c        0x8 build/default/debug/_ext/1360937237/font.o

.rodata.char_0x2e_sz_10%159
                0x0000000000001914        0x8
 .rodata.char_0x2e_sz_10
                0x0000000000001914        0x8 build/default/debug/_ext/1360937237/font.o

.rodata.char_0x2f_sz_10%160
                0x000000000000191c        0x8
 .rodata.char_0x2f_sz_10
                0x000000000000191c        0x8 build/default/debug/_ext/1360937237/font.o

.rodata.char_0x30_sz_10%161
                0x0000000000001924        0x8
 .rodata.char_0x30_sz_10
                0x0000000000001924        0x8 build/default/debug/_ext/1360937237/font.o

.rodata.char_0x31_sz_10%162
                0x000000000000192c        0x8
 .rodata.char_0x31_sz_10
                0x000000000000192c        0x8 build/default/debug/_ext/1360937237/font.o

.rodata.char_0x32_sz_10%163
                0x0000000000001934        0x8
 .rodata.char_0x32_sz_10
                0x0000000000001934        0x8 build/default/debug/_ext/1360937237/font.o

.rodata.char_0x33_sz_10%164
                0x000000000000193c        0x8
 .rodata.char_0x33_sz_10
                0x000000000000193c        0x8 build/default/debug/_ext/1360937237/font.o

.rodata.char_0x34_sz_10%165
                0x0000000000001944        0x8
 .rodata.char_0x34_sz_10
                0x0000000000001944        0x8 build/default/debug/_ext/1360937237/font.o

.rodata.char_0x35_sz_10%166
                0x000000000000194c        0x8
 .rodata.char_0x35_sz_10
                0x000000000000194c        0x8 build/default/debug/_ext/1360937237/font.o

.rodata.char_0x36_sz_10%167
                0x0000000000001954        0x8
 .rodata.char_0x36_sz_10
                0x0000000000001954        0x8 build/default/debug/_ext/1360937237/font.o

.rodata.char_0x37_sz_10%168
                0x000000000000195c        0x8
 .rodata.char_0x37_sz_10
                0x000000000000195c        0x8 build/default/debug/_ext/1360937237/font.o

.rodata.char_0x38_sz_10%169
                0x0000000000001964        0x8
 .rodata.char_0x38_sz_10
                0x0000000000001964        0x8 build/default/debug/_ext/1360937237/font.o

.rodata.char_0x39_sz_10%170
                0x000000000000196c        0x8
 .rodata.char_0x39_sz_10
                0x000000000000196c        0x8 build/default/debug/_ext/1360937237/font.o

.rodata.char_0x3a_sz_10%171
                0x0000000000001974        0x8
 .rodata.char_0x3a_sz_10
                0x0000000000001974        0x8 build/default/debug/_ext/1360937237/font.o

.rodata.char_0x3b_sz_10%172
                0x000000000000197c        0x8
 .rodata.char_0x3b_sz_10
                0x000000000000197c        0x8 build/default/debug/_ext/1360937237/font.o

.rodata.char_0x3c_sz_10%173
                0x0000000000001984        0x8
 .rodata.char_0x3c_sz_10
                0x0000000000001984        0x8 build/default/debug/_ext/1360937237/font.o

.rodata.char_0x3d_sz_10%174
                0x000000000000198c        0x8
 .rodata.char_0x3d_sz_10
                0x000000000000198c        0x8 build/default/debug/_ext/1360937237/font.o

.rodata.char_0x3e_sz_10%175
                0x0000000000001994        0x8
 .rodata.char_0x3e_sz_10
                0x0000000000001994        0x8 build/default/debug/_ext/1360937237/font.o

.rodata.char_0x3f_sz_10%176
                0x000000000000199c        0x8
 .rodata.char_0x3f_sz_10
                0x000000000000199c        0x8 build/default/debug/_ext/1360937237/font.o

.rodata.char_0x40_sz_10%177
                0x00000000000019a4        0x8
 .rodata.char_0x40_sz_10
                0x00000000000019a4        0x8 build/default/debug/_ext/1360937237/font.o

.rodata.char_0x41_sz_10%178
                0x00000000000019ac        0x8
 .rodata.char_0x41_sz_10
                0x00000000000019ac        0x8 build/default/debug/_ext/1360937237/font.o

.rodata.char_0x42_sz_10%179
                0x00000000000019b4        0x8
 .rodata.char_0x42_sz_10
                0x00000000000019b4        0x8 build/default/debug/_ext/1360937237/font.o

.rodata.char_0x43_sz_10%180
                0x00000000000019bc        0x8
 .rodata.char_0x43_sz_10
                0x00000000000019bc        0x8 build/default/debug/_ext/1360937237/font.o

.rodata.char_0x44_sz_10%181
                0x00000000000019c4        0x8
 .rodata.char_0x44_sz_10
                0x00000000000019c4        0x8 build/default/debug/_ext/1360937237/font.o

.rodata.char_0x45_sz_10%182
                0x00000000000019cc        0x8
 .rodata.char_0x45_sz_10
                0x00000000000019cc        0x8 build/default/debug/_ext/1360937237/font.o

.rodata.char_0x46_sz_10%183
                0x00000000000019d4        0x8
 .rodata.char_0x46_sz_10
                0x00000000000019d4        0x8 build/default/debug/_ext/1360937237/font.o

.rodata.char_0x47_sz_10%184
                0x00000000000019dc        0x8
 .rodata.char_0x47_sz_10
                0x00000000000019dc        0x8 build/default/debug/_ext/1360937237/font.o

.rodata.char_0x48_sz_10%185
                0x00000000000019e4        0x8
 .rodata.char_0x48_sz_10
                0x00000000000019e4        0x8 build/default/debug/_ext/1360937237/font.o

.rodata.char_0x49_sz_10%186
                0x00000000000019ec        0x8
 .rodata.char_0x49_sz_10
                0x00000000000019ec        0x8 build/default/debug/_ext/1360937237/font.o

.rodata.char_0x4a_sz_10%187
                0x00000000000019f4        0x8
 .rodata.char_0x4a_sz_10
                0x00000000000019f4        0x8 build/default/debug/_ext/1360937237/font.o

.rodata.char_0x4b_sz_10%188
                0x00000000000019fc        0x8
 .rodata.char_0x4b_sz_10
                0x00000000000019fc        0x8 build/default/debug/_ext/1360937237/font.o

.rodata.char_0x4c_sz_10%189
                0x0000000000001a04        0x8
 .rodata.char_0x4c_sz_10
                0x0000000000001a04        0x8 build/default/debug/_ext/1360937237/font.o

.rodata.char_0x4d_sz_10%190
                0x0000000000001a0c        0x8
 .rodata.char_0x4d_sz_10
                0x0000000000001a0c        0x8 build/default/debug/_ext/1360937237/font.o

.rodata.char_0x4e_sz_10%191
                0x0000000000001a14        0x8
 .rodata.char_0x4e_sz_10
                0x0000000000001a14        0x8 build/default/debug/_ext/1360937237/font.o

.rodata.char_0x4f_sz_10%192
                0x0000000000001a1c        0x8
 .rodata.char_0x4f_sz_10
                0x0000000000001a1c        0x8 build/default/debug/_ext/1360937237/font.o

.rodata.char_0x50_sz_10%193
                0x0000000000001a24        0x8
 .rodata.char_0x50_sz_10
                0x0000000000001a24        0x8 build/default/debug/_ext/1360937237/font.o

.rodata.char_0x51_sz_10%194
                0x0000000000001a2c        0x8
 .rodata.char_0x51_sz_10
                0x0000000000001a2c        0x8 build/default/debug/_ext/1360937237/font.o

.rodata.char_0x52_sz_10%195
                0x0000000000001a34        0x8
 .rodata.char_0x52_sz_10
                0x0000000000001a34        0x8 build/default/debug/_ext/1360937237/font.o

.rodata.char_0x53_sz_10%196
                0x0000000000001a3c        0x8
 .rodata.char_0x53_sz_10
                0x0000000000001a3c        0x8 build/default/debug/_ext/1360937237/font.o

.rodata.char_0x54_sz_10%197
                0x0000000000001a44        0x8
 .rodata.char_0x54_sz_10
                0x0000000000001a44        0x8 build/default/debug/_ext/1360937237/font.o

.rodata.char_0x55_sz_10%198
                0x0000000000001a4c        0x8
 .rodata.char_0x55_sz_10
                0x0000000000001a4c        0x8 build/default/debug/_ext/1360937237/font.o

.rodata.char_0x56_sz_10%199
                0x0000000000001a54        0x8
 .rodata.char_0x56_sz_10
                0x0000000000001a54        0x8 build/default/debug/_ext/1360937237/font.o

.rodata.char_0x57_sz_10%200
                0x0000000000001a5c        0x8
 .rodata.char_0x57_sz_10
                0x0000000000001a5c        0x8 build/default/debug/_ext/1360937237/font.o

.rodata.char_0x58_sz_10%201
                0x0000000000001a64        0x8
 .rodata.char_0x58_sz_10
                0x0000000000001a64        0x8 build/default/debug/_ext/1360937237/font.o

.rodata.char_0x59_sz_10%202
                0x0000000000001a6c        0x8
 .rodata.char_0x59_sz_10
                0x0000000000001a6c        0x8 build/default/debug/_ext/1360937237/font.o

.rodata.char_0x5a_sz_10%203
                0x0000000000001a74        0x8
 .rodata.char_0x5a_sz_10
                0x0000000000001a74        0x8 build/default/debug/_ext/1360937237/font.o

.rodata.char_0x5b_sz_10%204
                0x0000000000001a7c        0x8
 .rodata.char_0x5b_sz_10
                0x0000000000001a7c        0x8 build/default/debug/_ext/1360937237/font.o

.rodata.char_0x5c_sz_10%205
                0x0000000000001a84        0x8
 .rodata.char_0x5c_sz_10
                0x0000000000001a84        0x8 build/default/debug/_ext/1360937237/font.o

.rodata.char_0x5d_sz_10%206
                0x0000000000001a8c        0x8
 .rodata.char_0x5d_sz_10
                0x0000000000001a8c        0x8 build/default/debug/_ext/1360937237/font.o

.rodata.char_0x5e_sz_10%207
                0x0000000000001a94        0x8
 .rodata.char_0x5e_sz_10
                0x0000000000001a94        0x8 build/default/debug/_ext/1360937237/font.o

.rodata.char_0x5f_sz_10%208
                0x0000000000001a9c        0x8
 .rodata.char_0x5f_sz_10
                0x0000000000001a9c        0x8 build/default/debug/_ext/1360937237/font.o

.rodata.char_0x60_sz_10%209
                0x0000000000001aa4        0x8
 .rodata.char_0x60_sz_10
                0x0000000000001aa4        0x8 build/default/debug/_ext/1360937237/font.o

.rodata.char_0x61_sz_10%210
                0x0000000000001aac        0x8
 .rodata.char_0x61_sz_10
                0x0000000000001aac        0x8 build/default/debug/_ext/1360937237/font.o

.rodata.char_0x62_sz_10%211
                0x0000000000001ab4        0x8
 .rodata.char_0x62_sz_10
                0x0000000000001ab4        0x8 build/default/debug/_ext/1360937237/font.o

.rodata.char_0x63_sz_10%212
                0x0000000000001abc        0x8
 .rodata.char_0x63_sz_10
                0x0000000000001abc        0x8 build/default/debug/_ext/1360937237/font.o

.rodata.char_0x64_sz_10%213
                0x0000000000001ac4        0x8
 .rodata.char_0x64_sz_10
                0x0000000000001ac4        0x8 build/default/debug/_ext/1360937237/font.o

.rodata.char_0x65_sz_10%214
                0x0000000000001acc        0x8
 .rodata.char_0x65_sz_10
                0x0000000000001acc        0x8 build/default/debug/_ext/1360937237/font.o

.rodata.char_0x66_sz_10%215
                0x0000000000001ad4        0x8
 .rodata.char_0x66_sz_10
                0x0000000000001ad4        0x8 build/default/debug/_ext/1360937237/font.o

.rodata.char_0x67_sz_10%216
                0x0000000000001adc        0x8
 .rodata.char_0x67_sz_10
                0x0000000000001adc        0x8 build/default/debug/_ext/1360937237/font.o

.rodata.char_0x68_sz_10%217
                0x0000000000001ae4        0x8
 .rodata.char_0x68_sz_10
                0x0000000000001ae4        0x8 build/default/debug/_ext/1360937237/font.o

.rodata.char_0x69_sz_10%218
                0x0000000000001aec        0x8
 .rodata.char_0x69_sz_10
                0x0000000000001aec        0x8 build/default/debug/_ext/1360937237/font.o

.rodata.char_0x6a_sz_10%219
                0x0000000000001af4        0x8
 .rodata.char_0x6a_sz_10
                0x0000000000001af4        0x8 build/default/debug/_ext/1360937237/font.o

.rodata.char_0x6b_sz_10%220
                0x0000000000001afc        0x8
 .rodata.char_0x6b_sz_10
                0x0000000000001afc        0x8 build/default/debug/_ext/1360937237/font.o

.rodata.char_0x6c_sz_10%221
                0x0000000000001b04        0x8
 .rodata.char_0x6c_sz_10
                0x0000000000001b04        0x8 build/default/debug/_ext/1360937237/font.o

.rodata.char_0x6d_sz_10%222
                0x0000000000001b0c        0x8
 .rodata.char_0x6d_sz_10
                0x0000000000001b0c        0x8 build/default/debug/_ext/1360937237/font.o

.rodata.char_0x6e_sz_10%223
                0x0000000000001b14        0x8
 .rodata.char_0x6e_sz_10
                0x0000000000001b14        0x8 build/default/debug/_ext/1360937237/font.o

.rodata.char_0x6f_sz_10%224
                0x0000000000001b1c        0x8
 .rodata.char_0x6f_sz_10
                0x0000000000001b1c        0x8 build/default/debug/_ext/1360937237/font.o

.rodata.char_0x70_sz_10%225
                0x0000000000001b24        0x8
 .rodata.char_0x70_sz_10
                0x0000000000001b24        0x8 build/default/debug/_ext/1360937237/font.o

.rodata.char_0x71_sz_10%226
                0x0000000000001b2c        0x8
 .rodata.char_0x71_sz_10
                0x0000000000001b2c        0x8 build/default/debug/_ext/1360937237/font.o

.rodata.char_0x72_sz_10%227
                0x0000000000001b34        0x8
 .rodata.char_0x72_sz_10
                0x0000000000001b34        0x8 build/default/debug/_ext/1360937237/font.o

.rodata.char_0x73_sz_10%228
                0x0000000000001b3c        0x8
 .rodata.char_0x73_sz_10
                0x0000000000001b3c        0x8 build/default/debug/_ext/1360937237/font.o

.rodata.char_0x74_sz_10%229
                0x0000000000001b44        0x8
 .rodata.char_0x74_sz_10
                0x0000000000001b44        0x8 build/default/debug/_ext/1360937237/font.o

.rodata.char_0x75_sz_10%230
                0x0000000000001b4c        0x8
 .rodata.char_0x75_sz_10
                0x0000000000001b4c        0x8 build/default/debug/_ext/1360937237/font.o

.rodata.char_0x76_sz_10%231
                0x0000000000001b54        0x8
 .rodata.char_0x76_sz_10
                0x0000000000001b54        0x8 build/default/debug/_ext/1360937237/font.o

.rodata.char_0x77_sz_10%232
                0x0000000000001b5c        0x8
 .rodata.char_0x77_sz_10
                0x0000000000001b5c        0x8 build/default/debug/_ext/1360937237/font.o

.rodata.char_0x78_sz_10%233
                0x0000000000001b64        0x8
 .rodata.char_0x78_sz_10
                0x0000000000001b64        0x8 build/default/debug/_ext/1360937237/font.o

.rodata.char_0x79_sz_10%234
                0x0000000000001b6c        0x8
 .rodata.char_0x79_sz_10
                0x0000000000001b6c        0x8 build/default/debug/_ext/1360937237/font.o

.rodata.char_0x7a_sz_10%235
                0x0000000000001b74        0x8
 .rodata.char_0x7a_sz_10
                0x0000000000001b74        0x8 build/default/debug/_ext/1360937237/font.o

.rodata.char_0x7b_sz_10%236
                0x0000000000001b7c        0x8
 .rodata.char_0x7b_sz_10
                0x0000000000001b7c        0x8 build/default/debug/_ext/1360937237/font.o

.rodata.char_0x7c_sz_10%237
                0x0000000000001b84        0x8
 .rodata.char_0x7c_sz_10
                0x0000000000001b84        0x8 build/default/debug/_ext/1360937237/font.o

.rodata.char_0x7d_sz_10%238
                0x0000000000001b8c        0x8
 .rodata.char_0x7d_sz_10
                0x0000000000001b8c        0x8 build/default/debug/_ext/1360937237/font.o

.rodata.char_0x7e_sz_10%239
                0x0000000000001b94        0x8
 .rodata.char_0x7e_sz_10
                0x0000000000001b94        0x8 build/default/debug/_ext/1360937237/font.o

.text._Exit%240
                0x0000000000001b9c        0x6
 .text._Exit    0x0000000000001b9c        0x6 c:/program files/microchip/xc32/v4.60/bin/bin/../../lib/gcc/pic32c/8.3.1/../../../../pic32c/lib/thumb/v6-m/nofp\libg-musl.a(_Exit.o)
                0x0000000000001b9c                _Exit

.text.NonMaskableInt_Handler%241
                0x0000000000001ba2        0x4
 .text.NonMaskableInt_Handler
                0x0000000000001ba2        0x4 build/default/debug/_ext/1171490990/exceptions.o
                0x0000000000001ba2                NonMaskableInt_Handler

.text.HardFault_Handler%242
                0x0000000000001ba6        0x4
 .text.HardFault_Handler
                0x0000000000001ba6        0x4 build/default/debug/_ext/1171490990/exceptions.o
                0x0000000000001ba6                HardFault_Handler

.text._exit%243
                0x0000000000001baa        0x4
 .text._exit    0x0000000000001baa        0x4 build/default/debug/_ext/1171490990/libc_syscalls.o
                0x0000000000001baa                _exit

.text.__dummy_decompress%244
                0x0000000000001bae        0x4
 .text.__dummy_decompress
                0x0000000000001bae        0x4 c:/program files/microchip/xc32/v4.60/bin/bin/../../lib/gcc/pic32c/8.3.1/../../../../pic32c/lib/thumb/v6-m/nofp\libpic32c.a(data_init.o)
                0x0000000000001bae                __dinit_decompress
                0x0000000000001bae                __dinit_copy_val_data
                0x0000000000001bae                __dinit_copy_emb

.text.Dummy_App_Func%245
                0x00000000000011b2        0x2
 .text.Dummy_App_Func
                0x00000000000011b2        0x2 build/default/debug/_ext/1171490990/startup_xc32.o
                0x00000000000011b2                _on_reset
                0x00000000000011b2                _on_bootstrap
                0x00000000000011b2                __xc32_on_reset
                0x00000000000011b2                Dummy_App_Func
                0x00000000000011b2                __xc32_on_bootstrap

.text.Dummy_Handler%246
                0x00000000000012a2        0x2
 .text.Dummy_Handler
                0x00000000000012a2        0x2 build/default/debug/_ext/1171490990/interrupts.o
                0x00000000000012a2                SVCall_Handler
                0x00000000000012a2                DMAC_Handler
                0x00000000000012a2                AC_Handler
                0x00000000000012a2                SysTick_Handler
                0x00000000000012a2                PendSV_Handler
                0x00000000000012a2                TC7_Handler
                0x00000000000012a2                SERCOM1_Handler
                0x00000000000012a2                ADC_Handler
                0x00000000000012a2                TCC1_Handler
                0x00000000000012a2                SERCOM2_Handler
                0x00000000000012a2                RTC_Handler
                0x00000000000012a2                EIC_Handler
                0x00000000000012a2                TC6_Handler
                0x00000000000012a2                WDT_Handler
                0x00000000000012a2                TC4_Handler
                0x00000000000012a2                USB_Handler
                0x00000000000012a2                Dummy_Handler
                0x00000000000012a2                PM_Handler
                0x00000000000012a2                SERCOM5_Handler
                0x00000000000012a2                TCC2_Handler
                0x00000000000012a2                EVSYS_Handler
                0x00000000000012a2                SERCOM3_Handler
                0x00000000000012a2                SERCOM4_Handler
                0x00000000000012a2                I2S_Handler
                0x00000000000012a2                NVMCTRL_Handler
                0x00000000000012a2                DAC_Handler
                0x00000000000012a2                PTC_Handler
                0x00000000000012a2                TC5_Handler
                0x00000000000012a2                SYSCTRL_Handler

.text.__dummy_init_tls%247
                0x00000000000012de        0x2
 .text.__dummy_init_tls